Warning: The option '-H:+PlatformInterfaceCompatibilityMode' is experimental and must be enabled via '-H:+UnlockExperimentalVMOptions' in the future.
Warning: The option '-H:NumberOfThreads=4' is experimental and must be enabled via '-H:+UnlockExperimentalVMOptions' in the future.
Warning: Please re-evaluate whether any experimental option is required, and either remove or unlock it. The build output lists all active experimental options, including where they come from and possible alternatives. If you think an experimental option should be considered as stable, please file an issue.
Warning: Option 'PlatformInterfaceCompatibilityMode' is deprecated and might be removed in a future release: This option was introduced to simplify migration to GraalVM 21.2 and will be removed in a future release. Please refer to the GraalVM release notes.
========================================================================================================================
GraalVM Native Image: Generating 'avrora' (executable)...
========================================================================================================================
For detailed information and explanations on the build output, visit:
https://github.com/oracle/graal/blob/master/docs/reference-manual/native-image/BuildOutput.md
------------------------------------------------------------------------------------------------------------------------
enableInlineCachePhase = false
enableInvokeProfilingPhase = true
enablePGODirectInvokeInlining = false
combinedInlining = false
ProfileDataDumpFileName = null
useCompilerPGOData = false
profileCompiler = false
[Use -Djdk.graal.LogFile=<path> to redirect Graal log output to a file.]
Compiler PGO is disabled, compiler profiling is disabled
[1/8] Initializing...                                                                                    (1.8s @ 0.23GB)
 Java version: 24+36, vendor version: GraalVM CE 24-dev+36.1
 Graal compiler: optimization level: 3, target machine: x86-64-v3
 C compiler: gcc (linux, x86_64, 12.2.0)
 Garbage collector: Serial GC (max heap size: 80% of RAM)
 1 user-specific feature(s):
 - com.oracle.svm.thirdparty.gson.GsonFeature
------------------------------------------------------------------------------------------------------------------------
 2 experimental option(s) unlocked:
 - '-H:+PlatformInterfaceCompatibilityMode' (origin(s): command line)
 - '-H:NumberOfThreads' (alternative API option(s): --parallelism=4; origin(s): command line)
------------------------------------------------------------------------------------------------------------------------
Build resources:
 - 18.09GB of memory (29.9% of 60.42GB system memory, determined at start)
 - 4 thread(s) (25.0% of 16 available processor(s), set via '--parallelism=4')
Warning: The interface org.graalvm.nativeimage.hosted.Feature is not available in the current platform, but used by com.oracle.svm.core.feature.InternalFeature. GraalVM before version 21.2 ignored such interfaces, but this was an oversight. The interface is filtered because the compatibility option -H:+PlatformInterfaceCompatibilityMode is used. This option will be removed in a future GraalVM version.
[2/8] Performing analysis...  [****]                                                                     (5.3s @ 1.20GB)
    5,900 reachable types   (79.4% of    7,430 total)
    7,799 reachable fields  (48.8% of   15,987 total)
   26,382 reachable methods (52.1% of   50,644 total)
    1,790 types,    21 fields, and   406 methods registered for reflection
       58 types,    59 fields, and    52 methods registered for JNI access
        4 native libraries: dl, pthread, rt, z
[3/8] Building universe...                                                                               (0.9s @ 2.06GB)
[4/8] Parsing methods...      [*]                                                                        (0.5s @ 1.59GB)
[5/8] Inlining methods...     [***]                                                                      (0.6s @ 1.52GB)
Injecting invoke profiling phase
Injecting invoke profiling phase
[6/8] Compiling methods...    [***]                                                                      (5.2s @ 1.61GB)
[7/8] Laying out methods...   [*]                                                                        (1.0s @ 1.05GB)
[8/8] Creating image...       [**]                                                                       (2.4s @ 0.94GB)
  12.62MB (11.28%) for code area:    16,091 compilation units
  96.69MB (86.39%) for image heap:  325,537 objects and 61 resources
   2.62MB ( 2.34%) for other data
 111.92MB in total
------------------------------------------------------------------------------------------------------------------------
Top 10 origins of code area:                                Top 10 object types in image heap:
   8.02MB java.base                                           76.29MB jdk.graal.compiler.java.CallSiteProfile[]
   1.85MB avrora-cvs-20131011.jar                              6.44MB byte[] for java.lang.String
   1.45MB svm.jar (Native Image)                               3.82MB java.lang.String
 473.04kB dacapo-23.11-MR2-chopin.jar                          2.96MB byte[] for code metadata
 254.86kB jdk.zipfs                                            1.39MB java.lang.Class
 117.98kB java.logging                                       664.11kB byte[] for general heap data
  96.28kB org.graalvm.nativeimage.base                       507.03kB com.oracle.svm.core.hub.DynamicHubCompanion
  76.12kB jdk.charsets                                       377.93kB java.lang.Object[]
  61.46kB jdk.proxy2                                         361.85kB heap alignment
  43.19kB jdk.proxy1                                         322.64kB java.util.HashMap$Node
  88.65kB for 7 more packages                                  3.61MB for 1580 more object types
------------------------------------------------------------------------------------------------------------------------
Recommendations:
 HEAP: Set max heap for improved and more predictable memory usage.
 CPU:  Enable more CPU features with '-march=native' for improved performance.
Total skippable fingerprints recorded: 0
Total phases ran: 968429, total phases skipped: 0
Percentage of ICs missed due to large code size: 0/0 (NaN%)
------------------------------------------------------------------------------------------------------------------------
                        1.1s (6.0% of total time) in 31 GCs | Peak RSS: 3.12GB | CPU load: 7.19
------------------------------------------------------------------------------------------------------------------------
Build artifacts:
 /data/dacapobench/avrora (executable)
========================================================================================================================
Finished generating 'avrora' in 18.4s.
