Warning: The option '-H:+PlatformInterfaceCompatibilityMode' is experimental and must be enabled via '-H:+UnlockExperimentalVMOptions' in the future.
Warning: The option '-H:NumberOfThreads=4' is experimental and must be enabled via '-H:+UnlockExperimentalVMOptions' in the future.
Warning: Please re-evaluate whether any experimental option is required, and either remove or unlock it. The build output lists all active experimental options, including where they come from and possible alternatives. If you think an experimental option should be considered as stable, please file an issue.
Warning: Option 'PlatformInterfaceCompatibilityMode' is deprecated and might be removed in a future release: This option was introduced to simplify migration to GraalVM 21.2 and will be removed in a future release. Please refer to the GraalVM release notes.
========================================================================================================================
GraalVM Native Image: Generating 'avrora' (executable)...
========================================================================================================================
For detailed information and explanations on the build output, visit:
https://github.com/oracle/graal/blob/master/docs/reference-manual/native-image/BuildOutput.md
------------------------------------------------------------------------------------------------------------------------
enableInlineCachePhase = false
enableInvokeProfilingPhase = false
enablePGODirectInvokeInlining = false
combinedInlining = false
ProfileDataDumpFileName = null
useCompilerPGOData = false
profileCompiler = false
[Use -Djdk.graal.LogFile=<path> to redirect Graal log output to a file.]
Compiler PGO is disabled, compiler profiling is disabled
[1/8] Initializing...                                                                                    (1.7s @ 0.24GB)
 Java version: 24+36, vendor version: GraalVM CE 24-dev+36.1
 Graal compiler: optimization level: 3, target machine: x86-64-v3
 C compiler: gcc (linux, x86_64, 12.2.0)
 Garbage collector: Serial GC (max heap size: 80% of RAM)
 1 user-specific feature(s):
 - com.oracle.svm.thirdparty.gson.GsonFeature
------------------------------------------------------------------------------------------------------------------------
 2 experimental option(s) unlocked:
 - '-H:+PlatformInterfaceCompatibilityMode' (origin(s): command line)
 - '-H:NumberOfThreads' (alternative API option(s): --parallelism=4; origin(s): command line)
------------------------------------------------------------------------------------------------------------------------
Build resources:
 - 14.60GB of memory (24.2% of 60.42GB system memory, determined at start)
 - 4 thread(s) (25.0% of 16 available processor(s), set via '--parallelism=4')
Warning: The interface org.graalvm.nativeimage.hosted.Feature is not available in the current platform, but used by com.oracle.svm.core.feature.InternalFeature. GraalVM before version 21.2 ignored such interfaces, but this was an oversight. The interface is filtered because the compatibility option -H:+PlatformInterfaceCompatibilityMode is used. This option will be removed in a future GraalVM version.
[2/8] Performing analysis...  [****]                                                                     (4.4s @ 0.61GB)
    5,860 reachable types   (79.3% of    7,386 total)
    7,760 reachable fields  (48.7% of   15,933 total)
   26,286 reachable methods (52.1% of   50,406 total)
    1,783 types,    21 fields, and   405 methods registered for reflection
       58 types,    59 fields, and    52 methods registered for JNI access
        4 native libraries: dl, pthread, rt, z
[3/8] Building universe...                                                                               (1.0s @ 0.64GB)
[4/8] Parsing methods...      [*]                                                                        (0.5s @ 0.72GB)
[5/8] Inlining methods...     [***]                                                                      (0.5s @ 0.70GB)
[6/8] Compiling methods...    [**]                                                                       (4.7s @ 0.57GB)
[7/8] Laying out methods...   [*]                                                                        (0.9s @ 0.73GB)
[8/8] Creating image...       [*]                                                                        (1.2s @ 0.58GB)
  10.04MB (39.10%) for code area:    16,032 compilation units
  13.06MB (50.89%) for image heap:  176,175 objects and 61 resources
   2.57MB (10.01%) for other data
  25.67MB in total
------------------------------------------------------------------------------------------------------------------------
Top 10 origins of code area:                                Top 10 object types in image heap:
   6.35MB java.base                                            2.51MB byte[] for code metadata
   1.37MB avrora-cvs-20131011.jar                              2.11MB byte[] for java.lang.String
   1.31MB svm.jar (Native Image)                               1.54MB java.lang.String
 324.37kB dacapo-23.11-MR2-chopin.jar                          1.38MB java.lang.Class
 191.71kB jdk.zipfs                                          664.10kB byte[] for general heap data
 102.72kB java.logging                                       503.59kB com.oracle.svm.core.hub.DynamicHubCompanion
  73.58kB org.graalvm.nativeimage.base                       377.90kB java.lang.Object[]
  69.38kB jdk.charsets                                       322.36kB java.util.HashMap$Node
  53.55kB jdk.proxy2                                         312.45kB java.lang.String[]
  37.80kB jdk.proxy1                                         305.88kB byte[] for reflection metadata
  65.57kB for 7 more packages                                  3.09MB for 1567 more object types
------------------------------------------------------------------------------------------------------------------------
Recommendations:
 HEAP: Set max heap for improved and more predictable memory usage.
 CPU:  Enable more CPU features with '-march=native' for improved performance.
Total skippable fingerprints recorded: 0
Total phases ran: 948992, total phases skipped: 0
------------------------------------------------------------------------------------------------------------------------
                        0.9s (6.0% of total time) in 273 GCs | Peak RSS: 1.53GB | CPU load: 7.96
------------------------------------------------------------------------------------------------------------------------
Build artifacts:
 /data/dacapobench/avrora (executable)
========================================================================================================================
Finished generating 'avrora' in 15.4s.
