Warning: The option '-H:ProfileDataDumpFileName=/workspace/benchmarks/results/current/profiling-data/avrora-custom_open.json' is experimental and must be enabled via '-H:+UnlockExperimentalVMOptions' in the future.
Warning: The option '-H:+PlatformInterfaceCompatibilityMode' is experimental and must be enabled via '-H:+UnlockExperimentalVMOptions' in the future.
Warning: The option '-H:NumberOfThreads=4' is experimental and must be enabled via '-H:+UnlockExperimentalVMOptions' in the future.
Warning: Please re-evaluate whether any experimental option is required, and either remove or unlock it. The build output lists all active experimental options, including where they come from and possible alternatives. If you think an experimental option should be considered as stable, please file an issue.
Warning: Option 'PlatformInterfaceCompatibilityMode' is deprecated and might be removed in a future release: This option was introduced to simplify migration to GraalVM 21.2 and will be removed in a future release. Please refer to the GraalVM release notes.
========================================================================================================================
GraalVM Native Image: Generating 'avrora' (executable)...
========================================================================================================================
For detailed information and explanations on the build output, visit:
https://github.com/oracle/graal/blob/master/docs/reference-manual/native-image/BuildOutput.md
------------------------------------------------------------------------------------------------------------------------
enableInlineCachePhase = true
enableInvokeProfilingPhase = false
enablePGODirectInvokeInlining = true
combinedInlining = false
ProfileDataDumpFileName = /workspace/benchmarks/results/current/profiling-data/avrora-custom_open.json
useCompilerPGOData = false
profileCompiler = false
[Use -Djdk.graal.LogFile=<path> to redirect Graal log output to a file.]
Compiler PGO is disabled, compiler profiling is disabled
Loaded 2366 call sites profiles from file: /workspace/benchmarks/results/current/profiling-data/avrora-custom_open.json
Using top 946 call sites for PGO based inlining
Out of which 74 are indirect call sites and 872 are direct call sites
Representing 104135140 and 336740953 calls respectively (23.620046914179127% indirect)

[1/8] Initializing...                                                                                    (2.0s @ 0.20GB)
 Java version: 24+36, vendor version: GraalVM CE 24-dev+36.1
 Graal compiler: optimization level: 3, target machine: x86-64-v3
 C compiler: gcc (linux, x86_64, 12.2.0)
 Garbage collector: Serial GC (max heap size: 80% of RAM)
 1 user-specific feature(s):
 - com.oracle.svm.thirdparty.gson.GsonFeature
------------------------------------------------------------------------------------------------------------------------
 3 experimental option(s) unlocked:
 - '-H:+PlatformInterfaceCompatibilityMode' (origin(s): command line)
 - '-H:NumberOfThreads' (alternative API option(s): --parallelism=4; origin(s): command line)
 - '-H:ProfileDataDumpFileName' (origin(s): command line)
------------------------------------------------------------------------------------------------------------------------
Build resources:
 - 7.18GB of memory (11.9% of 60.42GB system memory, determined at start)
 - 4 thread(s) (25.0% of 16 available processor(s), set via '--parallelism=4')
Warning: The interface org.graalvm.nativeimage.hosted.Feature is not available in the current platform, but used by com.oracle.svm.core.feature.InternalFeature. GraalVM before version 21.2 ignored such interfaces, but this was an oversight. The interface is filtered because the compatibility option -H:+PlatformInterfaceCompatibilityMode is used. This option will be removed in a future GraalVM version.
[2/8] Performing analysis...  [****]                                                                     (7.4s @ 0.55GB)
    5,861 reachable types   (79.3% of    7,391 total)
    7,760 reachable fields  (48.7% of   15,933 total)
   26,317 reachable methods (52.2% of   50,439 total)
    1,814 types,    21 fields, and   442 methods registered for reflection
       58 types,    59 fields, and    52 methods registered for JNI access
        4 native libraries: dl, pthread, rt, z
[3/8] Building universe...                                                                               (0.9s @ 0.72GB)
[4/8] Parsing methods...      [*]                                                                        (0.6s @ 0.68GB)
[5/8] Inlining methods...     [**]                                                                       (1.3s @ 0.73GB)
[6/8] Compiling methods...    [**]                                                                       (4.7s @ 0.64GB)
[7/8] Laying out methods...   [*]                                                                        (1.0s @ 0.77GB)
[8/8] Creating image...       [*]                                                                        (1.3s @ 0.60GB)
   8.13MB (33.09%) for code area:    21,759 compilation units
  13.44MB (54.68%) for image heap:  176,510 objects and 61 resources
   3.01MB (12.24%) for other data
  24.58MB in total
------------------------------------------------------------------------------------------------------------------------
Top 10 origins of code area:                                Top 10 object types in image heap:
   4.80MB java.base                                            2.86MB byte[] for code metadata
   1.29MB avrora-cvs-20131011.jar                              2.11MB byte[] for java.lang.String
   1.20MB svm.jar (Native Image)                               1.54MB java.lang.String
 257.94kB dacapo-23.11-MR2-chopin.jar                          1.38MB java.lang.Class
 137.23kB jdk.zipfs                                          664.10kB byte[] for general heap data
  82.31kB java.logging                                       503.68kB com.oracle.svm.core.hub.DynamicHubCompanion
  69.33kB jdk.charsets                                       378.37kB java.lang.Object[]
  50.36kB org.graalvm.nativeimage.base                       322.92kB java.util.HashMap$Node
  35.16kB org.graalvm.collections                            312.98kB java.lang.String[]
  26.63kB jdk.proxy2                                         309.47kB byte[] for reflection metadata
  57.75kB for 7 more packages                                  3.11MB for 1607 more object types
------------------------------------------------------------------------------------------------------------------------
Recommendations:
 HEAP: Set max heap for improved and more predictable memory usage.
 CPU:  Enable more CPU features with '-march=native' for improved performance.
Total skippable fingerprints recorded: 0
Total phases ran: 1234402, total phases skipped: 0
Percentage of ICs missed due to large code size: 0/62 (0.00%)
------------------------------------------------------------------------------------------------------------------------
                        1.3s (6.5% of total time) in 324 GCs | Peak RSS: 1.55GB | CPU load: 6.86
------------------------------------------------------------------------------------------------------------------------
Build artifacts:
 /data/dacapobench/avrora (executable)
========================================================================================================================
Finished generating 'avrora' in 19.8s.
