Warning: The option '-H:+PlatformInterfaceCompatibilityMode' is experimental and must be enabled via '-H:+UnlockExperimentalVMOptions' in the future.
Warning: The option '-H:NumberOfThreads=4' is experimental and must be enabled via '-H:+UnlockExperimentalVMOptions' in the future.
Warning: Please re-evaluate whether any experimental option is required, and either remove or unlock it. The build output lists all active experimental options, including where they come from and possible alternatives. If you think an experimental option should be considered as stable, please file an issue.
Warning: Option 'PlatformInterfaceCompatibilityMode' is deprecated and might be removed in a future release: This option was introduced to simplify migration to GraalVM 21.2 and will be removed in a future release. Please refer to the GraalVM release notes.
========================================================================================================================
GraalVM Native Image: Generating 'avrora' (executable)...
========================================================================================================================
For detailed information and explanations on the build output, visit:
https://github.com/oracle/graal/blob/master/docs/reference-manual/native-image/BuildOutput.md
------------------------------------------------------------------------------------------------------------------------
enableInlineCachePhase = false
enableInvokeProfilingPhase = false
enablePGODirectInvokeInlining = false
combinedInlining = false
ProfileDataDumpFileName = null
useCompilerPGOData = false
profileCompiler = false
[Use -Djdk.graal.LogFile=<path> to redirect Graal log output to a file.]
Compiler PGO is disabled, compiler profiling is disabled
[1/8] Initializing...                                                                                    (2.4s @ 0.24GB)
 Java version: 24+36, vendor version: GraalVM CE 24-dev+36.1
 Graal compiler: optimization level: 0, target machine: x86-64-v3
 C compiler: gcc (linux, x86_64, 12.2.0)
 Garbage collector: Serial GC (max heap size: 80% of RAM)
 1 user-specific feature(s):
 - com.oracle.svm.thirdparty.gson.GsonFeature
------------------------------------------------------------------------------------------------------------------------
 2 experimental option(s) unlocked:
 - '-H:+PlatformInterfaceCompatibilityMode' (origin(s): command line)
 - '-H:NumberOfThreads' (alternative API option(s): --parallelism=4; origin(s): command line)
------------------------------------------------------------------------------------------------------------------------
Build resources:
 - 26.49GB of memory (43.8% of 60.42GB system memory, determined at start)
 - 4 thread(s) (25.0% of 16 available processor(s), set via '--parallelism=4')
Warning: The interface org.graalvm.nativeimage.hosted.Feature is not available in the current platform, but used by com.oracle.svm.core.feature.InternalFeature. GraalVM before version 21.2 ignored such interfaces, but this was an oversight. The interface is filtered because the compatibility option -H:+PlatformInterfaceCompatibilityMode is used. This option will be removed in a future GraalVM version.
[2/8] Performing analysis...  [****]                                                                     (6.4s @ 0.59GB)
    5,996 reachable types   (80.4% of    7,462 total)
    7,826 reachable fields  (48.7% of   16,084 total)
   26,603 reachable methods (51.9% of   51,261 total)
    1,803 types,    34 fields, and   419 methods registered for reflection
       58 types,    59 fields, and    52 methods registered for JNI access
        4 native libraries: dl, pthread, rt, z
[3/8] Building universe...                                                                               (1.2s @ 0.71GB)
[4/8] Parsing methods...      [*]                                                                        (0.7s @ 0.79GB)
[5/8] Inlining methods...     [**]                                                                       (0.4s @ 0.80GB)
[6/8] Compiling methods...    [***]                                                                      (5.3s @ 0.96GB)
[7/8] Laying out methods...   [*]                                                                        (1.1s @ 1.12GB)
[8/8] Creating image...       [*]                                                                        (1.3s @ 0.52GB)
   9.35MB (35.22%) for code area:    22,350 compilation units
  14.13MB (53.19%) for image heap:  179,595 objects and 61 resources
   3.08MB (11.59%) for other data
  26.56MB in total
------------------------------------------------------------------------------------------------------------------------
Top 10 origins of code area:                                Top 10 object types in image heap:
   5.81MB java.base                                            3.11MB byte[] for code metadata
   1.44MB svm.jar (Native Image)                               2.13MB byte[] for java.lang.String
   1.20MB avrora-cvs-20131011.jar                              1.56MB java.lang.String
 267.68kB dacapo-23.11-MR2-chopin.jar                          1.41MB java.lang.Class
 164.51kB jdk.zipfs                                          664.15kB byte[] for general heap data
  97.72kB java.logging                                       515.28kB com.oracle.svm.core.hub.DynamicHubCompanion
  69.70kB jdk.charsets                                       392.36kB java.lang.Object[]
  57.73kB org.graalvm.nativeimage.base                       360.88kB heap alignment
  31.56kB jdk.proxy2                                         324.61kB java.util.HashMap$Node
  24.05kB jdk.proxy1                                         316.02kB java.lang.String[]
  58.55kB for 7 more packages                                  3.40MB for 1634 more object types
------------------------------------------------------------------------------------------------------------------------
Recommendations:
 HEAP: Set max heap for improved and more predictable memory usage.
 CPU:  Enable more CPU features with '-march=native' for improved performance.
Total skippable fingerprints recorded: 0
Total phases ran: 1243236, total phases skipped: 0
------------------------------------------------------------------------------------------------------------------------
                        1.2s (6.1% of total time) in 314 GCs | Peak RSS: 1.95GB | CPU load: 6.74
------------------------------------------------------------------------------------------------------------------------
Build artifacts:
 /data/dacapobench/avrora (executable)
========================================================================================================================
Finished generating 'avrora' in 19.5s.
