Warning: The option '-H:ProfileDataDumpFileName=/workspace/benchmarks/results/current/profiling-data/avrora-custom_open.json' is experimental and must be enabled via '-H:+UnlockExperimentalVMOptions' in the future.
Warning: The option '-H:+PlatformInterfaceCompatibilityMode' is experimental and must be enabled via '-H:+UnlockExperimentalVMOptions' in the future.
Warning: The option '-H:NumberOfThreads=4' is experimental and must be enabled via '-H:+UnlockExperimentalVMOptions' in the future.
Warning: Please re-evaluate whether any experimental option is required, and either remove or unlock it. The build output lists all active experimental options, including where they come from and possible alternatives. If you think an experimental option should be considered as stable, please file an issue.
Warning: Option 'PlatformInterfaceCompatibilityMode' is deprecated and might be removed in a future release: This option was introduced to simplify migration to GraalVM 21.2 and will be removed in a future release. Please refer to the GraalVM release notes.
========================================================================================================================
GraalVM Native Image: Generating 'avrora' (executable)...
========================================================================================================================
For detailed information and explanations on the build output, visit:
https://github.com/oracle/graal/blob/master/docs/reference-manual/native-image/BuildOutput.md
------------------------------------------------------------------------------------------------------------------------
enableInlineCachePhase = true
enableInvokeProfilingPhase = false
enablePGODirectInvokeInlining = false
combinedInlining = false
ProfileDataDumpFileName = /workspace/benchmarks/results/current/profiling-data/avrora-custom_open.json
useCompilerPGOData = false
profileCompiler = false
[Use -Djdk.graal.LogFile=<path> to redirect Graal log output to a file.]
Compiler PGO is disabled, compiler profiling is disabled
Loaded 4468 call sites profiles from file: /workspace/benchmarks/results/current/profiling-data/avrora-custom_open.json
Using top 1787 call sites for PGO based inlining
Out of which 68 are indirect call sites and 1719 are direct call sites
Representing 97150771 and 935881410 calls respectively

[1/8] Initializing...                                                                                    (2.6s @ 0.30GB)
 Java version: 24+36, vendor version: GraalVM CE 24-dev+36.1
 Graal compiler: optimization level: 3, target machine: x86-64-v3
 C compiler: gcc (linux, x86_64, 12.2.0)
 Garbage collector: Serial GC (max heap size: 80% of RAM)
 1 user-specific feature(s):
 - com.oracle.svm.thirdparty.gson.GsonFeature
------------------------------------------------------------------------------------------------------------------------
 3 experimental option(s) unlocked:
 - '-H:+PlatformInterfaceCompatibilityMode' (origin(s): command line)
 - '-H:NumberOfThreads' (alternative API option(s): --parallelism=4; origin(s): command line)
 - '-H:ProfileDataDumpFileName' (origin(s): command line)
------------------------------------------------------------------------------------------------------------------------
Build resources:
 - 22.43GB of memory (37.1% of 60.42GB system memory, determined at start)
 - 4 thread(s) (25.0% of 16 available processor(s), set via '--parallelism=4')
Warning: The interface org.graalvm.nativeimage.hosted.Feature is not available in the current platform, but used by com.oracle.svm.core.feature.InternalFeature. GraalVM before version 21.2 ignored such interfaces, but this was an oversight. The interface is filtered because the compatibility option -H:+PlatformInterfaceCompatibilityMode is used. This option will be removed in a future GraalVM version.
[2/8] Performing analysis...  [****]                                                                     (7.8s @ 0.66GB)
    5,861 reachable types   (79.3% of    7,390 total)
    7,760 reachable fields  (48.7% of   15,933 total)
   26,284 reachable methods (52.2% of   50,359 total)
    1,784 types,    21 fields, and   405 methods registered for reflection
       58 types,    59 fields, and    52 methods registered for JNI access
        4 native libraries: dl, pthread, rt, z
[3/8] Building universe...                                                                               (1.0s @ 0.70GB)
[4/8] Parsing methods...      [*]                                                                        (0.6s @ 0.74GB)
[5/8] Inlining methods...     [***]                                                                      (1.9s @ 0.79GB)
[6/8] Compiling methods...    [***]                                                                      (6.0s @ 0.61GB)
[7/8] Laying out methods...   [*]                                                                        (1.0s @ 0.75GB)
[8/8] Creating image...       [*]                                                                        (1.4s @ 0.62GB)
   9.31MB (37.34%) for code area:    16,035 compilation units
  13.06MB (52.42%) for image heap:  176,191 objects and 61 resources
   2.55MB (10.24%) for other data
  24.92MB in total
------------------------------------------------------------------------------------------------------------------------
Top 10 origins of code area:                                Top 10 object types in image heap:
   5.78MB java.base                                            2.47MB byte[] for code metadata
   1.35MB avrora-cvs-20131011.jar                              2.11MB byte[] for java.lang.String
   1.23MB svm.jar (Native Image)                               1.54MB java.lang.String
 317.13kB dacapo-23.11-MR2-chopin.jar                          1.38MB java.lang.Class
 164.46kB jdk.zipfs                                          664.10kB byte[] for general heap data
  93.24kB java.logging                                       503.68kB com.oracle.svm.core.hub.DynamicHubCompanion
  69.38kB jdk.charsets                                       377.90kB java.lang.Object[]
  59.78kB org.graalvm.nativeimage.base                       322.59kB java.util.HashMap$Node
  53.55kB jdk.proxy2                                         312.45kB java.lang.String[]
  37.80kB jdk.proxy1                                         305.90kB byte[] for reflection metadata
  61.61kB for 7 more packages                                  3.13MB for 1567 more object types
------------------------------------------------------------------------------------------------------------------------
Recommendations:
 HEAP: Set max heap for improved and more predictable memory usage.
 CPU:  Enable more CPU features with '-march=native' for improved performance.
Total skippable fingerprints recorded: 0
Total phases ran: 949030, total phases skipped: 0
Percentage of ICs missed due to large code size: 5/60 (8.33%)
------------------------------------------------------------------------------------------------------------------------
                        1.6s (6.9% of total time) in 525 GCs | Peak RSS: 1.54GB | CPU load: 6.40
------------------------------------------------------------------------------------------------------------------------
Build artifacts:
 /data/dacapobench/avrora (executable)
========================================================================================================================
Finished generating 'avrora' in 23.0s.
