Warning: The option '-H:ProfileDataDumpFileName=/workspace/benchmarks/results/current/profiling-data/avrora-custom_open.json' is experimental and must be enabled via '-H:+UnlockExperimentalVMOptions' in the future.
Warning: The option '-H:+PlatformInterfaceCompatibilityMode' is experimental and must be enabled via '-H:+UnlockExperimentalVMOptions' in the future.
Warning: The option '-H:NumberOfThreads=4' is experimental and must be enabled via '-H:+UnlockExperimentalVMOptions' in the future.
Warning: Please re-evaluate whether any experimental option is required, and either remove or unlock it. The build output lists all active experimental options, including where they come from and possible alternatives. If you think an experimental option should be considered as stable, please file an issue.
Warning: Option 'PlatformInterfaceCompatibilityMode' is deprecated and might be removed in a future release: This option was introduced to simplify migration to GraalVM 21.2 and will be removed in a future release. Please refer to the GraalVM release notes.
========================================================================================================================
GraalVM Native Image: Generating 'avrora' (executable)...
========================================================================================================================
For detailed information and explanations on the build output, visit:
https://github.com/oracle/graal/blob/master/docs/reference-manual/native-image/BuildOutput.md
------------------------------------------------------------------------------------------------------------------------
enableInlineCachePhase = false
enableInvokeProfilingPhase = false
enablePGODirectInvokeInlining = true
combinedInlining = false
ProfileDataDumpFileName = /workspace/benchmarks/results/current/profiling-data/avrora-custom_open.json
useCompilerPGOData = false
profileCompiler = false
[Use -Djdk.graal.LogFile=<path> to redirect Graal log output to a file.]
Compiler PGO is disabled, compiler profiling is disabled
Loaded 4429 call sites profiles from file: /workspace/benchmarks/results/current/profiling-data/avrora-custom_open.json
Using top 1772 call sites for PGO based inlining
Out of which 68 are indirect call sites and 1704 are direct call sites (3.837471783295711% indirect)
Representing 105108078 and 974759454 calls respectively (9.733423302887118% indirect)
Total calls represented: 1079867532

[1/8] Initializing...                                                                                    (1.7s @ 0.25GB)
 Java version: 24+36, vendor version: GraalVM CE 24-dev+36.1
 Graal compiler: optimization level: b, target machine: x86-64-v3
 C compiler: gcc (linux, x86_64, 12.2.0)
 Garbage collector: Serial GC (max heap size: 80% of RAM)
 1 user-specific feature(s):
 - com.oracle.svm.thirdparty.gson.GsonFeature
------------------------------------------------------------------------------------------------------------------------
 3 experimental option(s) unlocked:
 - '-H:+PlatformInterfaceCompatibilityMode' (origin(s): command line)
 - '-H:NumberOfThreads' (alternative API option(s): --parallelism=4; origin(s): command line)
 - '-H:ProfileDataDumpFileName' (origin(s): command line)
------------------------------------------------------------------------------------------------------------------------
Build resources:
 - 10.47GB of memory (17.3% of 60.42GB system memory, determined at start)
 - 4 thread(s) (25.0% of 16 available processor(s), set via '--parallelism=4')
Warning: The interface org.graalvm.nativeimage.hosted.Feature is not available in the current platform, but used by com.oracle.svm.core.feature.InternalFeature. GraalVM before version 21.2 ignored such interfaces, but this was an oversight. The interface is filtered because the compatibility option -H:+PlatformInterfaceCompatibilityMode is used. This option will be removed in a future GraalVM version.
[2/8] Performing analysis...  [*****]                                                                    (4.7s @ 0.60GB)
    5,861 reachable types   (79.3% of    7,388 total)
    7,760 reachable fields  (48.7% of   15,933 total)
   26,289 reachable methods (52.2% of   50,325 total)
    1,785 types,    21 fields, and   406 methods registered for reflection
       58 types,    59 fields, and    52 methods registered for JNI access
        4 native libraries: dl, pthread, rt, z
[3/8] Building universe...                                                                               (0.8s @ 0.67GB)
[4/8] Parsing methods...      [*]                                                                        (0.5s @ 0.69GB)
[5/8] Inlining methods...     [**]                                                                       (1.2s @ 0.65GB)
[6/8] Compiling methods...    [**]                                                                       (2.7s @ 0.62GB)
[7/8] Laying out methods...   [*]                                                                        (1.1s @ 0.84GB)
[8/8] Creating image...       [*]                                                                        (1.1s @ 0.93GB)
   9.38MB (35.14%) for code area:    21,589 compilation units
  14.31MB (53.63%) for image heap:  176,311 objects and 61 resources
   3.00MB (11.23%) for other data
  26.69MB in total
------------------------------------------------------------------------------------------------------------------------
Top 10 origins of code area:                                Top 10 object types in image heap:
   5.37MB java.base                                            3.40MB byte[] for code metadata
   1.87MB avrora-cvs-20131011.jar                              2.11MB byte[] for java.lang.String
   1.28MB svm.jar (Native Image)                               1.54MB java.lang.String
 253.13kB dacapo-23.11-MR2-chopin.jar                          1.38MB java.lang.Class
 150.81kB jdk.zipfs                                          664.15kB byte[] for general heap data
  88.70kB java.logging                                       503.68kB com.oracle.svm.core.hub.DynamicHubCompanion
  74.28kB jdk.charsets                                       452.66kB heap alignment
  43.83kB org.graalvm.nativeimage.base                       377.91kB java.lang.Object[]
  30.13kB jdk.proxy2                                         322.59kB java.util.HashMap$Node
  23.51kB org.graalvm.collections                            312.76kB java.lang.String[]
  63.74kB for 7 more packages                                  3.31MB for 1610 more object types
------------------------------------------------------------------------------------------------------------------------
Recommendations:
 HEAP: Set max heap for improved and more predictable memory usage.
 CPU:  Enable more CPU features with '-march=native' for improved performance.
Total skippable fingerprints recorded: 0
Total phases ran: 613041, total phases skipped: 0
------------------------------------------------------------------------------------------------------------------------
                        0.7s (5.0% of total time) in 186 GCs | Peak RSS: 1.61GB | CPU load: 7.33
------------------------------------------------------------------------------------------------------------------------
Build artifacts:
 /data/dacapobench/avrora (executable)
========================================================================================================================
Finished generating 'avrora' in 14.3s.
