Warning: The option '-H:ProfileDataDumpFileName=/workspace/benchmarks/results/current/profiling-data/avrora-custom_open.json' is experimental and must be enabled via '-H:+UnlockExperimentalVMOptions' in the future.
Warning: The option '-H:+PlatformInterfaceCompatibilityMode' is experimental and must be enabled via '-H:+UnlockExperimentalVMOptions' in the future.
Warning: The option '-H:NumberOfThreads=4' is experimental and must be enabled via '-H:+UnlockExperimentalVMOptions' in the future.
Warning: Please re-evaluate whether any experimental option is required, and either remove or unlock it. The build output lists all active experimental options, including where they come from and possible alternatives. If you think an experimental option should be considered as stable, please file an issue.
Warning: Option 'PlatformInterfaceCompatibilityMode' is deprecated and might be removed in a future release: This option was introduced to simplify migration to GraalVM 21.2 and will be removed in a future release. Please refer to the GraalVM release notes.
========================================================================================================================
GraalVM Native Image: Generating 'avrora' (executable)...
========================================================================================================================
For detailed information and explanations on the build output, visit:
https://github.com/oracle/graal/blob/master/docs/reference-manual/native-image/BuildOutput.md
------------------------------------------------------------------------------------------------------------------------
enableInlineCachePhase = true
enableInvokeProfilingPhase = false
enablePGODirectInvokeInlining = false
combinedInlining = false
ProfileDataDumpFileName = /workspace/benchmarks/results/current/profiling-data/avrora-custom_open.json
useCompilerPGOData = false
profileCompiler = false
[Use -Djdk.graal.LogFile=<path> to redirect Graal log output to a file.]
Compiler PGO is disabled, compiler profiling is disabled
Loaded 4429 call sites profiles from file: /workspace/benchmarks/results/current/profiling-data/avrora-custom_open.json
Using top 1772 call sites for PGO based inlining
Out of which 68 are indirect call sites and 1704 are direct call sites (3.837471783295711% indirect)
Representing 105108078 and 974759454 calls respectively (9.733423302887118% indirect)
Total calls represented: 1079867532

[1/8] Initializing...                                                                                    (1.9s @ 0.29GB)
 Java version: 24+36, vendor version: GraalVM CE 24-dev+36.1
 Graal compiler: optimization level: 3, target machine: x86-64-v3
 C compiler: gcc (linux, x86_64, 12.2.0)
 Garbage collector: Serial GC (max heap size: 80% of RAM)
 1 user-specific feature(s):
 - com.oracle.svm.thirdparty.gson.GsonFeature
------------------------------------------------------------------------------------------------------------------------
 3 experimental option(s) unlocked:
 - '-H:+PlatformInterfaceCompatibilityMode' (origin(s): command line)
 - '-H:NumberOfThreads' (alternative API option(s): --parallelism=4; origin(s): command line)
 - '-H:ProfileDataDumpFileName' (origin(s): command line)
------------------------------------------------------------------------------------------------------------------------
Build resources:
 - 9.75GB of memory (16.1% of 60.42GB system memory, determined at start)
 - 4 thread(s) (25.0% of 16 available processor(s), set via '--parallelism=4')
Warning: The interface org.graalvm.nativeimage.hosted.Feature is not available in the current platform, but used by com.oracle.svm.core.feature.InternalFeature. GraalVM before version 21.2 ignored such interfaces, but this was an oversight. The interface is filtered because the compatibility option -H:+PlatformInterfaceCompatibilityMode is used. This option will be removed in a future GraalVM version.
[2/8] Performing analysis...  [*****]                                                                    (6.0s @ 0.65GB)
    5,861 reachable types   (79.3% of    7,391 total)
    7,760 reachable fields  (48.7% of   15,933 total)
   26,313 reachable methods (52.2% of   50,440 total)
    1,813 types,    21 fields, and   440 methods registered for reflection
       58 types,    59 fields, and    52 methods registered for JNI access
        4 native libraries: dl, pthread, rt, z
[3/8] Building universe...                                                                               (0.8s @ 0.75GB)
[4/8] Parsing methods...      [*]                                                                        (0.5s @ 0.79GB)
[5/8] Inlining methods...     [***]                                                                      (1.7s @ 0.87GB)
[6/8] Compiling methods...    [**]                                                                       (4.6s @ 0.61GB)
[7/8] Laying out methods...   [*]                                                                        (1.0s @ 0.63GB)
[8/8] Creating image...       [*]                                                                        (1.0s @ 0.76GB)
  10.06MB (39.20%) for code area:    16,057 compilation units
  13.06MB (50.88%) for image heap:  176,399 objects and 61 resources
   2.55MB ( 9.92%) for other data
  25.67MB in total
------------------------------------------------------------------------------------------------------------------------
Top 10 origins of code area:                                Top 10 object types in image heap:
   6.35MB java.base                                            2.52MB byte[] for code metadata
   1.39MB avrora-cvs-20131011.jar                              2.11MB byte[] for java.lang.String
   1.31MB svm.jar (Native Image)                               1.54MB java.lang.String
 324.40kB dacapo-23.11-MR2-chopin.jar                          1.38MB java.lang.Class
 191.71kB jdk.zipfs                                          664.10kB byte[] for general heap data
 102.72kB java.logging                                       503.68kB com.oracle.svm.core.hub.DynamicHubCompanion
  73.58kB org.graalvm.nativeimage.base                       378.34kB java.lang.Object[]
  69.38kB jdk.charsets                                       322.64kB java.util.HashMap$Node
  53.55kB jdk.proxy2                                         312.70kB java.lang.String[]
  37.80kB jdk.proxy1                                         309.48kB byte[] for reflection metadata
  65.96kB for 7 more packages                                  3.08MB for 1567 more object types
------------------------------------------------------------------------------------------------------------------------
Recommendations:
 HEAP: Set max heap for improved and more predictable memory usage.
 CPU:  Enable more CPU features with '-march=native' for improved performance.
Total skippable fingerprints recorded: 0
Total phases ran: 950359, total phases skipped: 0
------------------------------------------------------------------------------------------------------------------------
                        1.1s (6.0% of total time) in 824 GCs | Peak RSS: 1.54GB | CPU load: 7.32
------------------------------------------------------------------------------------------------------------------------
Build artifacts:
 /data/dacapobench/avrora (executable)
========================================================================================================================
Finished generating 'avrora' in 18.0s.
