Warning: The option '-H:ProfileDataDumpFileName=/workspace/benchmarks/results/current/profiling-data/avrora-custom_open.json' is experimental and must be enabled via '-H:+UnlockExperimentalVMOptions' in the future.
Warning: The option '-H:+PlatformInterfaceCompatibilityMode' is experimental and must be enabled via '-H:+UnlockExperimentalVMOptions' in the future.
Warning: The option '-H:NumberOfThreads=4' is experimental and must be enabled via '-H:+UnlockExperimentalVMOptions' in the future.
Warning: Please re-evaluate whether any experimental option is required, and either remove or unlock it. The build output lists all active experimental options, including where they come from and possible alternatives. If you think an experimental option should be considered as stable, please file an issue.
Warning: Option 'PlatformInterfaceCompatibilityMode' is deprecated and might be removed in a future release: This option was introduced to simplify migration to GraalVM 21.2 and will be removed in a future release. Please refer to the GraalVM release notes.
========================================================================================================================
GraalVM Native Image: Generating 'avrora' (executable)...
========================================================================================================================
For detailed information and explanations on the build output, visit:
https://github.com/oracle/graal/blob/master/docs/reference-manual/native-image/BuildOutput.md
------------------------------------------------------------------------------------------------------------------------
enableInlineCachePhase = true
enableInvokeProfilingPhase = false
enablePGODirectInvokeInlining = true
combinedInlining = false
ProfileDataDumpFileName = /workspace/benchmarks/results/current/profiling-data/avrora-custom_open.json
useCompilerPGOData = false
profileCompiler = false
[Use -Djdk.graal.LogFile=<path> to redirect Graal log output to a file.]
Compiler PGO is disabled, compiler profiling is disabled
Loaded 4468 call sites profiles from file: /workspace/benchmarks/results/current/profiling-data/avrora-custom_open.json
Using top 1787 call sites for PGO based inlining
Out of which 68 are indirect call sites and 1719 are direct call sites
Representing 97150771 and 935881410 calls respectively

[1/8] Initializing...                                                                                    (2.7s @ 0.30GB)
 Java version: 24+36, vendor version: GraalVM CE 24-dev+36.1
 Graal compiler: optimization level: 3, target machine: x86-64-v3
 C compiler: gcc (linux, x86_64, 12.2.0)
 Garbage collector: Serial GC (max heap size: 80% of RAM)
 1 user-specific feature(s):
 - com.oracle.svm.thirdparty.gson.GsonFeature
------------------------------------------------------------------------------------------------------------------------
 3 experimental option(s) unlocked:
 - '-H:+PlatformInterfaceCompatibilityMode' (origin(s): command line)
 - '-H:NumberOfThreads' (alternative API option(s): --parallelism=4; origin(s): command line)
 - '-H:ProfileDataDumpFileName' (origin(s): command line)
------------------------------------------------------------------------------------------------------------------------
Build resources:
 - 20.45GB of memory (33.9% of 60.42GB system memory, determined at start)
 - 4 thread(s) (25.0% of 16 available processor(s), set via '--parallelism=4')
Warning: The interface org.graalvm.nativeimage.hosted.Feature is not available in the current platform, but used by com.oracle.svm.core.feature.InternalFeature. GraalVM before version 21.2 ignored such interfaces, but this was an oversight. The interface is filtered because the compatibility option -H:+PlatformInterfaceCompatibilityMode is used. This option will be removed in a future GraalVM version.
[2/8] Performing analysis...  [****]                                                                     (7.7s @ 0.64GB)
    5,861 reachable types   (79.3% of    7,390 total)
    7,760 reachable fields  (48.7% of   15,933 total)
   26,284 reachable methods (52.2% of   50,343 total)
    1,784 types,    21 fields, and   405 methods registered for reflection
       58 types,    59 fields, and    52 methods registered for JNI access
        4 native libraries: dl, pthread, rt, z
[3/8] Building universe...                                                                               (1.1s @ 0.67GB)
[4/8] Parsing methods...      [*]                                                                        (0.7s @ 0.75GB)
[5/8] Inlining methods...     [**]                                                                       (2.8s @ 0.75GB)
[6/8] Compiling methods...    [***]                                                                      (6.0s @ 0.78GB)
[7/8] Laying out methods...   [*]                                                                        (1.2s @ 0.93GB)
[8/8] Creating image...       [*]                                                                        (1.3s @ 0.66GB)
   8.95MB (34.44%) for code area:    21,564 compilation units
  14.06MB (54.09%) for image heap:  176,290 objects and 61 resources
   2.98MB (11.48%) for other data
  26.00MB in total
------------------------------------------------------------------------------------------------------------------------
Top 10 origins of code area:                                Top 10 object types in image heap:
   4.81MB java.base                                            3.06MB byte[] for code metadata
   2.12MB avrora-cvs-20131011.jar                              2.11MB byte[] for java.lang.String
   1.18MB svm.jar (Native Image)                               1.54MB java.lang.String
 254.55kB dacapo-23.11-MR2-chopin.jar                          1.38MB java.lang.Class
 137.23kB jdk.zipfs                                          664.15kB byte[] for general heap data
  82.31kB java.logging                                       547.38kB heap alignment
  69.33kB jdk.charsets                                       503.68kB com.oracle.svm.core.hub.DynamicHubCompanion
  50.36kB org.graalvm.nativeimage.base                       377.90kB java.lang.Object[]
  34.29kB org.graalvm.collections                            322.59kB java.util.HashMap$Node
  26.63kB jdk.proxy2                                         312.70kB java.lang.String[]
  60.67kB for 7 more packages                                  3.31MB for 1606 more object types
------------------------------------------------------------------------------------------------------------------------
Recommendations:
 HEAP: Set max heap for improved and more predictable memory usage.
 CPU:  Enable more CPU features with '-march=native' for improved performance.
Total skippable fingerprints recorded: 0
Total phases ran: 1225650, total phases skipped: 0
Percentage of ICs missed due to large code size: 5/60 (8.33%)
------------------------------------------------------------------------------------------------------------------------
                        1.7s (6.8% of total time) in 511 GCs | Peak RSS: 1.68GB | CPU load: 6.24
------------------------------------------------------------------------------------------------------------------------
Build artifacts:
 /data/dacapobench/avrora (executable)
========================================================================================================================
Finished generating 'avrora' in 24.3s.
