Warning: The option '-H:+PlatformInterfaceCompatibilityMode' is experimental and must be enabled via '-H:+UnlockExperimentalVMOptions' in the future.
Warning: The option '-H:ProfileDataDumpFileName=/workspace/benchmarks/results/current/profiling-data/batik-custom_open.json' is experimental and must be enabled via '-H:+UnlockExperimentalVMOptions' in the future.
Warning: The option '-H:NumberOfThreads=4' is experimental and must be enabled via '-H:+UnlockExperimentalVMOptions' in the future.
Warning: Please re-evaluate whether any experimental option is required, and either remove or unlock it. The build output lists all active experimental options, including where they come from and possible alternatives. If you think an experimental option should be considered as stable, please file an issue.
Warning: Option 'PlatformInterfaceCompatibilityMode' is deprecated and might be removed in a future release: This option was introduced to simplify migration to GraalVM 21.2 and will be removed in a future release. Please refer to the GraalVM release notes.
========================================================================================================================
GraalVM Native Image: Generating 'batik' (executable)...
========================================================================================================================
For detailed information and explanations on the build output, visit:
https://github.com/oracle/graal/blob/master/docs/reference-manual/native-image/BuildOutput.md
------------------------------------------------------------------------------------------------------------------------
enableInlineCachePhase = true
enableInvokeProfilingPhase = false
enablePGODirectInvokeInlining = false
combinedInlining = false
ProfileDataDumpFileName = /workspace/benchmarks/results/current/profiling-data/batik-custom_open.json
useCompilerPGOData = false
profileCompiler = false
[Use -Djdk.graal.LogFile=<path> to redirect Graal log output to a file.]
Compiler PGO is disabled, compiler profiling is disabled
Loaded 7932 call sites profiles from file: /workspace/benchmarks/results/current/profiling-data/batik-custom_open.json
Using top 3173 call sites for PGO based inlining
Out of which 601 are indirect call sites and 2572 are direct call sites
Representing 37371566 and 128392784 calls respectively

[1/8] Initializing...                                                                                    (2.8s @ 0.30GB)
 Java version: 24+36, vendor version: GraalVM CE 24-dev+36.1
 Graal compiler: optimization level: 3, target machine: x86-64-v3
 C compiler: gcc (linux, x86_64, 12.2.0)
 Garbage collector: Serial GC (max heap size: 80% of RAM)
 1 user-specific feature(s):
 - com.oracle.svm.thirdparty.gson.GsonFeature
------------------------------------------------------------------------------------------------------------------------
 3 experimental option(s) unlocked:
 - '-H:+PlatformInterfaceCompatibilityMode' (origin(s): command line)
 - '-H:NumberOfThreads' (alternative API option(s): --parallelism=4; origin(s): command line)
 - '-H:ProfileDataDumpFileName' (origin(s): command line)
------------------------------------------------------------------------------------------------------------------------
Build resources:
 - 26.49GB of memory (43.8% of 60.42GB system memory, determined at start)
 - 4 thread(s) (25.0% of 16 available processor(s), set via '--parallelism=4')
Warning: The interface org.graalvm.nativeimage.hosted.Feature is not available in the current platform, but used by com.oracle.svm.core.feature.InternalFeature. GraalVM before version 21.2 ignored such interfaces, but this was an oversight. The interface is filtered because the compatibility option -H:+PlatformInterfaceCompatibilityMode is used. This option will be removed in a future GraalVM version.
[2/8] Performing analysis...  [*****]                                                                   (18.7s @ 1.36GB)
    9,391 reachable types   (82.3% of   11,414 total)
   16,441 reachable fields  (54.4% of   30,209 total)
   47,915 reachable methods (55.9% of   85,693 total)
    3,048 types,    24 fields, and   501 methods registered for reflection
      153 types,   168 fields, and    81 methods registered for JNI access
        4 native libraries: dl, pthread, rt, z
[3/8] Building universe...                                                                               (1.7s @ 1.45GB)
[4/8] Parsing methods...      [*]                                                                        (1.0s @ 1.57GB)
[5/8] Inlining methods...     [***]                                                                      (1.2s @ 1.70GB)
[6/8] Compiling methods...    [***]                                                                     (10.0s @ 1.11GB)
[7/8] Laying out methods...   [*]                                                                        (1.9s @ 1.40GB)
[8/8] Creating image...       [*]                                                                        (1.9s @ 1.56GB)
  20.67MB (44.15%) for code area:    30,573 compilation units
  21.56MB (46.04%) for image heap:  259,343 objects and 80 resources
   4.59MB ( 9.81%) for other data
  46.83MB in total
------------------------------------------------------------------------------------------------------------------------
Top 10 origins of code area:                                Top 10 object types in image heap:
   6.62MB java.base                                            5.27MB byte[] for code metadata
   4.96MB java.desktop                                         3.25MB byte[] for java.lang.String
   3.70MB batik-all-1.16.jar                                   2.42MB java.lang.String
   2.89MB java.xml                                             2.41MB java.lang.Class
   1.39MB svm.jar (Native Image)                             885.17kB byte[] for general heap data
 316.01kB dacapo-23.11-MR2-chopin.jar                        807.04kB com.oracle.svm.core.hub.DynamicHubCompanion
 165.24kB jdk.zipfs                                          526.02kB byte[] for reflection metadata
  95.99kB java.logging                                       513.88kB int[][]
  69.38kB jdk.charsets                                       490.84kB java.lang.String[]
  60.57kB org.graalvm.nativeimage.base                       461.14kB java.lang.Object[]
 217.81kB for 11 more packages                                 4.61MB for 1640 more object types
------------------------------------------------------------------------------------------------------------------------
Recommendations:
 HEAP: Set max heap for improved and more predictable memory usage.
 CPU:  Enable more CPU features with '-march=native' for improved performance.
Total skippable fingerprints recorded: 0
Total phases ran: 1811120, total phases skipped: 0
------------------------------------------------------------------------------------------------------------------------
                       3.1s (7.7% of total time) in 1889 GCs | Peak RSS: 2.48GB | CPU load: 5.43
------------------------------------------------------------------------------------------------------------------------
Build artifacts:
 /data/dacapobench/batik (executable)
 /data/dacapobench/libawt.so (jdk_library)
 /data/dacapobench/libawt_headless.so (jdk_library)
 /data/dacapobench/libawt_xawt.so (jdk_library)
 /data/dacapobench/libfontmanager.so (jdk_library)
 /data/dacapobench/libjava.so (jdk_library_shim)
 /data/dacapobench/libjavajpeg.so (jdk_library)
 /data/dacapobench/libjvm.so (jdk_library_shim)
 /data/dacapobench/liblcms.so (jdk_library)
 /data/dacapobench/libmlib_image.so (jdk_library)
========================================================================================================================
Finished generating 'batik' in 40.0s.
