Warning: The option '-H:+PlatformInterfaceCompatibilityMode' is experimental and must be enabled via '-H:+UnlockExperimentalVMOptions' in the future.
Warning: The option '-H:ProfileDataDumpFileName=/workspace/benchmarks/results/current/profiling-data/batik-custom_open.json' is experimental and must be enabled via '-H:+UnlockExperimentalVMOptions' in the future.
Warning: The option '-H:NumberOfThreads=4' is experimental and must be enabled via '-H:+UnlockExperimentalVMOptions' in the future.
Warning: Please re-evaluate whether any experimental option is required, and either remove or unlock it. The build output lists all active experimental options, including where they come from and possible alternatives. If you think an experimental option should be considered as stable, please file an issue.
Warning: Option 'PlatformInterfaceCompatibilityMode' is deprecated and might be removed in a future release: This option was introduced to simplify migration to GraalVM 21.2 and will be removed in a future release. Please refer to the GraalVM release notes.
========================================================================================================================
GraalVM Native Image: Generating 'batik' (executable)...
========================================================================================================================
For detailed information and explanations on the build output, visit:
https://github.com/oracle/graal/blob/master/docs/reference-manual/native-image/BuildOutput.md
------------------------------------------------------------------------------------------------------------------------
enableInlineCachePhase = true
enableInvokeProfilingPhase = false
enablePGODirectInvokeInlining = true
combinedInlining = false
ProfileDataDumpFileName = /workspace/benchmarks/results/current/profiling-data/batik-custom_open.json
useCompilerPGOData = false
profileCompiler = false
[Use -Djdk.graal.LogFile=<path> to redirect Graal log output to a file.]
Compiler PGO is disabled, compiler profiling is disabled
Loaded 5049 call sites profiles from file: /workspace/benchmarks/results/current/profiling-data/batik-custom_open.json
Using top 2020 call sites for PGO based inlining
Out of which 594 are indirect call sites and 1426 are direct call sites
Representing 36762216 and 66839838 calls respectively (35.484060962729565% indirect)

[1/8] Initializing...                                                                                    (2.4s @ 0.29GB)
 Java version: 24+36, vendor version: GraalVM CE 24-dev+36.1
 Graal compiler: optimization level: 3, target machine: x86-64-v3
 C compiler: gcc (linux, x86_64, 12.2.0)
 Garbage collector: Serial GC (max heap size: 80% of RAM)
 1 user-specific feature(s):
 - com.oracle.svm.thirdparty.gson.GsonFeature
------------------------------------------------------------------------------------------------------------------------
 3 experimental option(s) unlocked:
 - '-H:+PlatformInterfaceCompatibilityMode' (origin(s): command line)
 - '-H:NumberOfThreads' (alternative API option(s): --parallelism=4; origin(s): command line)
 - '-H:ProfileDataDumpFileName' (origin(s): command line)
------------------------------------------------------------------------------------------------------------------------
Build resources:
 - 26.49GB of memory (43.8% of 60.42GB system memory, determined at start)
 - 4 thread(s) (25.0% of 16 available processor(s), set via '--parallelism=4')
Warning: The interface org.graalvm.nativeimage.hosted.Feature is not available in the current platform, but used by com.oracle.svm.core.feature.InternalFeature. GraalVM before version 21.2 ignored such interfaces, but this was an oversight. The interface is filtered because the compatibility option -H:+PlatformInterfaceCompatibilityMode is used. This option will be removed in a future GraalVM version.
[2/8] Performing analysis...  [****]                                                                    (12.9s @ 1.37GB)
    9,391 reachable types   (82.3% of   11,410 total)
   16,445 reachable fields  (54.4% of   30,209 total)
   48,006 reachable methods (56.0% of   85,696 total)
    3,156 types,    24 fields, and   621 methods registered for reflection
      153 types,   168 fields, and    81 methods registered for JNI access
        4 native libraries: dl, pthread, rt, z
[3/8] Building universe...                                                                               (1.6s @ 1.50GB)
[4/8] Parsing methods...      [*]                                                                        (0.9s @ 1.61GB)
[5/8] Inlining methods...     [**]                                                                       (6.3s @ 1.68GB)
[6/8] Compiling methods...    [***]                                                                      (9.0s @ 1.29GB)
[7/8] Laying out methods...   [**]                                                                       (2.0s @ 1.69GB)
[8/8] Creating image...       [*]                                                                        (1.7s @ 1.90GB)
  20.10MB (41.79%) for code area:    40,446 compilation units
  22.69MB (47.17%) for image heap:  260,192 objects and 80 resources
   5.31MB (11.04%) for other data
  48.10MB in total
------------------------------------------------------------------------------------------------------------------------
Top 10 origins of code area:                                Top 10 object types in image heap:
   5.56MB java.base                                            6.45MB byte[] for code metadata
   4.91MB java.desktop                                         3.26MB byte[] for java.lang.String
   4.50MB batik-all-1.16.jar                                   2.43MB java.lang.String
   2.71MB java.xml                                             2.41MB java.lang.Class
   1.37MB svm.jar (Native Image)                             885.03kB byte[] for general heap data
 282.25kB dacapo-23.11-MR2-chopin.jar                        807.04kB com.oracle.svm.core.hub.DynamicHubCompanion
 138.07kB jdk.zipfs                                          542.39kB byte[] for reflection metadata
  86.49kB java.logging                                       513.88kB int[][]
  69.35kB jdk.charsets                                       492.00kB java.lang.String[]
  51.18kB org.graalvm.nativeimage.base                       460.80kB java.lang.Object[]
 178.17kB for 12 more packages                                 4.53MB for 1701 more object types
------------------------------------------------------------------------------------------------------------------------
Recommendations:
 HEAP: Set max heap for improved and more predictable memory usage.
 CPU:  Enable more CPU features with '-march=native' for improved performance.
Total skippable fingerprints recorded: 0
Total phases ran: 2309294, total phases skipped: 0
Percentage of ICs missed due to large code size: 0/376 (0.00%)
------------------------------------------------------------------------------------------------------------------------
                       2.4s (6.3% of total time) in 1894 GCs | Peak RSS: 2.69GB | CPU load: 5.76
------------------------------------------------------------------------------------------------------------------------
Build artifacts:
 /data/dacapobench/batik (executable)
 /data/dacapobench/libawt.so (jdk_library)
 /data/dacapobench/libawt_headless.so (jdk_library)
 /data/dacapobench/libawt_xawt.so (jdk_library)
 /data/dacapobench/libfontmanager.so (jdk_library)
 /data/dacapobench/libjava.so (jdk_library_shim)
 /data/dacapobench/libjavajpeg.so (jdk_library)
 /data/dacapobench/libjvm.so (jdk_library_shim)
 /data/dacapobench/liblcms.so (jdk_library)
 /data/dacapobench/libmlib_image.so (jdk_library)
========================================================================================================================
Finished generating 'batik' in 37.5s.
