Warning: The option '-H:+PlatformInterfaceCompatibilityMode' is experimental and must be enabled via '-H:+UnlockExperimentalVMOptions' in the future.
Warning: The option '-H:ProfileDataDumpFileName=/workspace/benchmarks/results/current/profiling-data/batik-custom_open.json' is experimental and must be enabled via '-H:+UnlockExperimentalVMOptions' in the future.
Warning: The option '-H:NumberOfThreads=4' is experimental and must be enabled via '-H:+UnlockExperimentalVMOptions' in the future.
Warning: Please re-evaluate whether any experimental option is required, and either remove or unlock it. The build output lists all active experimental options, including where they come from and possible alternatives. If you think an experimental option should be considered as stable, please file an issue.
Warning: Option 'PlatformInterfaceCompatibilityMode' is deprecated and might be removed in a future release: This option was introduced to simplify migration to GraalVM 21.2 and will be removed in a future release. Please refer to the GraalVM release notes.
========================================================================================================================
GraalVM Native Image: Generating 'batik' (executable)...
========================================================================================================================
For detailed information and explanations on the build output, visit:
https://github.com/oracle/graal/blob/master/docs/reference-manual/native-image/BuildOutput.md
------------------------------------------------------------------------------------------------------------------------
enableInlineCachePhase = false
enableInvokeProfilingPhase = false
enablePGODirectInvokeInlining = true
combinedInlining = true
ProfileDataDumpFileName = /workspace/benchmarks/results/current/profiling-data/batik-custom_open.json
useCompilerPGOData = false
profileCompiler = false
[Use -Djdk.graal.LogFile=<path> to redirect Graal log output to a file.]
Compiler PGO is disabled, compiler profiling is disabled
Loaded 7852 call sites profiles from file: /workspace/benchmarks/results/current/profiling-data/batik-custom_open.json
Using top 3141 call sites for PGO based inlining
Out of which 600 are indirect call sites and 2541 are direct call sites (19.10219675262655% indirect)
Representing 37371675 and 128320041 calls respectively (22.554944750526936% indirect)
Total calls represented: 165691716

[1/8] Initializing...                                                                                    (1.7s @ 0.11GB)
 Java version: 24+36, vendor version: GraalVM CE 24-dev+36.1
 Graal compiler: optimization level: 3, target machine: x86-64-v3
 C compiler: gcc (linux, x86_64, 12.2.0)
 Garbage collector: Serial GC (max heap size: 80% of RAM)
 1 user-specific feature(s):
 - com.oracle.svm.thirdparty.gson.GsonFeature
------------------------------------------------------------------------------------------------------------------------
 3 experimental option(s) unlocked:
 - '-H:+PlatformInterfaceCompatibilityMode' (origin(s): command line)
 - '-H:NumberOfThreads' (alternative API option(s): --parallelism=4; origin(s): command line)
 - '-H:ProfileDataDumpFileName' (origin(s): command line)
------------------------------------------------------------------------------------------------------------------------
Build resources:
 - 19.33GB of memory (32.0% of 60.42GB system memory, determined at start)
 - 4 thread(s) (25.0% of 16 available processor(s), set via '--parallelism=4')
Warning: The interface org.graalvm.nativeimage.hosted.Feature is not available in the current platform, but used by com.oracle.svm.core.feature.InternalFeature. GraalVM before version 21.2 ignored such interfaces, but this was an oversight. The interface is filtered because the compatibility option -H:+PlatformInterfaceCompatibilityMode is used. This option will be removed in a future GraalVM version.
[2/8] Performing analysis...  [*****]                                                                    (6.7s @ 0.95GB)
    9,391 reachable types   (82.3% of   11,415 total)
   16,441 reachable fields  (54.4% of   30,236 total)
   47,917 reachable methods (56.0% of   85,637 total)
    3,049 types,    24 fields, and   502 methods registered for reflection
      153 types,   168 fields, and    81 methods registered for JNI access
        4 native libraries: dl, pthread, rt, z
[3/8] Building universe...                                                                               (1.5s @ 1.12GB)
[4/8] Parsing methods...      [*]                                                                        (0.9s @ 1.16GB)
[5/8] Inlining methods...     [***]                                                                      (5.9s @ 0.85GB)
[6/8] Compiling methods...    [***]                                                                      (9.6s @ 1.56GB)
[7/8] Laying out methods...   [*]                                                                        (1.8s @ 1.92GB)
[8/8] Creating image...       [*]                                                                        (1.6s @ 2.09GB)
  27.04MB (49.66%) for code area:    30,357 compilation units
  22.81MB (41.90%) for image heap:  259,244 objects and 80 resources
   4.59MB ( 8.43%) for other data
  54.44MB in total
------------------------------------------------------------------------------------------------------------------------
Top 10 origins of code area:                                Top 10 object types in image heap:
   7.88MB java.base                                            6.38MB byte[] for code metadata
   6.66MB batik-all-1.16.jar                                   3.25MB byte[] for java.lang.String
   6.15MB java.desktop                                         2.42MB java.lang.String
   3.46MB java.xml                                             2.41MB java.lang.Class
   1.50MB svm.jar (Native Image)                             886.17kB byte[] for general heap data
 500.91kB dacapo-23.11-MR2-chopin.jar                        807.04kB com.oracle.svm.core.hub.DynamicHubCompanion
 193.97kB jdk.zipfs                                          526.15kB byte[] for reflection metadata
 107.81kB java.logging                                       513.88kB int[][]
  75.40kB org.graalvm.nativeimage.base                       503.45kB heap alignment
  69.35kB jdk.charsets                                       490.51kB java.lang.String[]
 258.04kB for 11 more packages                                 4.72MB for 1640 more object types
------------------------------------------------------------------------------------------------------------------------
Recommendations:
 HEAP: Set max heap for improved and more predictable memory usage.
 CPU:  Enable more CPU features with '-march=native' for improved performance.
Total skippable fingerprints recorded: 0
Total phases ran: 1801786, total phases skipped: 0
------------------------------------------------------------------------------------------------------------------------
                        1.7s (5.4% of total time) in 757 GCs | Peak RSS: 2.87GB | CPU load: 6.36
------------------------------------------------------------------------------------------------------------------------
Build artifacts:
 /data/dacapobench/batik (executable)
 /data/dacapobench/libawt.so (jdk_library)
 /data/dacapobench/libawt_headless.so (jdk_library)
 /data/dacapobench/libawt_xawt.so (jdk_library)
 /data/dacapobench/libfontmanager.so (jdk_library)
 /data/dacapobench/libjava.so (jdk_library_shim)
 /data/dacapobench/libjavajpeg.so (jdk_library)
 /data/dacapobench/libjvm.so (jdk_library_shim)
 /data/dacapobench/liblcms.so (jdk_library)
 /data/dacapobench/libmlib_image.so (jdk_library)
========================================================================================================================
Finished generating 'batik' in 30.5s.
