Warning: The option '-H:+PlatformInterfaceCompatibilityMode' is experimental and must be enabled via '-H:+UnlockExperimentalVMOptions' in the future.
Warning: The option '-H:NumberOfThreads=4' is experimental and must be enabled via '-H:+UnlockExperimentalVMOptions' in the future.
Warning: Please re-evaluate whether any experimental option is required, and either remove or unlock it. The build output lists all active experimental options, including where they come from and possible alternatives. If you think an experimental option should be considered as stable, please file an issue.
Warning: Option 'PlatformInterfaceCompatibilityMode' is deprecated and might be removed in a future release: This option was introduced to simplify migration to GraalVM 21.2 and will be removed in a future release. Please refer to the GraalVM release notes.
========================================================================================================================
GraalVM Native Image: Generating 'batik' (executable)...
========================================================================================================================
For detailed information and explanations on the build output, visit:
https://github.com/oracle/graal/blob/master/docs/reference-manual/native-image/BuildOutput.md
------------------------------------------------------------------------------------------------------------------------
enableInlineCachePhase = false
enableInvokeProfilingPhase = false
enablePGODirectInvokeInlining = false
combinedInlining = false
ProfileDataDumpFileName = null
useCompilerPGOData = false
profileCompiler = true
[Use -Djdk.graal.LogFile=<path> to redirect Graal log output to a file.]
Compiler PGO is disabled, compiler profiling is enabled
[1/8] Initializing...                                                                                    (1.9s @ 0.29GB)
 Java version: 24+36, vendor version: GraalVM CE 24-dev+36.1
 Graal compiler: optimization level: 0, target machine: x86-64-v3
 C compiler: gcc (linux, x86_64, 12.2.0)
 Garbage collector: Serial GC (max heap size: 80% of RAM)
 1 user-specific feature(s):
 - com.oracle.svm.thirdparty.gson.GsonFeature
------------------------------------------------------------------------------------------------------------------------
 2 experimental option(s) unlocked:
 - '-H:+PlatformInterfaceCompatibilityMode' (origin(s): command line)
 - '-H:NumberOfThreads' (alternative API option(s): --parallelism=4; origin(s): command line)
------------------------------------------------------------------------------------------------------------------------
Build resources:
 - 13.68GB of memory (22.6% of 60.42GB system memory, determined at start)
 - 4 thread(s) (25.0% of 16 available processor(s), set via '--parallelism=4')
Warning: The interface org.graalvm.nativeimage.hosted.Feature is not available in the current platform, but used by com.oracle.svm.core.feature.InternalFeature. GraalVM before version 21.2 ignored such interfaces, but this was an oversight. The interface is filtered because the compatibility option -H:+PlatformInterfaceCompatibilityMode is used. This option will be removed in a future GraalVM version.
[2/8] Performing analysis...  [*****]                                                                    (8.3s @ 1.03GB)
    9,644 reachable types   (84.2% of   11,456 total)
   16,487 reachable fields  (54.4% of   30,314 total)
   48,096 reachable methods (55.8% of   86,266 total)
    3,061 types,    38 fields, and   510 methods registered for reflection
      153 types,   168 fields, and    81 methods registered for JNI access
        4 native libraries: dl, pthread, rt, z
[3/8] Building universe...                                                                               (1.8s @ 1.22GB)
[4/8] Parsing methods...      [*]                                                                        (1.3s @ 1.44GB)
[5/8] Inlining methods...     [**]                                                                       (0.6s @ 1.52GB)
[6/8] Compiling methods...    [***]                                                                     (10.0s @ 1.86GB)
[7/8] Laying out methods...   [**]                                                                       (2.0s @ 2.21GB)
[8/8] Creating image...       [**]                                                                       (2.1s @ 2.47GB)
  21.11MB (42.39%) for code area:    40,765 compilation units
  23.38MB (46.93%) for image heap:  262,507 objects and 80 resources
   5.32MB (10.68%) for other data
  49.81MB in total
------------------------------------------------------------------------------------------------------------------------
Top 10 origins of code area:                                Top 10 object types in image heap:
   6.67MB java.base                                            6.70MB byte[] for code metadata
   5.16MB java.desktop                                         3.28MB byte[] for java.lang.String
   3.64MB batik-all-1.16.jar                                   2.46MB java.lang.Class
   2.98MB java.xml                                             2.44MB java.lang.String
   1.56MB svm.jar (Native Image)                             885.09kB byte[] for general heap data
 268.76kB dacapo-23.11-MR2-chopin.jar                        828.78kB com.oracle.svm.core.hub.DynamicHubCompanion
 165.76kB jdk.zipfs                                          532.57kB byte[] for reflection metadata
 100.84kB java.logging                                       532.28kB heap alignment
  69.70kB jdk.charsets                                       513.88kB int[][]
  58.62kB org.graalvm.nativeimage.base                       494.10kB java.lang.String[]
 180.38kB for 12 more packages                                 4.81MB for 1710 more object types
------------------------------------------------------------------------------------------------------------------------
Recommendations:
 HEAP: Set max heap for improved and more predictable memory usage.
 CPU:  Enable more CPU features with '-march=native' for improved performance.
Total skippable fingerprints recorded: 549536
Total phases ran: 2279523, total phases skipped: 0
------------------------------------------------------------------------------------------------------------------------
                        2.1s (7.2% of total time) in 822 GCs | Peak RSS: 3.30GB | CPU load: 6.36
------------------------------------------------------------------------------------------------------------------------
Build artifacts:
 /data/dacapobench/batik (executable)
 /data/dacapobench/libawt.so (jdk_library)
 /data/dacapobench/libawt_headless.so (jdk_library)
 /data/dacapobench/libawt_xawt.so (jdk_library)
 /data/dacapobench/libfontmanager.so (jdk_library)
 /data/dacapobench/libjava.so (jdk_library_shim)
 /data/dacapobench/libjavajpeg.so (jdk_library)
 /data/dacapobench/libjvm.so (jdk_library_shim)
 /data/dacapobench/liblcms.so (jdk_library)
 /data/dacapobench/libmlib_image.so (jdk_library)
========================================================================================================================
Finished generating 'batik' in 28.9s.
