Warning: The option '-H:+PlatformInterfaceCompatibilityMode' is experimental and must be enabled via '-H:+UnlockExperimentalVMOptions' in the future.
Warning: The option '-H:ProfileDataDumpFileName=/workspace/benchmarks/results/current/profiling-data/batik-custom_open.json' is experimental and must be enabled via '-H:+UnlockExperimentalVMOptions' in the future.
Warning: The option '-H:NumberOfThreads=4' is experimental and must be enabled via '-H:+UnlockExperimentalVMOptions' in the future.
Warning: Please re-evaluate whether any experimental option is required, and either remove or unlock it. The build output lists all active experimental options, including where they come from and possible alternatives. If you think an experimental option should be considered as stable, please file an issue.
Warning: Option 'PlatformInterfaceCompatibilityMode' is deprecated and might be removed in a future release: This option was introduced to simplify migration to GraalVM 21.2 and will be removed in a future release. Please refer to the GraalVM release notes.
========================================================================================================================
GraalVM Native Image: Generating 'batik' (executable)...
========================================================================================================================
For detailed information and explanations on the build output, visit:
https://github.com/oracle/graal/blob/master/docs/reference-manual/native-image/BuildOutput.md
------------------------------------------------------------------------------------------------------------------------
enableInlineCachePhase = true
enableInvokeProfilingPhase = false
enablePGODirectInvokeInlining = true
combinedInlining = true
ProfileDataDumpFileName = /workspace/benchmarks/results/current/profiling-data/batik-custom_open.json
useCompilerPGOData = false
profileCompiler = false
[Use -Djdk.graal.LogFile=<path> to redirect Graal log output to a file.]
Compiler PGO is disabled, compiler profiling is disabled
Loaded 7852 call sites profiles from file: /workspace/benchmarks/results/current/profiling-data/batik-custom_open.json
Using top 3141 call sites for PGO based inlining
Out of which 600 are indirect call sites and 2541 are direct call sites (19.10219675262655% indirect)
Representing 37371675 and 128320041 calls respectively (22.554944750526936% indirect)
Total calls represented: 165691716

[1/8] Initializing...                                                                                    (2.1s @ 0.21GB)
 Java version: 24+36, vendor version: GraalVM CE 24-dev+36.1
 Graal compiler: optimization level: 0, target machine: x86-64-v3
 C compiler: gcc (linux, x86_64, 12.2.0)
 Garbage collector: Serial GC (max heap size: 80% of RAM)
 1 user-specific feature(s):
 - com.oracle.svm.thirdparty.gson.GsonFeature
------------------------------------------------------------------------------------------------------------------------
 3 experimental option(s) unlocked:
 - '-H:+PlatformInterfaceCompatibilityMode' (origin(s): command line)
 - '-H:NumberOfThreads' (alternative API option(s): --parallelism=4; origin(s): command line)
 - '-H:ProfileDataDumpFileName' (origin(s): command line)
------------------------------------------------------------------------------------------------------------------------
Build resources:
 - 9.66GB of memory (16.0% of 60.42GB system memory, determined at start)
 - 4 thread(s) (25.0% of 16 available processor(s), set via '--parallelism=4')
Warning: The interface org.graalvm.nativeimage.hosted.Feature is not available in the current platform, but used by com.oracle.svm.core.feature.InternalFeature. GraalVM before version 21.2 ignored such interfaces, but this was an oversight. The interface is filtered because the compatibility option -H:+PlatformInterfaceCompatibilityMode is used. This option will be removed in a future GraalVM version.
[2/8] Performing analysis...  [*****]                                                                   (15.5s @ 1.69GB)
    9,646 reachable types   (84.2% of   11,460 total)
   16,488 reachable fields  (54.4% of   30,287 total)
   48,187 reachable methods (55.8% of   86,325 total)
    3,173 types,    38 fields, and   633 methods registered for reflection
      153 types,   168 fields, and    81 methods registered for JNI access
        4 native libraries: dl, pthread, rt, z
[3/8] Building universe...                                                                               (1.7s @ 1.91GB)
[4/8] Parsing methods...      [*]                                                                        (1.2s @ 2.09GB)
[5/8] Inlining methods...     [**]                                                                      (11.5s @ 1.14GB)
[6/8] Compiling methods...    [***]                                                                     (11.3s @ 2.70GB)
[7/8] Laying out methods...   [**]                                                                       (2.3s @ 3.13GB)
[8/8] Creating image...       [*]                                                                        (1.7s @ 3.37GB)
  25.43MB (46.04%) for code area:    40,492 compilation units
  24.44MB (44.25%) for image heap:  263,290 objects and 80 resources
   5.36MB ( 9.71%) for other data
  55.23MB in total
------------------------------------------------------------------------------------------------------------------------
Top 10 origins of code area:                                Top 10 object types in image heap:
   6.80MB java.desktop                                         8.02MB byte[] for code metadata
   6.76MB java.base                                            3.28MB byte[] for java.lang.String
   5.89MB batik-all-1.16.jar                                   2.46MB java.lang.Class
   3.17MB java.xml                                             2.44MB java.lang.String
   1.62MB svm.jar (Native Image)                             885.12kB byte[] for general heap data
 317.43kB dacapo-23.11-MR2-chopin.jar                        828.95kB com.oracle.svm.core.hub.DynamicHubCompanion
 165.76kB jdk.zipfs                                          549.52kB byte[] for reflection metadata
 103.79kB java.logging                                       513.88kB int[][]
  69.52kB jdk.charsets                                       494.80kB java.lang.String[]
  58.62kB org.graalvm.nativeimage.base                       468.16kB java.lang.Object[]
 212.73kB for 12 more packages                                 4.58MB for 1709 more object types
------------------------------------------------------------------------------------------------------------------------
Recommendations:
 HEAP: Set max heap for improved and more predictable memory usage.
 CPU:  Enable more CPU features with '-march=native' for improved performance.
Total skippable fingerprints recorded: 0
Total phases ran: 2273185, total phases skipped: 0
------------------------------------------------------------------------------------------------------------------------
                       3.1s (6.3% of total time) in 2899 GCs | Peak RSS: 4.28GB | CPU load: 5.39
------------------------------------------------------------------------------------------------------------------------
Build artifacts:
 /data/dacapobench/batik (executable)
 /data/dacapobench/libawt.so (jdk_library)
 /data/dacapobench/libawt_headless.so (jdk_library)
 /data/dacapobench/libawt_xawt.so (jdk_library)
 /data/dacapobench/libfontmanager.so (jdk_library)
 /data/dacapobench/libjava.so (jdk_library_shim)
 /data/dacapobench/libjavajpeg.so (jdk_library)
 /data/dacapobench/libjvm.so (jdk_library_shim)
 /data/dacapobench/liblcms.so (jdk_library)
 /data/dacapobench/libmlib_image.so (jdk_library)
========================================================================================================================
Finished generating 'batik' in 48.3s.
