Warning: The option '-H:+PlatformInterfaceCompatibilityMode' is experimental and must be enabled via '-H:+UnlockExperimentalVMOptions' in the future.
Warning: The option '-H:NumberOfThreads=4' is experimental and must be enabled via '-H:+UnlockExperimentalVMOptions' in the future.
Warning: Please re-evaluate whether any experimental option is required, and either remove or unlock it. The build output lists all active experimental options, including where they come from and possible alternatives. If you think an experimental option should be considered as stable, please file an issue.
Warning: Option 'PlatformInterfaceCompatibilityMode' is deprecated and might be removed in a future release: This option was introduced to simplify migration to GraalVM 21.2 and will be removed in a future release. Please refer to the GraalVM release notes.
========================================================================================================================
GraalVM Native Image: Generating 'batik' (executable)...
========================================================================================================================
For detailed information and explanations on the build output, visit:
https://github.com/oracle/graal/blob/master/docs/reference-manual/native-image/BuildOutput.md
------------------------------------------------------------------------------------------------------------------------
enableInlineCachePhase = false
enableInvokeProfilingPhase = false
enablePGODirectInvokeInlining = false
combinedInlining = false
ProfileDataDumpFileName = null
useCompilerPGOData = false
profileCompiler = false
[Use -Djdk.graal.LogFile=<path> to redirect Graal log output to a file.]
Compiler PGO is disabled, compiler profiling is disabled
[1/8] Initializing...                                                                                    (2.1s @ 0.26GB)
 Java version: 24+36, vendor version: GraalVM CE 24-dev+36.1
 Graal compiler: optimization level: 2, target machine: x86-64-v3
 C compiler: gcc (linux, x86_64, 12.2.0)
 Garbage collector: Serial GC (max heap size: 80% of RAM)
 1 user-specific feature(s):
 - com.oracle.svm.thirdparty.gson.GsonFeature
------------------------------------------------------------------------------------------------------------------------
 2 experimental option(s) unlocked:
 - '-H:+PlatformInterfaceCompatibilityMode' (origin(s): command line)
 - '-H:NumberOfThreads' (alternative API option(s): --parallelism=4; origin(s): command line)
------------------------------------------------------------------------------------------------------------------------
Build resources:
 - 26.49GB of memory (43.8% of 60.42GB system memory, determined at start)
 - 4 thread(s) (25.0% of 16 available processor(s), set via '--parallelism=4')
Warning: The interface org.graalvm.nativeimage.hosted.Feature is not available in the current platform, but used by com.oracle.svm.core.feature.InternalFeature. GraalVM before version 21.2 ignored such interfaces, but this was an oversight. The interface is filtered because the compatibility option -H:+PlatformInterfaceCompatibilityMode is used. This option will be removed in a future GraalVM version.
[2/8] Performing analysis...  [*****]                                                                    (8.4s @ 0.94GB)
    9,390 reachable types   (82.3% of   11,408 total)
   16,441 reachable fields  (54.4% of   30,209 total)
   47,915 reachable methods (56.0% of   85,583 total)
    3,047 types,    24 fields, and   501 methods registered for reflection
      153 types,   168 fields, and    81 methods registered for JNI access
        4 native libraries: dl, pthread, rt, z
[3/8] Building universe...                                                                               (1.7s @ 1.11GB)
[4/8] Parsing methods...      [*]                                                                        (1.0s @ 1.20GB)
[5/8] Inlining methods...     [***]                                                                      (1.2s @ 1.37GB)
[6/8] Compiling methods...    [***]                                                                     (10.5s @ 1.10GB)
[7/8] Laying out methods...   [*]                                                                        (2.0s @ 1.46GB)
[8/8] Creating image...       [*]                                                                        (1.9s @ 1.65GB)
  23.35MB (46.40%) for code area:    30,573 compilation units
  22.38MB (44.46%) for image heap:  259,271 objects and 80 resources
   4.60MB ( 9.14%) for other data
  50.33MB in total
------------------------------------------------------------------------------------------------------------------------
Top 10 origins of code area:                                Top 10 object types in image heap:
   7.56MB java.base                                            6.16MB byte[] for code metadata
   5.83MB java.desktop                                         3.25MB byte[] for java.lang.String
   3.98MB batik-all-1.16.jar                                   2.42MB java.lang.String
   3.27MB java.xml                                             2.40MB java.lang.Class
   1.49MB svm.jar (Native Image)                             885.17kB byte[] for general heap data
 333.39kB dacapo-23.11-MR2-chopin.jar                        806.95kB com.oracle.svm.core.hub.DynamicHubCompanion
 198.69kB jdk.zipfs                                          525.96kB byte[] for reflection metadata
 108.71kB java.logging                                       513.88kB int[][]
  76.06kB org.graalvm.nativeimage.base                       490.84kB java.lang.String[]
  69.39kB jdk.charsets                                       461.14kB java.lang.Object[]
 244.44kB for 11 more packages                                 4.53MB for 1640 more object types
------------------------------------------------------------------------------------------------------------------------
Recommendations:
 HEAP: Set max heap for improved and more predictable memory usage.
 CPU:  Enable more CPU features with '-march=native' for improved performance.
Total skippable fingerprints recorded: 0
Total phases ran: 1780863, total phases skipped: 0
------------------------------------------------------------------------------------------------------------------------
                        2.2s (7.5% of total time) in 878 GCs | Peak RSS: 2.41GB | CPU load: 6.24
------------------------------------------------------------------------------------------------------------------------
Build artifacts:
 /data/dacapobench/batik (executable)
 /data/dacapobench/libawt.so (jdk_library)
 /data/dacapobench/libawt_headless.so (jdk_library)
 /data/dacapobench/libawt_xawt.so (jdk_library)
 /data/dacapobench/libfontmanager.so (jdk_library)
 /data/dacapobench/libjava.so (jdk_library_shim)
 /data/dacapobench/libjavajpeg.so (jdk_library)
 /data/dacapobench/libjvm.so (jdk_library_shim)
 /data/dacapobench/liblcms.so (jdk_library)
 /data/dacapobench/libmlib_image.so (jdk_library)
========================================================================================================================
Finished generating 'batik' in 29.7s.
