Warning: The option '-H:+PlatformInterfaceCompatibilityMode' is experimental and must be enabled via '-H:+UnlockExperimentalVMOptions' in the future.
Warning: The option '-H:ProfileDataDumpFileName=/workspace/benchmarks/results/current/profiling-data/biojava-custom_open.json' is experimental and must be enabled via '-H:+UnlockExperimentalVMOptions' in the future.
Warning: The option '-H:NumberOfThreads=4' is experimental and must be enabled via '-H:+UnlockExperimentalVMOptions' in the future.
Warning: Please re-evaluate whether any experimental option is required, and either remove or unlock it. The build output lists all active experimental options, including where they come from and possible alternatives. If you think an experimental option should be considered as stable, please file an issue.
Warning: Option 'PlatformInterfaceCompatibilityMode' is deprecated and might be removed in a future release: This option was introduced to simplify migration to GraalVM 21.2 and will be removed in a future release. Please refer to the GraalVM release notes.
========================================================================================================================
GraalVM Native Image: Generating 'biojava' (executable)...
========================================================================================================================
For detailed information and explanations on the build output, visit:
https://github.com/oracle/graal/blob/master/docs/reference-manual/native-image/BuildOutput.md
------------------------------------------------------------------------------------------------------------------------
enableInlineCachePhase = true
enableInvokeProfilingPhase = false
enablePGODirectInvokeInlining = false
combinedInlining = false
ProfileDataDumpFileName = /workspace/benchmarks/results/current/profiling-data/biojava-custom_open.json
useCompilerPGOData = false
profileCompiler = false
[Use -Djdk.graal.LogFile=<path> to redirect Graal log output to a file.]
Compiler PGO is disabled, compiler profiling is disabled
Loaded 6782 call sites profiles from file: /workspace/benchmarks/results/current/profiling-data/biojava-custom_open.json
Using top 2713 call sites for PGO based inlining
Out of which 235 are indirect call sites and 2478 are direct call sites (8.661997788426097% indirect)
Representing 46112902 and 4978954321 calls respectively (0.9176574153861823% indirect)
Total calls represented: 5025067223

[1/8] Initializing...                                                                                    (2.3s @ 0.19GB)
 Java version: 24+36, vendor version: GraalVM CE 24-dev+36.1
 Graal compiler: optimization level: 0, target machine: x86-64-v3
 C compiler: gcc (linux, x86_64, 12.2.0)
 Garbage collector: Serial GC (max heap size: 80% of RAM)
 1 user-specific feature(s):
 - com.oracle.svm.thirdparty.gson.GsonFeature
------------------------------------------------------------------------------------------------------------------------
 3 experimental option(s) unlocked:
 - '-H:+PlatformInterfaceCompatibilityMode' (origin(s): command line)
 - '-H:NumberOfThreads' (alternative API option(s): --parallelism=4; origin(s): command line)
 - '-H:ProfileDataDumpFileName' (origin(s): command line)
------------------------------------------------------------------------------------------------------------------------
Build resources:
 - 9.48GB of memory (15.7% of 60.42GB system memory, determined at start)
 - 4 thread(s) (25.0% of 16 available processor(s), set via '--parallelism=4')
Warning: The interface org.graalvm.nativeimage.hosted.Feature is not available in the current platform, but used by com.oracle.svm.core.feature.InternalFeature. GraalVM before version 21.2 ignored such interfaces, but this was an oversight. The interface is filtered because the compatibility option -H:+PlatformInterfaceCompatibilityMode is used. This option will be removed in a future GraalVM version.
[2/8] Performing analysis...  [******]                                                                  (12.2s @ 1.37GB)
    9,077 reachable types   (84.4% of   10,757 total)
   13,432 reachable fields  (51.2% of   26,230 total)
   44,591 reachable methods (52.5% of   84,965 total)
    3,701 types,   280 fields, and 1,016 methods registered for reflection
       71 types,    70 fields, and    58 methods registered for JNI access
        4 native libraries: dl, pthread, rt, z
[3/8] Building universe...                                                                               (1.5s @ 1.56GB)
[4/8] Parsing methods...      [*]                                                                        (1.0s @ 1.71GB)
[5/8] Inlining methods...     [**]                                                                       (3.5s @ 1.77GB)
[6/8] Compiling methods...    [***]                                                                      (7.6s @ 1.65GB)
[7/8] Laying out methods...   [**]                                                                       (2.0s @ 1.72GB)
[8/8] Creating image...       [*]                                                                        (1.6s @ 1.88GB)
  17.85MB (39.58%) for code area:    38,124 compilation units
  22.38MB (49.62%) for image heap:  259,146 objects and 165 resources
   4.87MB (10.80%) for other data
  45.09MB in total
------------------------------------------------------------------------------------------------------------------------
Top 10 origins of code area:                                Top 10 object types in image heap:
   7.81MB java.base                                            5.80MB byte[] for code metadata
   3.35MB AAProperties-jar-with-dependencies.jar               3.36MB byte[] for java.lang.String
   3.35MB java.xml                                             2.35MB java.lang.String
   1.82MB svm.jar (Native Image)                               2.18MB java.lang.Class
 383.39kB java.management                                    859.89kB byte[] for reflection metadata
 263.97kB dacapo-23.11-MR2-chopin.jar                        821.39kB byte[] for general heap data
 165.68kB jdk.zipfs                                          780.05kB com.oracle.svm.core.hub.DynamicHubCompanion
 101.54kB java.logging                                       514.02kB int[][]
  69.70kB jdk.charsets                                       476.75kB java.lang.String[]
  60.30kB jdk.proxy4                                         466.70kB java.lang.Object[]
 246.73kB for 17 more packages                                 4.86MB for 1939 more object types
------------------------------------------------------------------------------------------------------------------------
Recommendations:
 HEAP: Set max heap for improved and more predictable memory usage.
 CPU:  Enable more CPU features with '-march=native' for improved performance.
Total skippable fingerprints recorded: 0
Total phases ran: 2116430, total phases skipped: 0
------------------------------------------------------------------------------------------------------------------------
                       2.4s (7.4% of total time) in 2153 GCs | Peak RSS: 2.78GB | CPU load: 6.14
------------------------------------------------------------------------------------------------------------------------
Build artifacts:
 /data/dacapobench/biojava (executable)
========================================================================================================================
Finished generating 'biojava' in 32.4s.
