Warning: The option '-H:+PlatformInterfaceCompatibilityMode' is experimental and must be enabled via '-H:+UnlockExperimentalVMOptions' in the future.
Warning: The option '-H:NumberOfThreads=4' is experimental and must be enabled via '-H:+UnlockExperimentalVMOptions' in the future.
Warning: Please re-evaluate whether any experimental option is required, and either remove or unlock it. The build output lists all active experimental options, including where they come from and possible alternatives. If you think an experimental option should be considered as stable, please file an issue.
Warning: Option 'PlatformInterfaceCompatibilityMode' is deprecated and might be removed in a future release: This option was introduced to simplify migration to GraalVM 21.2 and will be removed in a future release. Please refer to the GraalVM release notes.
========================================================================================================================
GraalVM Native Image: Generating 'biojava' (executable)...
========================================================================================================================
For detailed information and explanations on the build output, visit:
https://github.com/oracle/graal/blob/master/docs/reference-manual/native-image/BuildOutput.md
------------------------------------------------------------------------------------------------------------------------
enableInlineCachePhase = false
enableInvokeProfilingPhase = false
enablePGODirectInvokeInlining = false
combinedInlining = false
ProfileDataDumpFileName = null
useCompilerPGOData = false
profileCompiler = true
[Use -Djdk.graal.LogFile=<path> to redirect Graal log output to a file.]
Compiler PGO is disabled, compiler profiling is enabled
[1/8] Initializing...                                                                                    (2.1s @ 0.19GB)
 Java version: 24+36, vendor version: GraalVM CE 24-dev+36.1
 Graal compiler: optimization level: 0, target machine: x86-64-v3
 C compiler: gcc (linux, x86_64, 12.2.0)
 Garbage collector: Serial GC (max heap size: 80% of RAM)
 1 user-specific feature(s):
 - com.oracle.svm.thirdparty.gson.GsonFeature
------------------------------------------------------------------------------------------------------------------------
 2 experimental option(s) unlocked:
 - '-H:+PlatformInterfaceCompatibilityMode' (origin(s): command line)
 - '-H:NumberOfThreads' (alternative API option(s): --parallelism=4; origin(s): command line)
------------------------------------------------------------------------------------------------------------------------
Build resources:
 - 13.72GB of memory (22.7% of 60.42GB system memory, determined at start)
 - 4 thread(s) (25.0% of 16 available processor(s), set via '--parallelism=4')
Warning: The interface org.graalvm.nativeimage.hosted.Feature is not available in the current platform, but used by com.oracle.svm.core.feature.InternalFeature. GraalVM before version 21.2 ignored such interfaces, but this was an oversight. The interface is filtered because the compatibility option -H:+PlatformInterfaceCompatibilityMode is used. This option will be removed in a future GraalVM version.
[2/8] Performing analysis...  [******]                                                                   (7.7s @ 0.99GB)
    9,076 reachable types   (84.4% of   10,753 total)
   13,432 reachable fields  (51.2% of   26,230 total)
   44,541 reachable methods (52.5% of   84,795 total)
    3,642 types,   280 fields, and   955 methods registered for reflection
       71 types,    70 fields, and    58 methods registered for JNI access
        4 native libraries: dl, pthread, rt, z
[3/8] Building universe...                                                                               (1.6s @ 1.15GB)
[4/8] Parsing methods...      [*]                                                                        (1.2s @ 1.33GB)
[5/8] Inlining methods...     [**]                                                                       (0.6s @ 1.39GB)
[6/8] Compiling methods...    [***]                                                                      (9.1s @ 1.71GB)
[7/8] Laying out methods...   [*]                                                                        (1.9s @ 2.03GB)
[8/8] Creating image...       [**]                                                                       (2.3s @ 1.62GB)
  17.77MB (39.52%) for code area:    38,074 compilation units
  22.31MB (49.62%) for image heap:  258,742 objects and 165 resources
   4.88MB (10.85%) for other data
  44.96MB in total
------------------------------------------------------------------------------------------------------------------------
Top 10 origins of code area:                                Top 10 object types in image heap:
   7.79MB java.base                                            5.78MB byte[] for code metadata
   3.35MB AAProperties-jar-with-dependencies.jar               3.35MB byte[] for java.lang.String
   3.32MB java.xml                                             2.35MB java.lang.String
   1.80MB svm.jar (Native Image)                               2.18MB java.lang.Class
 374.62kB java.management                                    851.03kB byte[] for reflection metadata
 263.97kB dacapo-23.11-MR2-chopin.jar                        821.39kB byte[] for general heap data
 165.68kB jdk.zipfs                                          779.97kB com.oracle.svm.core.hub.DynamicHubCompanion
 101.54kB java.logging                                       514.02kB int[][]
  69.70kB jdk.charsets                                       476.23kB java.lang.String[]
  60.30kB jdk.proxy4                                         468.34kB java.lang.Object[]
 246.29kB for 17 more packages                                 4.84MB for 1939 more object types
------------------------------------------------------------------------------------------------------------------------
Recommendations:
 HEAP: Set max heap for improved and more predictable memory usage.
 CPU:  Enable more CPU features with '-march=native' for improved performance.
Total skippable fingerprints recorded: 513970
Total phases ran: 2112388, total phases skipped: 0
------------------------------------------------------------------------------------------------------------------------
                        2.3s (8.2% of total time) in 676 GCs | Peak RSS: 2.91GB | CPU load: 6.47
------------------------------------------------------------------------------------------------------------------------
Build artifacts:
 /data/dacapobench/biojava (executable)
========================================================================================================================
Finished generating 'biojava' in 27.3s.
