Warning: The option '-H:+PlatformInterfaceCompatibilityMode' is experimental and must be enabled via '-H:+UnlockExperimentalVMOptions' in the future.
Warning: The option '-H:NumberOfThreads=4' is experimental and must be enabled via '-H:+UnlockExperimentalVMOptions' in the future.
Warning: Please re-evaluate whether any experimental option is required, and either remove or unlock it. The build output lists all active experimental options, including where they come from and possible alternatives. If you think an experimental option should be considered as stable, please file an issue.
Warning: Option 'PlatformInterfaceCompatibilityMode' is deprecated and might be removed in a future release: This option was introduced to simplify migration to GraalVM 21.2 and will be removed in a future release. Please refer to the GraalVM release notes.
========================================================================================================================
GraalVM Native Image: Generating 'biojava' (executable)...
========================================================================================================================
For detailed information and explanations on the build output, visit:
https://github.com/oracle/graal/blob/master/docs/reference-manual/native-image/BuildOutput.md
------------------------------------------------------------------------------------------------------------------------
enableInlineCachePhase = false
enableInvokeProfilingPhase = false
enablePGODirectInvokeInlining = false
combinedInlining = false
ProfileDataDumpFileName = null
useCompilerPGOData = false
profileCompiler = true
[Use -Djdk.graal.LogFile=<path> to redirect Graal log output to a file.]
Compiler PGO is disabled, compiler profiling is enabled
[1/8] Initializing...                                                                                    (2.1s @ 0.19GB)
 Java version: 24+36, vendor version: GraalVM CE 24-dev+36.1
 Graal compiler: optimization level: 3, target machine: x86-64-v3
 C compiler: gcc (linux, x86_64, 12.2.0)
 Garbage collector: Serial GC (max heap size: 80% of RAM)
 1 user-specific feature(s):
 - com.oracle.svm.thirdparty.gson.GsonFeature
------------------------------------------------------------------------------------------------------------------------
 2 experimental option(s) unlocked:
 - '-H:+PlatformInterfaceCompatibilityMode' (origin(s): command line)
 - '-H:NumberOfThreads' (alternative API option(s): --parallelism=4; origin(s): command line)
------------------------------------------------------------------------------------------------------------------------
Build resources:
 - 15.14GB of memory (25.1% of 60.42GB system memory, determined at start)
 - 4 thread(s) (25.0% of 16 available processor(s), set via '--parallelism=4')
Warning: The interface org.graalvm.nativeimage.hosted.Feature is not available in the current platform, but used by com.oracle.svm.core.feature.InternalFeature. GraalVM before version 21.2 ignored such interfaces, but this was an oversight. The interface is filtered because the compatibility option -H:+PlatformInterfaceCompatibilityMode is used. This option will be removed in a future GraalVM version.
[2/8] Performing analysis...  [*****]                                                                    (6.8s @ 0.93GB)
    8,948 reachable types   (83.5% of   10,722 total)
   13,417 reachable fields  (51.2% of   26,223 total)
   44,438 reachable methods (52.6% of   84,473 total)
    3,636 types,   266 fields, and   947 methods registered for reflection
       71 types,    70 fields, and    58 methods registered for JNI access
        4 native libraries: dl, pthread, rt, z
[3/8] Building universe...                                                                               (1.4s @ 1.05GB)
[4/8] Parsing methods...      [*]                                                                        (0.8s @ 1.15GB)
[5/8] Inlining methods...     [***]                                                                      (0.9s @ 1.27GB)
[6/8] Compiling methods...    [***]                                                                      (7.9s @ 1.06GB)
[7/8] Laying out methods...   [*]                                                                        (1.8s @ 1.08GB)
[8/8] Creating image...       [*]                                                                        (1.6s @ 1.24GB)
  18.89MB (42.57%) for code area:    28,279 compilation units
  21.25MB (47.88%) for image heap:  256,384 objects and 165 resources
   4.24MB ( 9.54%) for other data
  44.38MB in total
------------------------------------------------------------------------------------------------------------------------
Top 10 origins of code area:                                Top 10 object types in image heap:
   8.57MB java.base                                            4.65MB byte[] for code metadata
   3.54MB AAProperties-jar-with-dependencies.jar               3.34MB byte[] for java.lang.String
   3.45MB java.xml                                             2.34MB java.lang.String
   1.62MB svm.jar (Native Image)                               2.15MB java.lang.Class
 448.80kB java.management                                    846.97kB byte[] for reflection metadata
 319.74kB dacapo-23.11-MR2-chopin.jar                        821.45kB byte[] for general heap data
 193.55kB jdk.zipfs                                          768.97kB com.oracle.svm.core.hub.DynamicHubCompanion
 105.57kB java.logging                                       522.88kB heap alignment
 102.32kB jdk.proxy4                                         514.02kB int[][]
  74.35kB org.graalvm.nativeimage.base                       474.30kB java.lang.String[]
 310.18kB for 16 more packages                                 4.92MB for 1879 more object types
------------------------------------------------------------------------------------------------------------------------
Recommendations:
 HEAP: Set max heap for improved and more predictable memory usage.
 CPU:  Enable more CPU features with '-march=native' for improved performance.
Total skippable fingerprints recorded: 377259
Total phases ran: 1661705, total phases skipped: 0
------------------------------------------------------------------------------------------------------------------------
                        1.7s (6.8% of total time) in 696 GCs | Peak RSS: 2.07GB | CPU load: 6.94
------------------------------------------------------------------------------------------------------------------------
Build artifacts:
 /data/dacapobench/biojava (executable)
========================================================================================================================
Finished generating 'biojava' in 24.1s.
