Warning: The option '-H:+PlatformInterfaceCompatibilityMode' is experimental and must be enabled via '-H:+UnlockExperimentalVMOptions' in the future.
Warning: The option '-H:ProfileDataDumpFileName=/workspace/benchmarks/results/current/profiling-data/biojava-custom_open.json' is experimental and must be enabled via '-H:+UnlockExperimentalVMOptions' in the future.
Warning: The option '-H:NumberOfThreads=4' is experimental and must be enabled via '-H:+UnlockExperimentalVMOptions' in the future.
Warning: Please re-evaluate whether any experimental option is required, and either remove or unlock it. The build output lists all active experimental options, including where they come from and possible alternatives. If you think an experimental option should be considered as stable, please file an issue.
Warning: Option 'PlatformInterfaceCompatibilityMode' is deprecated and might be removed in a future release: This option was introduced to simplify migration to GraalVM 21.2 and will be removed in a future release. Please refer to the GraalVM release notes.
========================================================================================================================
GraalVM Native Image: Generating 'biojava' (executable)...
========================================================================================================================
For detailed information and explanations on the build output, visit:
https://github.com/oracle/graal/blob/master/docs/reference-manual/native-image/BuildOutput.md
------------------------------------------------------------------------------------------------------------------------
enableInlineCachePhase = false
enableInvokeProfilingPhase = false
enablePGODirectInvokeInlining = true
combinedInlining = true
ProfileDataDumpFileName = /workspace/benchmarks/results/current/profiling-data/biojava-custom_open.json
useCompilerPGOData = false
profileCompiler = false
[Use -Djdk.graal.LogFile=<path> to redirect Graal log output to a file.]
Compiler PGO is disabled, compiler profiling is disabled
Loaded 6782 call sites profiles from file: /workspace/benchmarks/results/current/profiling-data/biojava-custom_open.json
Using top 2713 call sites for PGO based inlining
Out of which 235 are indirect call sites and 2478 are direct call sites (8.661997788426097% indirect)
Representing 46112902 and 4978954321 calls respectively (0.9176574153861823% indirect)
Total calls represented: 5025067223

[1/8] Initializing...                                                                                    (1.9s @ 0.18GB)
 Java version: 24+36, vendor version: GraalVM CE 24-dev+36.1
 Graal compiler: optimization level: 0, target machine: x86-64-v3
 C compiler: gcc (linux, x86_64, 12.2.0)
 Garbage collector: Serial GC (max heap size: 80% of RAM)
 1 user-specific feature(s):
 - com.oracle.svm.thirdparty.gson.GsonFeature
------------------------------------------------------------------------------------------------------------------------
 3 experimental option(s) unlocked:
 - '-H:+PlatformInterfaceCompatibilityMode' (origin(s): command line)
 - '-H:NumberOfThreads' (alternative API option(s): --parallelism=4; origin(s): command line)
 - '-H:ProfileDataDumpFileName' (origin(s): command line)
------------------------------------------------------------------------------------------------------------------------
Build resources:
 - 19.15GB of memory (31.7% of 60.42GB system memory, determined at start)
 - 4 thread(s) (25.0% of 16 available processor(s), set via '--parallelism=4')
Warning: The interface org.graalvm.nativeimage.hosted.Feature is not available in the current platform, but used by com.oracle.svm.core.feature.InternalFeature. GraalVM before version 21.2 ignored such interfaces, but this was an oversight. The interface is filtered because the compatibility option -H:+PlatformInterfaceCompatibilityMode is used. This option will be removed in a future GraalVM version.
[2/8] Performing analysis...  [******]                                                                   (6.6s @ 0.96GB)
    9,077 reachable types   (84.4% of   10,756 total)
   13,432 reachable fields  (51.2% of   26,231 total)
   44,543 reachable methods (52.4% of   85,042 total)
    3,644 types,   280 fields, and   956 methods registered for reflection
       71 types,    70 fields, and    58 methods registered for JNI access
        4 native libraries: dl, pthread, rt, z
[3/8] Building universe...                                                                               (1.5s @ 1.16GB)
[4/8] Parsing methods...      [*]                                                                        (1.0s @ 1.30GB)
[5/8] Inlining methods...     [**]                                                                       (3.2s @ 1.40GB)
[6/8] Compiling methods...    [***]                                                                      (8.0s @ 1.78GB)
[7/8] Laying out methods...   [*]                                                                        (1.8s @ 2.12GB)
[8/8] Creating image...       [**]                                                                       (2.0s @ 1.68GB)
  18.94MB (40.73%) for code area:    37,613 compilation units
  22.63MB (48.66%) for image heap:  258,745 objects and 165 resources
   4.93MB (10.60%) for other data
  46.49MB in total
------------------------------------------------------------------------------------------------------------------------
Top 10 origins of code area:                                Top 10 object types in image heap:
   8.19MB java.base                                            6.12MB byte[] for code metadata
   3.69MB AAProperties-jar-with-dependencies.jar               3.35MB byte[] for java.lang.String
   3.48MB java.xml                                             2.35MB java.lang.String
   1.84MB svm.jar (Native Image)                               2.18MB java.lang.Class
 518.85kB java.management                                    851.19kB byte[] for reflection metadata
 339.82kB dacapo-23.11-MR2-chopin.jar                        821.52kB byte[] for general heap data
 165.68kB jdk.zipfs                                          780.05kB com.oracle.svm.core.hub.DynamicHubCompanion
 103.88kB java.logging                                       514.02kB int[][]
  69.52kB jdk.charsets                                       476.20kB java.lang.String[]
  60.30kB jdk.proxy4                                         468.35kB java.lang.Object[]
 266.70kB for 17 more packages                                 4.81MB for 1938 more object types
------------------------------------------------------------------------------------------------------------------------
Recommendations:
 HEAP: Set max heap for improved and more predictable memory usage.
 CPU:  Enable more CPU features with '-march=native' for improved performance.
Total skippable fingerprints recorded: 0
Total phases ran: 2092053, total phases skipped: 0
------------------------------------------------------------------------------------------------------------------------
                        1.9s (7.1% of total time) in 857 GCs | Peak RSS: 3.16GB | CPU load: 6.54
------------------------------------------------------------------------------------------------------------------------
Build artifacts:
 /data/dacapobench/biojava (executable)
========================================================================================================================
Finished generating 'biojava' in 26.7s.
