Warning: The option '-H:+PlatformInterfaceCompatibilityMode' is experimental and must be enabled via '-H:+UnlockExperimentalVMOptions' in the future.
Warning: The option '-H:ProfileDataDumpFileName=/workspace/benchmarks/results/current/profiling-data/biojava-custom_open.json' is experimental and must be enabled via '-H:+UnlockExperimentalVMOptions' in the future.
Warning: The option '-H:NumberOfThreads=4' is experimental and must be enabled via '-H:+UnlockExperimentalVMOptions' in the future.
Warning: Please re-evaluate whether any experimental option is required, and either remove or unlock it. The build output lists all active experimental options, including where they come from and possible alternatives. If you think an experimental option should be considered as stable, please file an issue.
Warning: Option 'PlatformInterfaceCompatibilityMode' is deprecated and might be removed in a future release: This option was introduced to simplify migration to GraalVM 21.2 and will be removed in a future release. Please refer to the GraalVM release notes.
========================================================================================================================
GraalVM Native Image: Generating 'biojava' (executable)...
========================================================================================================================
For detailed information and explanations on the build output, visit:
https://github.com/oracle/graal/blob/master/docs/reference-manual/native-image/BuildOutput.md
------------------------------------------------------------------------------------------------------------------------
enableInlineCachePhase = true
enableInvokeProfilingPhase = false
enablePGODirectInvokeInlining = false
combinedInlining = false
ProfileDataDumpFileName = /workspace/benchmarks/results/current/profiling-data/biojava-custom_open.json
useCompilerPGOData = false
profileCompiler = false
[Use -Djdk.graal.LogFile=<path> to redirect Graal log output to a file.]
Compiler PGO is disabled, compiler profiling is disabled
Loaded 6916 call sites profiles from file: /workspace/benchmarks/results/current/profiling-data/biojava-custom_open.json
Using top 2766 call sites for PGO based inlining
Out of which 237 are indirect call sites and 2529 are direct call sites
Representing 46113437 and 4979210219 calls respectively

[1/8] Initializing...                                                                                    (3.2s @ 0.24GB)
 Java version: 24+36, vendor version: GraalVM CE 24-dev+36.1
 Graal compiler: optimization level: 3, target machine: x86-64-v3
 C compiler: gcc (linux, x86_64, 12.2.0)
 Garbage collector: Serial GC (max heap size: 80% of RAM)
 1 user-specific feature(s):
 - com.oracle.svm.thirdparty.gson.GsonFeature
------------------------------------------------------------------------------------------------------------------------
 3 experimental option(s) unlocked:
 - '-H:+PlatformInterfaceCompatibilityMode' (origin(s): command line)
 - '-H:NumberOfThreads' (alternative API option(s): --parallelism=4; origin(s): command line)
 - '-H:ProfileDataDumpFileName' (origin(s): command line)
------------------------------------------------------------------------------------------------------------------------
Build resources:
 - 26.49GB of memory (43.8% of 60.42GB system memory, determined at start)
 - 4 thread(s) (25.0% of 16 available processor(s), set via '--parallelism=4')
Warning: The interface org.graalvm.nativeimage.hosted.Feature is not available in the current platform, but used by com.oracle.svm.core.feature.InternalFeature. GraalVM before version 21.2 ignored such interfaces, but this was an oversight. The interface is filtered because the compatibility option -H:+PlatformInterfaceCompatibilityMode is used. This option will be removed in a future GraalVM version.
[2/8] Performing analysis...  [*****]                                                                   (16.0s @ 1.10GB)
    8,949 reachable types   (83.5% of   10,719 total)
   13,417 reachable fields  (51.2% of   26,220 total)
   44,435 reachable methods (52.6% of   84,403 total)
    3,637 types,   266 fields, and   947 methods registered for reflection
       71 types,    70 fields, and    58 methods registered for JNI access
        4 native libraries: dl, pthread, rt, z
[3/8] Building universe...                                                                               (1.7s @ 1.31GB)
[4/8] Parsing methods...      [*]                                                                        (0.9s @ 1.34GB)
[5/8] Inlining methods...     [***]                                                                      (5.8s @ 1.48GB)
[6/8] Compiling methods...    [***]                                                                     (10.2s @ 1.02GB)
[7/8] Laying out methods...   [**]                                                                       (2.3s @ 1.08GB)
[8/8] Creating image...       [*]                                                                        (1.9s @ 1.21GB)
  18.90MB (42.59%) for code area:    28,267 compilation units
  21.25MB (47.88%) for image heap:  256,436 objects and 165 resources
   4.23MB ( 9.52%) for other data
  44.38MB in total
------------------------------------------------------------------------------------------------------------------------
Top 10 origins of code area:                                Top 10 object types in image heap:
   8.57MB java.base                                            4.65MB byte[] for code metadata
   3.54MB AAProperties-jar-with-dependencies.jar               3.34MB byte[] for java.lang.String
   3.45MB java.xml                                             2.34MB java.lang.String
   1.62MB svm.jar (Native Image)                               2.15MB java.lang.Class
 449.30kB java.management                                    846.96kB byte[] for reflection metadata
 319.74kB dacapo-23.11-MR2-chopin.jar                        821.45kB byte[] for general heap data
 193.55kB jdk.zipfs                                          769.05kB com.oracle.svm.core.hub.DynamicHubCompanion
 105.57kB java.logging                                       517.63kB heap alignment
 102.32kB jdk.proxy4                                         514.02kB int[][]
  74.35kB org.graalvm.nativeimage.base                       474.30kB java.lang.String[]
 310.18kB for 16 more packages                                 4.92MB for 1879 more object types
------------------------------------------------------------------------------------------------------------------------
Recommendations:
 HEAP: Set max heap for improved and more predictable memory usage.
 CPU:  Enable more CPU features with '-march=native' for improved performance.
Total skippable fingerprints recorded: 0
Total phases ran: 1662452, total phases skipped: 0
Percentage of ICs missed due to large code size: 0/177 (0.00%)
------------------------------------------------------------------------------------------------------------------------
                       3.4s (7.8% of total time) in 1302 GCs | Peak RSS: 2.33GB | CPU load: 5.38
------------------------------------------------------------------------------------------------------------------------
Build artifacts:
 /data/dacapobench/biojava (executable)
========================================================================================================================
Finished generating 'biojava' in 42.9s.
