Warning: The option '-H:+PlatformInterfaceCompatibilityMode' is experimental and must be enabled via '-H:+UnlockExperimentalVMOptions' in the future.
Warning: The option '-H:ProfileDataDumpFileName=/workspace/benchmarks/results/current/profiling-data/biojava-custom_open.json' is experimental and must be enabled via '-H:+UnlockExperimentalVMOptions' in the future.
Warning: The option '-H:NumberOfThreads=4' is experimental and must be enabled via '-H:+UnlockExperimentalVMOptions' in the future.
Warning: Please re-evaluate whether any experimental option is required, and either remove or unlock it. The build output lists all active experimental options, including where they come from and possible alternatives. If you think an experimental option should be considered as stable, please file an issue.
Warning: Option 'PlatformInterfaceCompatibilityMode' is deprecated and might be removed in a future release: This option was introduced to simplify migration to GraalVM 21.2 and will be removed in a future release. Please refer to the GraalVM release notes.
========================================================================================================================
GraalVM Native Image: Generating 'biojava' (executable)...
========================================================================================================================
For detailed information and explanations on the build output, visit:
https://github.com/oracle/graal/blob/master/docs/reference-manual/native-image/BuildOutput.md
------------------------------------------------------------------------------------------------------------------------
enableInlineCachePhase = false
enableInvokeProfilingPhase = false
enablePGODirectInvokeInlining = true
combinedInlining = false
ProfileDataDumpFileName = /workspace/benchmarks/results/current/profiling-data/biojava-custom_open.json
useCompilerPGOData = false
profileCompiler = false
[Use -Djdk.graal.LogFile=<path> to redirect Graal log output to a file.]
Compiler PGO is disabled, compiler profiling is disabled
Loaded 6782 call sites profiles from file: /workspace/benchmarks/results/current/profiling-data/biojava-custom_open.json
Using top 2713 call sites for PGO based inlining
Out of which 235 are indirect call sites and 2478 are direct call sites (8.661997788426097% indirect)
Representing 46112902 and 4978954321 calls respectively (0.9176574153861823% indirect)
Total calls represented: 5025067223

[1/8] Initializing...                                                                                    (2.1s @ 0.20GB)
 Java version: 24+36, vendor version: GraalVM CE 24-dev+36.1
 Graal compiler: optimization level: b, target machine: x86-64-v3
 C compiler: gcc (linux, x86_64, 12.2.0)
 Garbage collector: Serial GC (max heap size: 80% of RAM)
 1 user-specific feature(s):
 - com.oracle.svm.thirdparty.gson.GsonFeature
------------------------------------------------------------------------------------------------------------------------
 3 experimental option(s) unlocked:
 - '-H:+PlatformInterfaceCompatibilityMode' (origin(s): command line)
 - '-H:NumberOfThreads' (alternative API option(s): --parallelism=4; origin(s): command line)
 - '-H:ProfileDataDumpFileName' (origin(s): command line)
------------------------------------------------------------------------------------------------------------------------
Build resources:
 - 10.56GB of memory (17.5% of 60.42GB system memory, determined at start)
 - 4 thread(s) (25.0% of 16 available processor(s), set via '--parallelism=4')
Warning: The interface org.graalvm.nativeimage.hosted.Feature is not available in the current platform, but used by com.oracle.svm.core.feature.InternalFeature. GraalVM before version 21.2 ignored such interfaces, but this was an oversight. The interface is filtered because the compatibility option -H:+PlatformInterfaceCompatibilityMode is used. This option will be removed in a future GraalVM version.
[2/8] Performing analysis...  [******]                                                                   (6.8s @ 0.88GB)
    8,949 reachable types   (83.5% of   10,722 total)
   13,417 reachable fields  (51.2% of   26,221 total)
   44,440 reachable methods (52.6% of   84,530 total)
    3,638 types,   266 fields, and   948 methods registered for reflection
       71 types,    70 fields, and    58 methods registered for JNI access
        4 native libraries: dl, pthread, rt, z
[3/8] Building universe...                                                                               (1.4s @ 1.04GB)
[4/8] Parsing methods...      [*]                                                                        (0.8s @ 1.15GB)
[5/8] Inlining methods...     [**]                                                                       (3.4s @ 1.19GB)
[6/8] Compiling methods...    [**]                                                                       (4.6s @ 1.08GB)
[7/8] Laying out methods...   [*]                                                                        (1.9s @ 1.46GB)
[8/8] Creating image...       [*]                                                                        (1.7s @ 1.65GB)
  18.10MB (39.64%) for code area:    37,474 compilation units
  22.75MB (49.81%) for image heap:  256,633 objects and 165 resources
   4.82MB (10.55%) for other data
  45.67MB in total
------------------------------------------------------------------------------------------------------------------------
Top 10 origins of code area:                                Top 10 object types in image heap:
   7.71MB java.base                                            6.57MB byte[] for code metadata
   3.59MB AAProperties-jar-with-dependencies.jar               3.34MB byte[] for java.lang.String
   3.32MB java.xml                                             2.34MB java.lang.String
   1.63MB svm.jar (Native Image)                               2.15MB java.lang.Class
 686.63kB java.management                                    846.88kB byte[] for reflection metadata
 313.44kB dacapo-23.11-MR2-chopin.jar                        821.51kB byte[] for general heap data
 152.59kB jdk.zipfs                                          769.05kB com.oracle.svm.core.hub.DynamicHubCompanion
  98.64kB java.logging                                       514.02kB int[][]
  74.07kB jdk.charsets                                       474.73kB java.lang.String[]
  57.55kB jdk.proxy4                                         462.77kB java.lang.Object[]
 236.69kB for 17 more packages                                 4.55MB for 1934 more object types
------------------------------------------------------------------------------------------------------------------------
Recommendations:
 HEAP: Set max heap for improved and more predictable memory usage.
 CPU:  Enable more CPU features with '-march=native' for improved performance.
Total skippable fingerprints recorded: 0
Total phases ran: 1060218, total phases skipped: 0
------------------------------------------------------------------------------------------------------------------------
                        1.3s (5.5% of total time) in 569 GCs | Peak RSS: 2.41GB | CPU load: 6.30
------------------------------------------------------------------------------------------------------------------------
Build artifacts:
 /data/dacapobench/biojava (executable)
========================================================================================================================
Finished generating 'biojava' in 23.4s.
