Warning: The option '-H:+PlatformInterfaceCompatibilityMode' is experimental and must be enabled via '-H:+UnlockExperimentalVMOptions' in the future.
Warning: The option '-H:ProfileDataDumpFileName=/workspace/benchmarks/results/current/profiling-data/graphchi-custom_open.json' is experimental and must be enabled via '-H:+UnlockExperimentalVMOptions' in the future.
Warning: The option '-H:NumberOfThreads=4' is experimental and must be enabled via '-H:+UnlockExperimentalVMOptions' in the future.
Warning: Please re-evaluate whether any experimental option is required, and either remove or unlock it. The build output lists all active experimental options, including where they come from and possible alternatives. If you think an experimental option should be considered as stable, please file an issue.
Warning: Option 'PlatformInterfaceCompatibilityMode' is deprecated and might be removed in a future release: This option was introduced to simplify migration to GraalVM 21.2 and will be removed in a future release. Please refer to the GraalVM release notes.
========================================================================================================================
GraalVM Native Image: Generating 'graphchi' (executable)...
========================================================================================================================
For detailed information and explanations on the build output, visit:
https://github.com/oracle/graal/blob/master/docs/reference-manual/native-image/BuildOutput.md
------------------------------------------------------------------------------------------------------------------------
enableInlineCachePhase = false
enableInvokeProfilingPhase = false
enablePGODirectInvokeInlining = true
combinedInlining = true
ProfileDataDumpFileName = /workspace/benchmarks/results/current/profiling-data/graphchi-custom_open.json
useCompilerPGOData = false
profileCompiler = false
[Use -Djdk.graal.LogFile=<path> to redirect Graal log output to a file.]
Compiler PGO is disabled, compiler profiling is disabled
Loaded 3752 call sites profiles from file: /workspace/benchmarks/results/current/profiling-data/graphchi-custom_open.json
Using top 1501 call sites for PGO based inlining
Out of which 120 are indirect call sites and 1381 are direct call sites
Representing 7704393 and 8200544820 calls respectively

[1/8] Initializing...                                                                                    (2.3s @ 0.27GB)
 Java version: 24+36, vendor version: GraalVM CE 24-dev+36.1
 Graal compiler: optimization level: 3, target machine: x86-64-v3
 C compiler: gcc (linux, x86_64, 12.2.0)
 Garbage collector: Serial GC (max heap size: 80% of RAM)
 2 user-specific feature(s):
 - com.oracle.svm.polyglot.scala.ScalaFeature
 - com.oracle.svm.thirdparty.gson.GsonFeature
------------------------------------------------------------------------------------------------------------------------
 3 experimental option(s) unlocked:
 - '-H:+PlatformInterfaceCompatibilityMode' (origin(s): command line)
 - '-H:NumberOfThreads' (alternative API option(s): --parallelism=4; origin(s): command line)
 - '-H:ProfileDataDumpFileName' (origin(s): command line)
------------------------------------------------------------------------------------------------------------------------
Build resources:
 - 26.49GB of memory (43.8% of 60.42GB system memory, determined at start)
 - 4 thread(s) (25.0% of 16 available processor(s), set via '--parallelism=4')
Warning: The interface org.graalvm.nativeimage.hosted.Feature is not available in the current platform, but used by com.oracle.svm.core.feature.InternalFeature. GraalVM before version 21.2 ignored such interfaces, but this was an oversight. The interface is filtered because the compatibility option -H:+PlatformInterfaceCompatibilityMode is used. This option will be removed in a future GraalVM version.
[2/8] Performing analysis...  [*****]                                                                    (4.5s @ 0.61GB)
    5,521 reachable types   (76.7% of    7,198 total)
    6,783 reachable fields  (46.8% of   14,503 total)
   25,101 reachable methods (43.5% of   57,640 total)
    2,104 types,    61 fields, and   523 methods registered for reflection
       68 types,    67 fields, and    55 methods registered for JNI access
        4 native libraries: dl, pthread, rt, z
[3/8] Building universe...                                                                               (0.9s @ 0.68GB)
[4/8] Parsing methods...      [*]                                                                        (0.5s @ 0.76GB)
[5/8] Inlining methods...     [****]                                                                     (1.7s @ 0.78GB)
[6/8] Compiling methods...    [***]                                                                      (5.4s @ 0.76GB)
[7/8] Laying out methods...   [*]                                                                        (0.9s @ 0.93GB)
[8/8] Creating image...       [*]                                                                        (1.2s @ 0.70GB)
  11.47MB (41.29%) for code area:    14,950 compilation units
  13.88MB (49.94%) for image heap:  174,216 objects and 64 resources
   2.44MB ( 8.77%) for other data
  27.78MB in total
------------------------------------------------------------------------------------------------------------------------
Top 10 origins of code area:                                Top 10 object types in image heap:
   7.22MB java.base                                            2.77MB byte[] for code metadata
   1.45MB svm.jar (Native Image)                               2.46MB byte[] for java.lang.String
 861.19kB graphchi-0.2.2.jar                                   1.53MB java.lang.String
 852.63kB java.management                                      1.33MB java.lang.Class
 416.25kB dacapo-23.11-MR2-chopin.jar                        663.86kB byte[] for general heap data
 193.82kB jdk.zipfs                                          474.46kB com.oracle.svm.core.hub.DynamicHubCompanion
 110.24kB java.logging                                       430.83kB byte[] for reflection metadata
  74.00kB org.graalvm.nativeimage.base                       381.87kB java.lang.Object[]
  69.35kB jdk.charsets                                       331.27kB java.util.HashMap$Node
  53.55kB jdk.proxy2                                         298.80kB java.lang.String[]
 133.42kB for 13 more packages                                 3.26MB for 1388 more object types
------------------------------------------------------------------------------------------------------------------------
Recommendations:
 HEAP: Set max heap for improved and more predictable memory usage.
 CPU:  Enable more CPU features with '-march=native' for improved performance.
Total skippable fingerprints recorded: 0
Total phases ran: 893832, total phases skipped: 0
------------------------------------------------------------------------------------------------------------------------
                        1.1s (5.9% of total time) in 358 GCs | Peak RSS: 1.73GB | CPU load: 7.55
------------------------------------------------------------------------------------------------------------------------
Build artifacts:
 /data/dacapobench/graphchi (executable)
========================================================================================================================
Finished generating 'graphchi' in 18.2s.
