Warning: The option '-H:+PlatformInterfaceCompatibilityMode' is experimental and must be enabled via '-H:+UnlockExperimentalVMOptions' in the future.
Warning: The option '-H:ProfileDataDumpFileName=/workspace/benchmarks/results/current/profiling-data/graphchi-custom_open.json' is experimental and must be enabled via '-H:+UnlockExperimentalVMOptions' in the future.
Warning: The option '-H:NumberOfThreads=4' is experimental and must be enabled via '-H:+UnlockExperimentalVMOptions' in the future.
Warning: Please re-evaluate whether any experimental option is required, and either remove or unlock it. The build output lists all active experimental options, including where they come from and possible alternatives. If you think an experimental option should be considered as stable, please file an issue.
Warning: Option 'PlatformInterfaceCompatibilityMode' is deprecated and might be removed in a future release: This option was introduced to simplify migration to GraalVM 21.2 and will be removed in a future release. Please refer to the GraalVM release notes.
========================================================================================================================
GraalVM Native Image: Generating 'graphchi' (executable)...
========================================================================================================================
For detailed information and explanations on the build output, visit:
https://github.com/oracle/graal/blob/master/docs/reference-manual/native-image/BuildOutput.md
------------------------------------------------------------------------------------------------------------------------
[Use -Djdk.graal.LogFile=<path> to redirect Graal log output to a file.]
Compiler PGO is enabled, compiler profiling is disabled
Compiler PGO enabled, reading skippable phases from skippable_phases.txt
Found 199816 skippable phases.
Loaded 3752 call sites profiles from file: /workspace/benchmarks/results/current/profiling-data/graphchi-custom_open.json
Using top 1501 call sites for PGO based inlining
Out of which 120 are indirect call sites and 1381 are direct call sites
Representing 7704393 and 8200544820 calls respectively

[1/8] Initializing...                                                                                    (2.5s @ 0.37GB)
 Java version: 24+36, vendor version: GraalVM CE 24-dev+36.1
 Graal compiler: optimization level: 3, target machine: x86-64-v3
 C compiler: gcc (linux, x86_64, 12.2.0)
 Garbage collector: Serial GC (max heap size: 80% of RAM)
 2 user-specific feature(s):
 - com.oracle.svm.polyglot.scala.ScalaFeature
 - com.oracle.svm.thirdparty.gson.GsonFeature
------------------------------------------------------------------------------------------------------------------------
 3 experimental option(s) unlocked:
 - '-H:+PlatformInterfaceCompatibilityMode' (origin(s): command line)
 - '-H:NumberOfThreads' (alternative API option(s): --parallelism=4; origin(s): command line)
 - '-H:ProfileDataDumpFileName' (origin(s): command line)
------------------------------------------------------------------------------------------------------------------------
Build resources:
 - 26.49GB of memory (43.8% of 60.42GB system memory, determined at start)
 - 4 thread(s) (25.0% of 16 available processor(s), set via '--parallelism=4')
Warning: The interface org.graalvm.nativeimage.hosted.Feature is not available in the current platform, but used by com.oracle.svm.core.feature.InternalFeature. GraalVM before version 21.2 ignored such interfaces, but this was an oversight. The interface is filtered because the compatibility option -H:+PlatformInterfaceCompatibilityMode is used. This option will be removed in a future GraalVM version.
[2/8] Performing analysis...  [*****]                                                                    (7.7s @ 0.74GB)
    5,521 reachable types   (76.7% of    7,199 total)
    6,783 reachable fields  (46.8% of   14,503 total)
   25,104 reachable methods (43.6% of   57,588 total)
    2,105 types,    61 fields, and   524 methods registered for reflection
       68 types,    67 fields, and    55 methods registered for JNI access
        4 native libraries: dl, pthread, rt, z
[3/8] Building universe...                                                                               (1.0s @ 0.75GB)
[4/8] Parsing methods...      [*]                                                                        (0.5s @ 0.76GB)
[5/8] Inlining methods...     [****]                                                                     (2.0s @ 0.91GB)
[6/8] Compiling methods...    [***]                                                                      (6.0s @ 0.81GB)
[7/8] Laying out methods...   [*]                                                                        (1.2s @ 0.74GB)
[8/8] Creating image...       [*]                                                                        (1.1s @ 0.85GB)
  11.37MB (41.00%) for code area:    14,943 compilation units
  13.94MB (50.28%) for image heap:  174,216 objects and 64 resources
   2.42MB ( 8.72%) for other data
  27.72MB in total
------------------------------------------------------------------------------------------------------------------------
Top 10 origins of code area:                                Top 10 object types in image heap:
   7.13MB java.base                                            2.82MB byte[] for code metadata
   1.44MB svm.jar (Native Image)                               2.46MB byte[] for java.lang.String
 883.25kB graphchi-0.2.2.jar                                   1.53MB java.lang.String
 833.50kB java.management                                      1.33MB java.lang.Class
 418.37kB dacapo-23.11-MR2-chopin.jar                        663.87kB byte[] for general heap data
 184.87kB jdk.zipfs                                          474.46kB com.oracle.svm.core.hub.DynamicHubCompanion
 106.78kB java.logging                                       430.96kB byte[] for reflection metadata
  73.66kB org.graalvm.nativeimage.base                       381.88kB java.lang.Object[]
  69.35kB jdk.charsets                                       331.22kB java.util.HashMap$Node
  50.29kB jdk.proxy2                                         302.66kB heap alignment
 142.61kB for 13 more packages                                 3.27MB for 1386 more object types
------------------------------------------------------------------------------------------------------------------------
Recommendations:
 HEAP: Set max heap for improved and more predictable memory usage.
 CPU:  Enable more CPU features with '-march=native' for improved performance.
Total skippable fingerprints recorded: 199816
Total phases ran: 899003, total phases skipped: 239431
------------------------------------------------------------------------------------------------------------------------
                        1.6s (6.8% of total time) in 411 GCs | Peak RSS: 1.69GB | CPU load: 6.70
------------------------------------------------------------------------------------------------------------------------
Build artifacts:
 /data/dacapobench/graphchi (executable)
========================================================================================================================
Finished generating 'graphchi' in 22.7s.
