Warning: The option '-H:+PlatformInterfaceCompatibilityMode' is experimental and must be enabled via '-H:+UnlockExperimentalVMOptions' in the future.
Warning: The option '-H:NumberOfThreads=4' is experimental and must be enabled via '-H:+UnlockExperimentalVMOptions' in the future.
Warning: Please re-evaluate whether any experimental option is required, and either remove or unlock it. The build output lists all active experimental options, including where they come from and possible alternatives. If you think an experimental option should be considered as stable, please file an issue.
Warning: Option 'PlatformInterfaceCompatibilityMode' is deprecated and might be removed in a future release: This option was introduced to simplify migration to GraalVM 21.2 and will be removed in a future release. Please refer to the GraalVM release notes.
========================================================================================================================
GraalVM Native Image: Generating 'graphchi' (executable)...
========================================================================================================================
For detailed information and explanations on the build output, visit:
https://github.com/oracle/graal/blob/master/docs/reference-manual/native-image/BuildOutput.md
------------------------------------------------------------------------------------------------------------------------
enableInlineCachePhase = false
enableInvokeProfilingPhase = false
enablePGODirectInvokeInlining = false
combinedInlining = false
ProfileDataDumpFileName = null
useCompilerPGOData = false
profileCompiler = false
[Use -Djdk.graal.LogFile=<path> to redirect Graal log output to a file.]
Compiler PGO is disabled, compiler profiling is disabled
[1/8] Initializing...                                                                                    (2.6s @ 0.26GB)
 Java version: 24+36, vendor version: GraalVM CE 24-dev+36.1
 Graal compiler: optimization level: 2, target machine: x86-64-v3
 C compiler: gcc (linux, x86_64, 12.2.0)
 Garbage collector: Serial GC (max heap size: 80% of RAM)
 2 user-specific feature(s):
 - com.oracle.svm.polyglot.scala.ScalaFeature
 - com.oracle.svm.thirdparty.gson.GsonFeature
------------------------------------------------------------------------------------------------------------------------
 2 experimental option(s) unlocked:
 - '-H:+PlatformInterfaceCompatibilityMode' (origin(s): command line)
 - '-H:NumberOfThreads' (alternative API option(s): --parallelism=4; origin(s): command line)
------------------------------------------------------------------------------------------------------------------------
Build resources:
 - 26.49GB of memory (43.8% of 60.42GB system memory, determined at start)
 - 4 thread(s) (25.0% of 16 available processor(s), set via '--parallelism=4')
Warning: The interface org.graalvm.nativeimage.hosted.Feature is not available in the current platform, but used by com.oracle.svm.core.feature.InternalFeature. GraalVM before version 21.2 ignored such interfaces, but this was an oversight. The interface is filtered because the compatibility option -H:+PlatformInterfaceCompatibilityMode is used. This option will be removed in a future GraalVM version.
[2/8] Performing analysis...  [*****]                                                                    (6.3s @ 0.93GB)
    5,520 reachable types   (76.7% of    7,198 total)
    6,783 reachable fields  (46.8% of   14,503 total)
   25,103 reachable methods (43.6% of   57,576 total)
    2,103 types,    61 fields, and   523 methods registered for reflection
       68 types,    67 fields, and    55 methods registered for JNI access
        4 native libraries: dl, pthread, rt, z
[3/8] Building universe...                                                                               (1.1s @ 1.09GB)
[4/8] Parsing methods...      [*]                                                                        (0.6s @ 1.28GB)
[5/8] Inlining methods...     [****]                                                                     (0.8s @ 0.77GB)
[6/8] Compiling methods...    [***]                                                                      (5.7s @ 0.67GB)
[7/8] Laying out methods...   [*]                                                                        (1.1s @ 0.83GB)
[8/8] Creating image...       [*]                                                                        (1.4s @ 0.77GB)
   9.93MB (37.95%) for code area:    15,133 compilation units
  13.81MB (52.78%) for image heap:  174,232 objects and 64 resources
   2.43MB ( 9.27%) for other data
  26.17MB in total
------------------------------------------------------------------------------------------------------------------------
Top 10 origins of code area:                                Top 10 object types in image heap:
   6.74MB java.base                                            2.64MB byte[] for code metadata
   1.34MB svm.jar (Native Image)                               2.46MB byte[] for java.lang.String
 449.49kB java.management                                      1.53MB java.lang.String
 426.67kB graphchi-0.2.2.jar                                   1.33MB java.lang.Class
 276.19kB dacapo-23.11-MR2-chopin.jar                        663.69kB byte[] for general heap data
 197.16kB jdk.zipfs                                          474.38kB com.oracle.svm.core.hub.DynamicHubCompanion
 108.63kB java.logging                                       430.77kB byte[] for reflection metadata
  75.25kB org.graalvm.nativeimage.base                       381.87kB java.lang.Object[]
  69.39kB jdk.charsets                                       354.51kB heap alignment
  54.56kB jdk.proxy2                                         331.27kB java.util.HashMap$Node
 126.21kB for 13 more packages                                 3.27MB for 1386 more object types
------------------------------------------------------------------------------------------------------------------------
Recommendations:
 HEAP: Set max heap for improved and more predictable memory usage.
 CPU:  Enable more CPU features with '-march=native' for improved performance.
Total skippable fingerprints recorded: 0
Total phases ran: 883064, total phases skipped: 0
Percentage of ICs missed due to large code size: 0/0 (NaN%)
------------------------------------------------------------------------------------------------------------------------
                        1.0s (4.9% of total time) in 50 GCs | Peak RSS: 2.23GB | CPU load: 6.77
------------------------------------------------------------------------------------------------------------------------
Build artifacts:
 /data/dacapobench/graphchi (executable)
========================================================================================================================
Finished generating 'graphchi' in 20.4s.
