Warning: The option '-H:+PlatformInterfaceCompatibilityMode' is experimental and must be enabled via '-H:+UnlockExperimentalVMOptions' in the future.
Warning: The option '-H:NumberOfThreads=4' is experimental and must be enabled via '-H:+UnlockExperimentalVMOptions' in the future.
Warning: Please re-evaluate whether any experimental option is required, and either remove or unlock it. The build output lists all active experimental options, including where they come from and possible alternatives. If you think an experimental option should be considered as stable, please file an issue.
Warning: Option 'PlatformInterfaceCompatibilityMode' is deprecated and might be removed in a future release: This option was introduced to simplify migration to GraalVM 21.2 and will be removed in a future release. Please refer to the GraalVM release notes.
========================================================================================================================
GraalVM Native Image: Generating 'graphchi' (executable)...
========================================================================================================================
For detailed information and explanations on the build output, visit:
https://github.com/oracle/graal/blob/master/docs/reference-manual/native-image/BuildOutput.md
------------------------------------------------------------------------------------------------------------------------
enableInlineCachePhase = false
enableInvokeProfilingPhase = false
enablePGODirectInvokeInlining = false
combinedInlining = false
ProfileDataDumpFileName = null
useCompilerPGOData = false
profileCompiler = false
[Use -Djdk.graal.LogFile=<path> to redirect Graal log output to a file.]
Compiler PGO is disabled, compiler profiling is disabled
[1/8] Initializing...                                                                                    (2.1s @ 0.28GB)
 Java version: 24+36, vendor version: GraalVM CE 24-dev+36.1
 Graal compiler: optimization level: 0, target machine: x86-64-v3
 C compiler: gcc (linux, x86_64, 12.2.0)
 Garbage collector: Serial GC (max heap size: 80% of RAM)
 2 user-specific feature(s):
 - com.oracle.svm.polyglot.scala.ScalaFeature
 - com.oracle.svm.thirdparty.gson.GsonFeature
------------------------------------------------------------------------------------------------------------------------
 2 experimental option(s) unlocked:
 - '-H:+PlatformInterfaceCompatibilityMode' (origin(s): command line)
 - '-H:NumberOfThreads' (alternative API option(s): --parallelism=4; origin(s): command line)
------------------------------------------------------------------------------------------------------------------------
Build resources:
 - 19.61GB of memory (32.4% of 60.42GB system memory, determined at start)
 - 4 thread(s) (25.0% of 16 available processor(s), set via '--parallelism=4')
Warning: The interface org.graalvm.nativeimage.hosted.Feature is not available in the current platform, but used by com.oracle.svm.core.feature.InternalFeature. GraalVM before version 21.2 ignored such interfaces, but this was an oversight. The interface is filtered because the compatibility option -H:+PlatformInterfaceCompatibilityMode is used. This option will be removed in a future GraalVM version.
[2/8] Performing analysis...  [******]                                                                   (4.5s @ 0.69GB)
    5,700 reachable types   (78.4% of    7,271 total)
    6,849 reachable fields  (46.7% of   14,654 total)
   25,412 reachable methods (43.2% of   58,779 total)
    2,123 types,    74 fields, and   537 methods registered for reflection
       68 types,    67 fields, and    55 methods registered for JNI access
        4 native libraries: dl, pthread, rt, z
[3/8] Building universe...                                                                               (0.9s @ 0.71GB)
[4/8] Parsing methods...      [*]                                                                        (0.6s @ 0.81GB)
[5/8] Inlining methods...     [**]                                                                       (0.3s @ 0.82GB)
[6/8] Compiling methods...    [**]                                                                       (4.6s @ 1.03GB)
[7/8] Laying out methods...   [*]                                                                        (1.0s @ 1.19GB)
[8/8] Creating image...       [*]                                                                        (1.2s @ 0.98GB)
   9.01MB (34.60%) for code area:    21,193 compilation units
  14.13MB (54.23%) for image heap:  177,884 objects and 64 resources
   2.91MB (11.17%) for other data
  26.04MB in total
------------------------------------------------------------------------------------------------------------------------
Top 10 origins of code area:                                Top 10 object types in image heap:
   5.94MB java.base                                            2.98MB byte[] for code metadata
   1.45MB svm.jar (Native Image)                               2.49MB byte[] for java.lang.String
 410.67kB graphchi-0.2.2.jar                                   1.55MB java.lang.String
 363.55kB java.management                                      1.37MB java.lang.Class
 225.87kB dacapo-23.11-MR2-chopin.jar                        663.66kB byte[] for general heap data
 164.85kB jdk.zipfs                                          489.84kB com.oracle.svm.core.hub.DynamicHubCompanion
 101.22kB java.logging                                       438.24kB byte[] for reflection metadata
  69.70kB jdk.charsets                                       396.34kB java.lang.Object[]
  57.73kB org.graalvm.nativeimage.base                       333.28kB java.util.HashMap$Node
  31.56kB jdk.proxy2                                         302.84kB java.lang.String[]
  96.56kB for 13 more packages                                 3.18MB for 1469 more object types
------------------------------------------------------------------------------------------------------------------------
Recommendations:
 HEAP: Set max heap for improved and more predictable memory usage.
 CPU:  Enable more CPU features with '-march=native' for improved performance.
Total skippable fingerprints recorded: 0
Total phases ran: 1180228, total phases skipped: 0
------------------------------------------------------------------------------------------------------------------------
                        1.1s (6.8% of total time) in 352 GCs | Peak RSS: 2.03GB | CPU load: 7.73
------------------------------------------------------------------------------------------------------------------------
Build artifacts:
 /data/dacapobench/graphchi (executable)
========================================================================================================================
Finished generating 'graphchi' in 15.9s.
