Warning: The option '-H:+PlatformInterfaceCompatibilityMode' is experimental and must be enabled via '-H:+UnlockExperimentalVMOptions' in the future.
Warning: The option '-H:NumberOfThreads=4' is experimental and must be enabled via '-H:+UnlockExperimentalVMOptions' in the future.
Warning: Please re-evaluate whether any experimental option is required, and either remove or unlock it. The build output lists all active experimental options, including where they come from and possible alternatives. If you think an experimental option should be considered as stable, please file an issue.
Warning: Option 'PlatformInterfaceCompatibilityMode' is deprecated and might be removed in a future release: This option was introduced to simplify migration to GraalVM 21.2 and will be removed in a future release. Please refer to the GraalVM release notes.
========================================================================================================================
GraalVM Native Image: Generating 'graphchi' (executable)...
========================================================================================================================
For detailed information and explanations on the build output, visit:
https://github.com/oracle/graal/blob/master/docs/reference-manual/native-image/BuildOutput.md
------------------------------------------------------------------------------------------------------------------------
enableInlineCachePhase = false
enableInvokeProfilingPhase = false
enablePGODirectInvokeInlining = false
combinedInlining = false
ProfileDataDumpFileName = null
useCompilerPGOData = false
profileCompiler = false
[Use -Djdk.graal.LogFile=<path> to redirect Graal log output to a file.]
Compiler PGO is disabled, compiler profiling is disabled
[1/8] Initializing...                                                                                    (2.0s @ 0.26GB)
 Java version: 24+36, vendor version: GraalVM CE 24-dev+36.1
 Graal compiler: optimization level: s, target machine: x86-64-v3
 C compiler: gcc (linux, x86_64, 12.2.0)
 Garbage collector: Serial GC (max heap size: 80% of RAM)
 2 user-specific feature(s):
 - com.oracle.svm.polyglot.scala.ScalaFeature
 - com.oracle.svm.thirdparty.gson.GsonFeature
------------------------------------------------------------------------------------------------------------------------
 2 experimental option(s) unlocked:
 - '-H:+PlatformInterfaceCompatibilityMode' (origin(s): command line)
 - '-H:NumberOfThreads' (alternative API option(s): --parallelism=4; origin(s): command line)
------------------------------------------------------------------------------------------------------------------------
Build resources:
 - 19.55GB of memory (32.3% of 60.42GB system memory, determined at start)
 - 4 thread(s) (25.0% of 16 available processor(s), set via '--parallelism=4')
Warning: The interface org.graalvm.nativeimage.hosted.Feature is not available in the current platform, but used by com.oracle.svm.core.feature.InternalFeature. GraalVM before version 21.2 ignored such interfaces, but this was an oversight. The interface is filtered because the compatibility option -H:+PlatformInterfaceCompatibilityMode is used. This option will be removed in a future GraalVM version.
[2/8] Performing analysis...  [*****]                                                                    (4.1s @ 0.97GB)
    5,520 reachable types   (76.7% of    7,195 total)
    6,783 reachable fields  (46.8% of   14,503 total)
   25,103 reachable methods (43.7% of   57,473 total)
    2,103 types,    61 fields, and   523 methods registered for reflection
       68 types,    67 fields, and    55 methods registered for JNI access
        4 native libraries: dl, pthread, rt, z
[3/8] Building universe...                                                                               (0.9s @ 1.18GB)
[4/8] Parsing methods...      [*]                                                                        (0.5s @ 0.71GB)
[5/8] Inlining methods...     [****]                                                                     (0.6s @ 1.02GB)
[6/8] Compiling methods...    [**]                                                                       (3.4s @ 0.93GB)
[7/8] Laying out methods...   [*]                                                                        (0.8s @ 0.87GB)
[8/8] Creating image...       [*]                                                                        (1.0s @ 0.70GB)
   6.36MB (28.59%) for code area:    15,133 compilation units
  13.44MB (60.44%) for image heap:  174,257 objects and 64 resources
   2.44MB (10.97%) for other data
  22.23MB in total
------------------------------------------------------------------------------------------------------------------------
Top 10 origins of code area:                                Top 10 object types in image heap:
   4.30MB java.base                                            2.46MB byte[] for java.lang.String
 952.14kB svm.jar (Native Image)                               2.19MB byte[] for code metadata
 272.02kB java.management                                      1.53MB java.lang.String
 259.18kB graphchi-0.2.2.jar                                   1.33MB java.lang.Class
 150.46kB dacapo-23.11-MR2-chopin.jar                        663.59kB byte[] for general heap data
 123.57kB jdk.zipfs                                          474.38kB com.oracle.svm.core.hub.DynamicHubCompanion
  69.09kB java.logging                                       430.78kB byte[] for reflection metadata
  35.76kB org.graalvm.nativeimage.base                       430.33kB heap alignment
  32.42kB jdk.proxy2                                         381.87kB java.lang.Object[]
  29.27kB jdk.charsets                                       332.02kB java.util.HashMap$Node
  75.44kB for 13 more packages                                 3.27MB for 1393 more object types
------------------------------------------------------------------------------------------------------------------------
Recommendations:
 HEAP: Set max heap for improved and more predictable memory usage.
 CPU:  Enable more CPU features with '-march=native' for improved performance.
Total skippable fingerprints recorded: 0
Total phases ran: 789833, total phases skipped: 0
------------------------------------------------------------------------------------------------------------------------
                        0.6s (4.1% of total time) in 41 GCs | Peak RSS: 2.22GB | CPU load: 8.00
------------------------------------------------------------------------------------------------------------------------
Build artifacts:
 /data/dacapobench/graphchi (executable)
========================================================================================================================
Finished generating 'graphchi' in 13.9s.
