Warning: The option '-H:+PlatformInterfaceCompatibilityMode' is experimental and must be enabled via '-H:+UnlockExperimentalVMOptions' in the future.
Warning: The option '-H:NumberOfThreads=4' is experimental and must be enabled via '-H:+UnlockExperimentalVMOptions' in the future.
Warning: Please re-evaluate whether any experimental option is required, and either remove or unlock it. The build output lists all active experimental options, including where they come from and possible alternatives. If you think an experimental option should be considered as stable, please file an issue.
Warning: Option 'PlatformInterfaceCompatibilityMode' is deprecated and might be removed in a future release: This option was introduced to simplify migration to GraalVM 21.2 and will be removed in a future release. Please refer to the GraalVM release notes.
========================================================================================================================
GraalVM Native Image: Generating 'graphchi' (executable)...
========================================================================================================================
For detailed information and explanations on the build output, visit:
https://github.com/oracle/graal/blob/master/docs/reference-manual/native-image/BuildOutput.md
------------------------------------------------------------------------------------------------------------------------
enableInlineCachePhase = false
enableInvokeProfilingPhase = false
enablePGODirectInvokeInlining = false
combinedInlining = false
ProfileDataDumpFileName = null
useCompilerPGOData = true
profileCompiler = false
[Use -Djdk.graal.LogFile=<path> to redirect Graal log output to a file.]
Compiler PGO is enabled, compiler profiling is disabled
Compiler PGO enabled, reading skippable phases from skippable_phases.txt
Found 203007 skippable phases.
[1/8] Initializing...                                                                                    (2.2s @ 0.28GB)
 Java version: 24+36, vendor version: GraalVM CE 24-dev+36.1
 Graal compiler: optimization level: 3, target machine: x86-64-v3
 C compiler: gcc (linux, x86_64, 12.2.0)
 Garbage collector: Serial GC (max heap size: 80% of RAM)
 2 user-specific feature(s):
 - com.oracle.svm.polyglot.scala.ScalaFeature
 - com.oracle.svm.thirdparty.gson.GsonFeature
------------------------------------------------------------------------------------------------------------------------
 2 experimental option(s) unlocked:
 - '-H:+PlatformInterfaceCompatibilityMode' (origin(s): command line)
 - '-H:NumberOfThreads' (alternative API option(s): --parallelism=4; origin(s): command line)
------------------------------------------------------------------------------------------------------------------------
Build resources:
 - 18.10GB of memory (30.0% of 60.42GB system memory, determined at start)
 - 4 thread(s) (25.0% of 16 available processor(s), set via '--parallelism=4')
Warning: The interface org.graalvm.nativeimage.hosted.Feature is not available in the current platform, but used by com.oracle.svm.core.feature.InternalFeature. GraalVM before version 21.2 ignored such interfaces, but this was an oversight. The interface is filtered because the compatibility option -H:+PlatformInterfaceCompatibilityMode is used. This option will be removed in a future GraalVM version.
[2/8] Performing analysis...  [****]                                                                     (4.5s @ 0.60GB)
    5,520 reachable types   (76.7% of    7,199 total)
    6,783 reachable fields  (46.8% of   14,503 total)
   25,103 reachable methods (43.6% of   57,546 total)
    2,103 types,    61 fields, and   523 methods registered for reflection
       68 types,    67 fields, and    55 methods registered for JNI access
        4 native libraries: dl, pthread, rt, z
[3/8] Building universe...                                                                               (1.0s @ 0.68GB)
[4/8] Parsing methods...      [*]                                                                        (0.5s @ 0.74GB)
[5/8] Inlining methods...     [****]                                                                     (0.6s @ 0.77GB)
[6/8] Compiling methods...    [**]                                                                       (4.6s @ 0.68GB)
[7/8] Laying out methods...   [*]                                                                        (0.8s @ 0.79GB)
[8/8] Creating image...       [*]                                                                        (1.2s @ 0.67GB)
   9.60MB (37.48%) for code area:    15,133 compilation units
  13.56MB (52.96%) for image heap:  174,228 objects and 64 resources
   2.45MB ( 9.56%) for other data
  25.61MB in total
------------------------------------------------------------------------------------------------------------------------
Top 10 origins of code area:                                Top 10 object types in image heap:
   6.48MB java.base                                            2.46MB byte[] for java.lang.String
   1.32MB svm.jar (Native Image)                               2.38MB byte[] for code metadata
 436.83kB java.management                                      1.53MB java.lang.String
 412.61kB graphchi-0.2.2.jar                                   1.33MB java.lang.Class
 268.12kB dacapo-23.11-MR2-chopin.jar                        663.69kB byte[] for general heap data
 190.98kB jdk.zipfs                                          474.38kB com.oracle.svm.core.hub.DynamicHubCompanion
 105.42kB java.logging                                       430.80kB byte[] for reflection metadata
  73.58kB org.graalvm.nativeimage.base                       381.48kB java.lang.Object[]
  69.38kB jdk.charsets                                       364.02kB heap alignment
  53.55kB jdk.proxy2                                         331.64kB java.util.HashMap$Node
 122.54kB for 13 more packages                                 3.27MB for 1386 more object types
------------------------------------------------------------------------------------------------------------------------
Recommendations:
 HEAP: Set max heap for improved and more predictable memory usage.
 CPU:  Enable more CPU features with '-march=native' for improved performance.
Total skippable fingerprints recorded: 203007
Total phases ran: 898080, total phases skipped: 240052
------------------------------------------------------------------------------------------------------------------------
                        1.0s (6.1% of total time) in 296 GCs | Peak RSS: 1.60GB | CPU load: 7.73
------------------------------------------------------------------------------------------------------------------------
Build artifacts:
 /data/dacapobench/graphchi (executable)
========================================================================================================================
Finished generating 'graphchi' in 16.1s.
