Warning: The option '-H:+PlatformInterfaceCompatibilityMode' is experimental and must be enabled via '-H:+UnlockExperimentalVMOptions' in the future.
Warning: The option '-H:ProfileDataDumpFileName=/workspace/benchmarks/results/current/profiling-data/h2-custom_open.json' is experimental and must be enabled via '-H:+UnlockExperimentalVMOptions' in the future.
Warning: The option '-H:NumberOfThreads=4' is experimental and must be enabled via '-H:+UnlockExperimentalVMOptions' in the future.
Warning: Please re-evaluate whether any experimental option is required, and either remove or unlock it. The build output lists all active experimental options, including where they come from and possible alternatives. If you think an experimental option should be considered as stable, please file an issue.
Warning: Option 'PlatformInterfaceCompatibilityMode' is deprecated and might be removed in a future release: This option was introduced to simplify migration to GraalVM 21.2 and will be removed in a future release. Please refer to the GraalVM release notes.
========================================================================================================================
GraalVM Native Image: Generating 'h2' (executable)...
========================================================================================================================
For detailed information and explanations on the build output, visit:
https://github.com/oracle/graal/blob/master/docs/reference-manual/native-image/BuildOutput.md
------------------------------------------------------------------------------------------------------------------------
enableInlineCachePhase = true
enableInvokeProfilingPhase = false
enablePGODirectInvokeInlining = false
combinedInlining = false
ProfileDataDumpFileName = /workspace/benchmarks/results/current/profiling-data/h2-custom_open.json
useCompilerPGOData = false
profileCompiler = false
[Use -Djdk.graal.LogFile=<path> to redirect Graal log output to a file.]
Compiler PGO is disabled, compiler profiling is disabled
Loaded 5170 call sites profiles from file: /workspace/benchmarks/results/current/profiling-data/h2-custom_open.json
Using top 2068 call sites for PGO based inlining
Out of which 730 are indirect call sites and 1338 are direct call sites
Representing 4780175680 and 5705237999 calls respectively (45.58881343493057% indirect)

[1/8] Initializing...                                                                                    (2.7s @ 0.43GB)
 Java version: 24+36, vendor version: GraalVM CE 24-dev+36.1
 Graal compiler: optimization level: 3, target machine: x86-64-v3
 C compiler: gcc (linux, x86_64, 12.2.0)
 Garbage collector: Serial GC (max heap size: 80% of RAM)
 1 user-specific feature(s):
 - com.oracle.svm.thirdparty.gson.GsonFeature
------------------------------------------------------------------------------------------------------------------------
 3 experimental option(s) unlocked:
 - '-H:+PlatformInterfaceCompatibilityMode' (origin(s): command line)
 - '-H:NumberOfThreads' (alternative API option(s): --parallelism=4; origin(s): command line)
 - '-H:ProfileDataDumpFileName' (origin(s): command line)
------------------------------------------------------------------------------------------------------------------------
Build resources:
 - 26.49GB of memory (43.8% of 60.42GB system memory, determined at start)
 - 4 thread(s) (25.0% of 16 available processor(s), set via '--parallelism=4')
Warning: The interface org.graalvm.nativeimage.hosted.Feature is not available in the current platform, but used by com.oracle.svm.core.feature.InternalFeature. GraalVM before version 21.2 ignored such interfaces, but this was an oversight. The interface is filtered because the compatibility option -H:+PlatformInterfaceCompatibilityMode is used. This option will be removed in a future GraalVM version.
[2/8] Performing analysis...  [*****]                                                                   (17.3s @ 1.49GB)
   10,619 reachable types   (83.4% of   12,732 total)
   19,764 reachable fields  (53.8% of   36,751 total)
   59,563 reachable methods (58.2% of  102,296 total)
    3,336 types,    34 fields, and   671 methods registered for reflection
       62 types,    66 fields, and    55 methods registered for JNI access
        4 native libraries: dl, pthread, rt, z
[3/8] Building universe...                                                                               (2.0s @ 1.70GB)
[4/8] Parsing methods...      [*]                                                                        (1.2s @ 1.79GB)
[5/8] Inlining methods...     [***]                                                                      (7.6s @ 1.97GB)
[6/8] Compiling methods...    [****]                                                                    (12.3s @ 1.44GB)
[7/8] Laying out methods...   [**]                                                                       (2.3s @ 1.82GB)
[8/8] Creating image...       [**]                                                                       (2.3s @ 1.27GB)
  28.55MB (47.27%) for code area:    37,637 compilation units
  26.38MB (43.67%) for image heap:  303,265 objects and 165 resources
   5.47MB ( 9.06%) for other data
  60.40MB in total
------------------------------------------------------------------------------------------------------------------------
Top 10 origins of code area:                                Top 10 object types in image heap:
  11.87MB java.base                                            7.15MB byte[] for code metadata
   5.58MB h2-2.2.220.jar                                       3.88MB byte[] for java.lang.String
   3.26MB java.xml                                             2.89MB java.lang.String
   1.97MB java.desktop                                         2.64MB java.lang.Class
   1.59MB svm.jar (Native Image)                             949.18kB byte[] for embedded resources
   1.07MB derbyclient.jar                                    912.57kB com.oracle.svm.core.hub.DynamicHubCompanion
 532.15kB java.security.jgss                                 836.02kB byte[] for general heap data
 408.14kB derbyTesting.jar                                   669.13kB byte[] for reflection metadata
 376.46kB dacapo-23.11-MR2-chopin.jar                        598.26kB java.lang.String[]
 319.29kB java.rmi                                           513.05kB int[][]
   1.36MB for 29 more packages                                 5.43MB for 2238 more object types
------------------------------------------------------------------------------------------------------------------------
Recommendations:
 AWT:  Use the tracing agent to collect metadata for AWT.
 HEAP: Set max heap for improved and more predictable memory usage.
 CPU:  Enable more CPU features with '-march=native' for improved performance.
Total skippable fingerprints recorded: 0
Total phases ran: 2214861, total phases skipped: 0
Percentage of ICs missed due to large code size: 0/658 (0.00%)
------------------------------------------------------------------------------------------------------------------------
                       3.4s (7.0% of total time) in 1994 GCs | Peak RSS: 2.88GB | CPU load: 5.37
------------------------------------------------------------------------------------------------------------------------
Build artifacts:
 /data/dacapobench/h2 (executable)
 /data/dacapobench/libawt.so (jdk_library)
 /data/dacapobench/libawt_headless.so (jdk_library)
 /data/dacapobench/libawt_xawt.so (jdk_library)
 /data/dacapobench/libfontmanager.so (jdk_library)
 /data/dacapobench/libjava.so (jdk_library_shim)
 /data/dacapobench/libjavajpeg.so (jdk_library)
 /data/dacapobench/libjvm.so (jdk_library_shim)
 /data/dacapobench/liblcms.so (jdk_library)
========================================================================================================================
Finished generating 'h2' in 48.6s.
