Warning: The option '-H:+PlatformInterfaceCompatibilityMode' is experimental and must be enabled via '-H:+UnlockExperimentalVMOptions' in the future.
Warning: The option '-H:NumberOfThreads=4' is experimental and must be enabled via '-H:+UnlockExperimentalVMOptions' in the future.
Warning: Please re-evaluate whether any experimental option is required, and either remove or unlock it. The build output lists all active experimental options, including where they come from and possible alternatives. If you think an experimental option should be considered as stable, please file an issue.
Warning: Option 'PlatformInterfaceCompatibilityMode' is deprecated and might be removed in a future release: This option was introduced to simplify migration to GraalVM 21.2 and will be removed in a future release. Please refer to the GraalVM release notes.
========================================================================================================================
GraalVM Native Image: Generating 'h2' (executable)...
========================================================================================================================
For detailed information and explanations on the build output, visit:
https://github.com/oracle/graal/blob/master/docs/reference-manual/native-image/BuildOutput.md
------------------------------------------------------------------------------------------------------------------------
enableInlineCachePhase = false
enableInvokeProfilingPhase = false
enablePGODirectInvokeInlining = false
combinedInlining = false
ProfileDataDumpFileName = null
useCompilerPGOData = true
profileCompiler = false
[Use -Djdk.graal.LogFile=<path> to redirect Graal log output to a file.]
Compiler PGO is enabled, compiler profiling is disabled
Compiler PGO enabled, reading skippable phases from skippable_phases.txt
Found 665229 skippable phases.
[1/8] Initializing...                                                                                    (2.2s @ 0.26GB)
 Java version: 24+36, vendor version: GraalVM CE 24-dev+36.1
 Graal compiler: optimization level: 0, target machine: x86-64-v3
 C compiler: gcc (linux, x86_64, 12.2.0)
 Garbage collector: Serial GC (max heap size: 80% of RAM)
 1 user-specific feature(s):
 - com.oracle.svm.thirdparty.gson.GsonFeature
------------------------------------------------------------------------------------------------------------------------
 2 experimental option(s) unlocked:
 - '-H:+PlatformInterfaceCompatibilityMode' (origin(s): command line)
 - '-H:NumberOfThreads' (alternative API option(s): --parallelism=4; origin(s): command line)
------------------------------------------------------------------------------------------------------------------------
Build resources:
 - 11.68GB of memory (19.3% of 60.42GB system memory, determined at start)
 - 4 thread(s) (25.0% of 16 available processor(s), set via '--parallelism=4')
Warning: The interface org.graalvm.nativeimage.hosted.Feature is not available in the current platform, but used by com.oracle.svm.core.feature.InternalFeature. GraalVM before version 21.2 ignored such interfaces, but this was an oversight. The interface is filtered because the compatibility option -H:+PlatformInterfaceCompatibilityMode is used. This option will be removed in a future GraalVM version.
[2/8] Performing analysis...  [******]                                                                  (10.2s @ 1.36GB)
   10,886 reachable types   (85.2% of   12,783 total)
   19,838 reachable fields  (53.9% of   36,830 total)
   59,761 reachable methods (58.1% of  102,837 total)
    3,353 types,    60 fields, and   680 methods registered for reflection
       62 types,    66 fields, and    55 methods registered for JNI access
        4 native libraries: dl, pthread, rt, z
[3/8] Building universe...                                                                               (2.2s @ 1.62GB)
[4/8] Parsing methods...      [*]                                                                        (1.7s @ 1.90GB)
[5/8] Inlining methods...     [**]                                                                       (0.8s @ 1.92GB)
[6/8] Compiling methods...    [****]                                                                    (12.2s @ 2.28GB)
[7/8] Laying out methods...   [**]                                                                       (2.6s @ 2.72GB)
[8/8] Creating image...       [**]                                                                       (2.5s @ 2.14GB)
  25.91MB (42.98%) for code area:    49,444 compilation units
  28.13MB (46.64%) for image heap:  307,037 objects and 165 resources
   6.26MB (10.38%) for other data
  60.30MB in total
------------------------------------------------------------------------------------------------------------------------
Top 10 origins of code area:                                Top 10 object types in image heap:
  10.61MB java.base                                            8.46MB byte[] for code metadata
   4.93MB h2-2.2.220.jar                                       3.91MB byte[] for java.lang.String
   3.14MB java.xml                                             2.91MB java.lang.String
   1.78MB svm.jar (Native Image)                               2.70MB java.lang.Class
   1.76MB java.desktop                                       949.18kB byte[] for embedded resources
   1.13MB derbyclient.jar                                    935.52kB com.oracle.svm.core.hub.DynamicHubCompanion
 446.35kB java.security.jgss                                 835.97kB byte[] for general heap data
 315.17kB dacapo-23.11-MR2-chopin.jar                        676.63kB byte[] for reflection metadata
 284.71kB java.rmi                                           602.66kB java.lang.String[]
 182.46kB java.naming                                        592.83kB heap alignment
   1.04MB for 30 more packages                                 5.65MB for 2308 more object types
------------------------------------------------------------------------------------------------------------------------
Recommendations:
 AWT:  Use the tracing agent to collect metadata for AWT.
 HEAP: Set max heap for improved and more predictable memory usage.
 CPU:  Enable more CPU features with '-march=native' for improved performance.
Total skippable fingerprints recorded: 665229
Total phases ran: 2755543, total phases skipped: 155
------------------------------------------------------------------------------------------------------------------------
                       3.0s (8.4% of total time) in 1024 GCs | Peak RSS: 3.88GB | CPU load: 5.96
------------------------------------------------------------------------------------------------------------------------
Build artifacts:
 /data/dacapobench/h2 (executable)
 /data/dacapobench/libawt.so (jdk_library)
 /data/dacapobench/libawt_headless.so (jdk_library)
 /data/dacapobench/libawt_xawt.so (jdk_library)
 /data/dacapobench/libfontmanager.so (jdk_library)
 /data/dacapobench/libjava.so (jdk_library_shim)
 /data/dacapobench/libjavajpeg.so (jdk_library)
 /data/dacapobench/libjvm.so (jdk_library_shim)
 /data/dacapobench/liblcms.so (jdk_library)
========================================================================================================================
Finished generating 'h2' in 35.4s.
