Warning: The option '-H:ProfileDataDumpFileName=/workspace/benchmarks/results/current/profiling-data/luindex-custom_open.json' is experimental and must be enabled via '-H:+UnlockExperimentalVMOptions' in the future.
Warning: The option '-H:+PlatformInterfaceCompatibilityMode' is experimental and must be enabled via '-H:+UnlockExperimentalVMOptions' in the future.
Warning: The option '-H:NumberOfThreads=4' is experimental and must be enabled via '-H:+UnlockExperimentalVMOptions' in the future.
Warning: Please re-evaluate whether any experimental option is required, and either remove or unlock it. The build output lists all active experimental options, including where they come from and possible alternatives. If you think an experimental option should be considered as stable, please file an issue.
Warning: Option 'PlatformInterfaceCompatibilityMode' is deprecated and might be removed in a future release: This option was introduced to simplify migration to GraalVM 21.2 and will be removed in a future release. Please refer to the GraalVM release notes.
========================================================================================================================
GraalVM Native Image: Generating 'luindex' (executable)...
========================================================================================================================
For detailed information and explanations on the build output, visit:
https://github.com/oracle/graal/blob/master/docs/reference-manual/native-image/BuildOutput.md
------------------------------------------------------------------------------------------------------------------------
enableInlineCachePhase = false
enableInvokeProfilingPhase = false
enablePGODirectInvokeInlining = true
combinedInlining = true
ProfileDataDumpFileName = /workspace/benchmarks/results/current/profiling-data/luindex-custom_open.json
useCompilerPGOData = false
profileCompiler = false
[Use -Djdk.graal.LogFile=<path> to redirect Graal log output to a file.]
Compiler PGO is disabled, compiler profiling is disabled
Loaded 6666 call sites profiles from file: /workspace/benchmarks/results/current/profiling-data/luindex-custom_open.json
Using top 2666 call sites for PGO based inlining
Out of which 411 are indirect call sites and 2255 are direct call sites (15.41635408852213% indirect)
Representing 269929405 and 1730513574 calls respectively (13.493481585510366% indirect)
Total calls represented: 2000442979

[1/8] Initializing...                                                                                    (1.6s @ 0.29GB)
 Java version: 24+36, vendor version: GraalVM CE 24-dev+36.1
 Graal compiler: optimization level: 3, target machine: x86-64-v3
 C compiler: gcc (linux, x86_64, 12.2.0)
 Garbage collector: Serial GC (max heap size: 80% of RAM)
 1 user-specific feature(s):
 - com.oracle.svm.thirdparty.gson.GsonFeature
------------------------------------------------------------------------------------------------------------------------
 3 experimental option(s) unlocked:
 - '-H:+PlatformInterfaceCompatibilityMode' (origin(s): command line)
 - '-H:NumberOfThreads' (alternative API option(s): --parallelism=4; origin(s): command line)
 - '-H:ProfileDataDumpFileName' (origin(s): command line)
------------------------------------------------------------------------------------------------------------------------
Build resources:
 - 18.39GB of memory (30.4% of 60.42GB system memory, determined at start)
 - 4 thread(s) (25.0% of 16 available processor(s), set via '--parallelism=4')
Warning: The interface org.graalvm.nativeimage.hosted.Feature is not available in the current platform, but used by com.oracle.svm.core.feature.InternalFeature. GraalVM before version 21.2 ignored such interfaces, but this was an oversight. The interface is filtered because the compatibility option -H:+PlatformInterfaceCompatibilityMode is used. This option will be removed in a future GraalVM version.
[2/8] Performing analysis...  [******]                                                                   (4.9s @ 0.70GB)
    6,788 reachable types   (80.3% of    8,451 total)
   11,162 reachable fields  (55.7% of   20,035 total)
   32,698 reachable methods (54.2% of   60,298 total)
    2,304 types,    69 fields, and   580 methods registered for reflection
       64 types,    75 fields, and    54 methods registered for JNI access
        4 native libraries: dl, pthread, rt, z
[3/8] Building universe...                                                                               (1.2s @ 0.75GB)
[4/8] Parsing methods...      [*]                                                                        (0.6s @ 0.79GB)
[5/8] Inlining methods...     [***]                                                                      (2.5s @ 0.90GB)
[6/8] Compiling methods...    [***]                                                                      (6.4s @ 0.80GB)
[7/8] Laying out methods...   [*]                                                                        (1.1s @ 1.00GB)
[8/8] Creating image...       [*]                                                                        (1.2s @ 1.15GB)
  15.44MB (44.88%) for code area:    20,422 compilation units
  15.81MB (45.97%) for image heap:  193,758 objects and 67 resources
   3.15MB ( 9.15%) for other data
  34.40MB in total
------------------------------------------------------------------------------------------------------------------------
Top 10 origins of code area:                                Top 10 object types in image heap:
   7.96MB java.base                                            3.73MB byte[] for code metadata
   3.94MB lucene-core-9.7.0-SNAPSHOT.jar                       2.42MB byte[] for java.lang.String
   1.51MB svm.jar (Native Image)                               1.71MB java.lang.String
 844.87kB lucene-backward-codecs-9.7.0-SNAPSHOT.jar            1.61MB java.lang.Class
 444.31kB dacapo-23.11-MR2-chopin.jar                        668.05kB byte[] for general heap data
 195.47kB jdk.zipfs                                          583.34kB com.oracle.svm.core.hub.DynamicHubCompanion
 103.38kB java.logging                                       490.66kB byte[] for reflection metadata
  76.12kB org.graalvm.nativeimage.base                       415.10kB heap alignment
  69.35kB jdk.charsets                                       406.88kB java.lang.Object[]
  53.55kB jdk.proxy2                                         331.60kB java.lang.String[]
 148.82kB for 13 more packages                                 3.51MB for 1498 more object types
------------------------------------------------------------------------------------------------------------------------
Recommendations:
 HEAP: Set max heap for improved and more predictable memory usage.
 CPU:  Enable more CPU features with '-march=native' for improved performance.
Total skippable fingerprints recorded: 0
Total phases ran: 1207154, total phases skipped: 0
------------------------------------------------------------------------------------------------------------------------
                        1.1s (5.3% of total time) in 576 GCs | Peak RSS: 1.86GB | CPU load: 7.15
------------------------------------------------------------------------------------------------------------------------
Build artifacts:
 /data/dacapobench/luindex (executable)
========================================================================================================================
Finished generating 'luindex' in 20.2s.
