Warning: The option '-H:+PlatformInterfaceCompatibilityMode' is experimental and must be enabled via '-H:+UnlockExperimentalVMOptions' in the future.
Warning: The option '-H:NumberOfThreads=4' is experimental and must be enabled via '-H:+UnlockExperimentalVMOptions' in the future.
Warning: Please re-evaluate whether any experimental option is required, and either remove or unlock it. The build output lists all active experimental options, including where they come from and possible alternatives. If you think an experimental option should be considered as stable, please file an issue.
Warning: Option 'PlatformInterfaceCompatibilityMode' is deprecated and might be removed in a future release: This option was introduced to simplify migration to GraalVM 21.2 and will be removed in a future release. Please refer to the GraalVM release notes.
========================================================================================================================
GraalVM Native Image: Generating 'luindex' (executable)...
========================================================================================================================
For detailed information and explanations on the build output, visit:
https://github.com/oracle/graal/blob/master/docs/reference-manual/native-image/BuildOutput.md
------------------------------------------------------------------------------------------------------------------------
enableInlineCachePhase = false
enableInvokeProfilingPhase = false
enablePGODirectInvokeInlining = false
combinedInlining = false
ProfileDataDumpFileName = null
useCompilerPGOData = false
profileCompiler = false
[Use -Djdk.graal.LogFile=<path> to redirect Graal log output to a file.]
Compiler PGO is disabled, compiler profiling is disabled
[1/8] Initializing...                                                                                    (2.1s @ 0.25GB)
 Java version: 24+36, vendor version: GraalVM CE 24-dev+36.1
 Graal compiler: optimization level: 2, target machine: x86-64-v3
 C compiler: gcc (linux, x86_64, 12.2.0)
 Garbage collector: Serial GC (max heap size: 80% of RAM)
 1 user-specific feature(s):
 - com.oracle.svm.thirdparty.gson.GsonFeature
------------------------------------------------------------------------------------------------------------------------
 2 experimental option(s) unlocked:
 - '-H:+PlatformInterfaceCompatibilityMode' (origin(s): command line)
 - '-H:NumberOfThreads' (alternative API option(s): --parallelism=4; origin(s): command line)
------------------------------------------------------------------------------------------------------------------------
Build resources:
 - 26.49GB of memory (43.8% of 60.42GB system memory, determined at start)
 - 4 thread(s) (25.0% of 16 available processor(s), set via '--parallelism=4')
Warning: The interface org.graalvm.nativeimage.hosted.Feature is not available in the current platform, but used by com.oracle.svm.core.feature.InternalFeature. GraalVM before version 21.2 ignored such interfaces, but this was an oversight. The interface is filtered because the compatibility option -H:+PlatformInterfaceCompatibilityMode is used. This option will be removed in a future GraalVM version.
[2/8] Performing analysis...  [******]                                                                   (6.2s @ 0.68GB)
    6,787 reachable types   (80.3% of    8,450 total)
   11,162 reachable fields  (55.7% of   20,035 total)
   32,696 reachable methods (54.2% of   60,271 total)
    2,302 types,    69 fields, and   579 methods registered for reflection
       64 types,    75 fields, and    54 methods registered for JNI access
        4 native libraries: dl, pthread, rt, z
[3/8] Building universe...                                                                               (1.5s @ 0.75GB)
[4/8] Parsing methods...      [*]                                                                        (0.8s @ 0.81GB)
[5/8] Inlining methods...     [***]                                                                      (0.7s @ 0.87GB)
[6/8] Compiling methods...    [***]                                                                      (7.5s @ 0.68GB)
[7/8] Laying out methods...   [*]                                                                        (1.4s @ 0.90GB)
[8/8] Creating image...       [*]                                                                        (1.4s @ 1.04GB)
  13.85MB (42.16%) for code area:    20,723 compilation units
  15.88MB (48.32%) for image heap:  193,751 objects and 67 resources
   3.13MB ( 9.52%) for other data
  32.85MB in total
------------------------------------------------------------------------------------------------------------------------
Top 10 origins of code area:                                Top 10 object types in image heap:
   7.20MB java.base                                            3.75MB byte[] for code metadata
   3.27MB lucene-core-9.7.0-SNAPSHOT.jar                       2.42MB byte[] for java.lang.String
   1.48MB svm.jar (Native Image)                               1.71MB java.lang.String
 824.28kB lucene-backward-codecs-9.7.0-SNAPSHOT.jar            1.61MB java.lang.Class
 336.18kB dacapo-23.11-MR2-chopin.jar                        668.05kB byte[] for general heap data
 198.81kB jdk.zipfs                                          583.26kB com.oracle.svm.core.hub.DynamicHubCompanion
 106.00kB java.logging                                       490.47kB byte[] for reflection metadata
  75.25kB org.graalvm.nativeimage.base                       452.55kB heap alignment
  69.39kB jdk.charsets                                       406.87kB java.lang.Object[]
  54.56kB jdk.proxy2                                         331.59kB java.lang.String[]
 132.98kB for 13 more packages                                 3.51MB for 1501 more object types
------------------------------------------------------------------------------------------------------------------------
Recommendations:
 HEAP: Set max heap for improved and more predictable memory usage.
 CPU:  Enable more CPU features with '-march=native' for improved performance.
Total skippable fingerprints recorded: 0
Total phases ran: 1197792, total phases skipped: 0
------------------------------------------------------------------------------------------------------------------------
                        1.5s (6.6% of total time) in 487 GCs | Peak RSS: 1.73GB | CPU load: 6.68
------------------------------------------------------------------------------------------------------------------------
Build artifacts:
 /data/dacapobench/luindex (executable)
========================================================================================================================
Finished generating 'luindex' in 22.3s.
