Warning: The option '-H:ProfileDataDumpFileName=/workspace/benchmarks/results/current/profiling-data/luindex-custom_open.json' is experimental and must be enabled via '-H:+UnlockExperimentalVMOptions' in the future.
Warning: The option '-H:+PlatformInterfaceCompatibilityMode' is experimental and must be enabled via '-H:+UnlockExperimentalVMOptions' in the future.
Warning: The option '-H:NumberOfThreads=4' is experimental and must be enabled via '-H:+UnlockExperimentalVMOptions' in the future.
Warning: Please re-evaluate whether any experimental option is required, and either remove or unlock it. The build output lists all active experimental options, including where they come from and possible alternatives. If you think an experimental option should be considered as stable, please file an issue.
Warning: Option 'PlatformInterfaceCompatibilityMode' is deprecated and might be removed in a future release: This option was introduced to simplify migration to GraalVM 21.2 and will be removed in a future release. Please refer to the GraalVM release notes.
========================================================================================================================
GraalVM Native Image: Generating 'luindex' (executable)...
========================================================================================================================
For detailed information and explanations on the build output, visit:
https://github.com/oracle/graal/blob/master/docs/reference-manual/native-image/BuildOutput.md
------------------------------------------------------------------------------------------------------------------------
enableInlineCachePhase = false
enableInvokeProfilingPhase = false
enablePGODirectInvokeInlining = true
combinedInlining = true
ProfileDataDumpFileName = /workspace/benchmarks/results/current/profiling-data/luindex-custom_open.json
useCompilerPGOData = false
profileCompiler = false
[Use -Djdk.graal.LogFile=<path> to redirect Graal log output to a file.]
Compiler PGO is disabled, compiler profiling is disabled
Loaded 6666 call sites profiles from file: /workspace/benchmarks/results/current/profiling-data/luindex-custom_open.json
Using top 2666 call sites for PGO based inlining
Out of which 411 are indirect call sites and 2255 are direct call sites (15.41635408852213% indirect)
Representing 269929405 and 1730513574 calls respectively (13.493481585510366% indirect)
Total calls represented: 2000442979

[1/8] Initializing...                                                                                    (1.7s @ 0.29GB)
 Java version: 24+36, vendor version: GraalVM CE 24-dev+36.1
 Graal compiler: optimization level: 0, target machine: x86-64-v3
 C compiler: gcc (linux, x86_64, 12.2.0)
 Garbage collector: Serial GC (max heap size: 80% of RAM)
 1 user-specific feature(s):
 - com.oracle.svm.thirdparty.gson.GsonFeature
------------------------------------------------------------------------------------------------------------------------
 3 experimental option(s) unlocked:
 - '-H:+PlatformInterfaceCompatibilityMode' (origin(s): command line)
 - '-H:NumberOfThreads' (alternative API option(s): --parallelism=4; origin(s): command line)
 - '-H:ProfileDataDumpFileName' (origin(s): command line)
------------------------------------------------------------------------------------------------------------------------
Build resources:
 - 18.47GB of memory (30.6% of 60.42GB system memory, determined at start)
 - 4 thread(s) (25.0% of 16 available processor(s), set via '--parallelism=4')
Warning: The interface org.graalvm.nativeimage.hosted.Feature is not available in the current platform, but used by com.oracle.svm.core.feature.InternalFeature. GraalVM before version 21.2 ignored such interfaces, but this was an oversight. The interface is filtered because the compatibility option -H:+PlatformInterfaceCompatibilityMode is used. This option will be removed in a future GraalVM version.
[2/8] Performing analysis...  [******]                                                                   (5.2s @ 0.83GB)
    7,016 reachable types   (82.6% of    8,499 total)
   11,186 reachable fields  (55.8% of   20,064 total)
   32,865 reachable methods (54.0% of   60,904 total)
    2,310 types,    82 fields, and   588 methods registered for reflection
       64 types,    75 fields, and    54 methods registered for JNI access
        4 native libraries: dl, pthread, rt, z
[3/8] Building universe...                                                                               (1.2s @ 1.15GB)
[4/8] Parsing methods...      [*]                                                                        (0.8s @ 1.08GB)
[5/8] Inlining methods...     [**]                                                                       (2.3s @ 1.07GB)
[6/8] Compiling methods...    [***]                                                                      (6.5s @ 1.28GB)
[7/8] Laying out methods...   [*]                                                                        (1.4s @ 1.52GB)
[8/8] Creating image...       [*]                                                                        (1.3s @ 1.66GB)
  13.82MB (40.71%) for code area:    27,342 compilation units
  16.50MB (48.59%) for image heap:  197,294 objects and 67 resources
   3.63MB (10.70%) for other data
  33.96MB in total
------------------------------------------------------------------------------------------------------------------------
Top 10 origins of code area:                                Top 10 object types in image heap:
   6.70MB java.base                                            4.44MB byte[] for code metadata
   3.60MB lucene-core-9.7.0-SNAPSHOT.jar                       2.45MB byte[] for java.lang.String
   1.76MB svm.jar (Native Image)                               1.73MB java.lang.String
 753.55kB lucene-backward-codecs-9.7.0-SNAPSHOT.jar            1.66MB java.lang.Class
 315.70kB dacapo-23.11-MR2-chopin.jar                        668.88kB byte[] for general heap data
 164.84kB jdk.zipfs                                          602.94kB com.oracle.svm.core.hub.DynamicHubCompanion
  99.25kB java.logging                                       496.59kB byte[] for reflection metadata
  69.52kB jdk.charsets                                       414.23kB java.lang.Object[]
  57.73kB org.graalvm.nativeimage.base                       335.20kB java.lang.String[]
  31.56kB jdk.proxy2                                         325.03kB java.util.HashMap$Node
 120.57kB for 13 more packages                                 3.44MB for 1558 more object types
------------------------------------------------------------------------------------------------------------------------
Recommendations:
 HEAP: Set max heap for improved and more predictable memory usage.
 CPU:  Enable more CPU features with '-march=native' for improved performance.
Total skippable fingerprints recorded: 0
Total phases ran: 1524517, total phases skipped: 0
------------------------------------------------------------------------------------------------------------------------
                        1.1s (5.3% of total time) in 179 GCs | Peak RSS: 2.41GB | CPU load: 7.02
------------------------------------------------------------------------------------------------------------------------
Build artifacts:
 /data/dacapobench/luindex (executable)
========================================================================================================================
Finished generating 'luindex' in 20.8s.
