Warning: The option '-H:+PlatformInterfaceCompatibilityMode' is experimental and must be enabled via '-H:+UnlockExperimentalVMOptions' in the future.
Warning: The option '-H:NumberOfThreads=4' is experimental and must be enabled via '-H:+UnlockExperimentalVMOptions' in the future.
Warning: Please re-evaluate whether any experimental option is required, and either remove or unlock it. The build output lists all active experimental options, including where they come from and possible alternatives. If you think an experimental option should be considered as stable, please file an issue.
Warning: Option 'PlatformInterfaceCompatibilityMode' is deprecated and might be removed in a future release: This option was introduced to simplify migration to GraalVM 21.2 and will be removed in a future release. Please refer to the GraalVM release notes.
========================================================================================================================
GraalVM Native Image: Generating 'luindex' (executable)...
========================================================================================================================
For detailed information and explanations on the build output, visit:
https://github.com/oracle/graal/blob/master/docs/reference-manual/native-image/BuildOutput.md
------------------------------------------------------------------------------------------------------------------------
enableInlineCachePhase = false
enableInvokeProfilingPhase = false
enablePGODirectInvokeInlining = false
combinedInlining = false
ProfileDataDumpFileName = null
useCompilerPGOData = true
profileCompiler = false
[Use -Djdk.graal.LogFile=<path> to redirect Graal log output to a file.]
Compiler PGO is enabled, compiler profiling is disabled
Compiler PGO enabled, reading skippable phases from skippable_phases.txt
Found 376213 skippable phases.
[1/8] Initializing...                                                                                    (2.0s @ 0.13GB)
 Java version: 24+36, vendor version: GraalVM CE 24-dev+36.1
 Graal compiler: optimization level: 0, target machine: x86-64-v3
 C compiler: gcc (linux, x86_64, 12.2.0)
 Garbage collector: Serial GC (max heap size: 80% of RAM)
 1 user-specific feature(s):
 - com.oracle.svm.thirdparty.gson.GsonFeature
------------------------------------------------------------------------------------------------------------------------
 2 experimental option(s) unlocked:
 - '-H:+PlatformInterfaceCompatibilityMode' (origin(s): command line)
 - '-H:NumberOfThreads' (alternative API option(s): --parallelism=4; origin(s): command line)
------------------------------------------------------------------------------------------------------------------------
Build resources:
 - 10.87GB of memory (18.0% of 60.42GB system memory, determined at start)
 - 4 thread(s) (25.0% of 16 available processor(s), set via '--parallelism=4')
Warning: The interface org.graalvm.nativeimage.hosted.Feature is not available in the current platform, but used by com.oracle.svm.core.feature.InternalFeature. GraalVM before version 21.2 ignored such interfaces, but this was an oversight. The interface is filtered because the compatibility option -H:+PlatformInterfaceCompatibilityMode is used. This option will be removed in a future GraalVM version.
[2/8] Performing analysis...  [******]                                                                   (5.9s @ 0.75GB)
    7,015 reachable types   (82.6% of    8,497 total)
   11,186 reachable fields  (55.8% of   20,064 total)
   32,863 reachable methods (54.0% of   60,844 total)
    2,308 types,    82 fields, and   587 methods registered for reflection
       64 types,    75 fields, and    54 methods registered for JNI access
        4 native libraries: dl, pthread, rt, z
[3/8] Building universe...                                                                               (1.3s @ 0.86GB)
[4/8] Parsing methods...      [*]                                                                        (0.9s @ 0.94GB)
[5/8] Inlining methods...     [**]                                                                       (0.4s @ 0.99GB)
[6/8] Compiling methods...    [***]                                                                      (7.1s @ 1.26GB)
[7/8] Laying out methods...   [*]                                                                        (1.7s @ 1.33GB)
[8/8] Creating image...       [*]                                                                        (1.3s @ 1.46GB)
  12.91MB (39.29%) for code area:    27,863 compilation units
  16.31MB (49.63%) for image heap:  197,283 objects and 67 resources
   3.64MB (11.08%) for other data
  32.87MB in total
------------------------------------------------------------------------------------------------------------------------
Top 10 origins of code area:                                Top 10 object types in image heap:
   6.35MB java.base                                            4.20MB byte[] for code metadata
   3.14MB lucene-core-9.7.0-SNAPSHOT.jar                       2.46MB byte[] for java.lang.String
   1.73MB svm.jar (Native Image)                               1.73MB java.lang.String
 753.39kB lucene-backward-codecs-9.7.0-SNAPSHOT.jar            1.66MB java.lang.Class
 270.28kB dacapo-23.11-MR2-chopin.jar                        668.88kB byte[] for general heap data
 164.84kB jdk.zipfs                                          602.85kB com.oracle.svm.core.hub.DynamicHubCompanion
  98.43kB java.logging                                       496.43kB byte[] for reflection metadata
  69.70kB jdk.charsets                                       414.22kB java.lang.Object[]
  57.73kB org.graalvm.nativeimage.base                       335.22kB java.lang.String[]
  31.56kB jdk.proxy2                                         324.75kB java.util.HashMap$Node
 101.26kB for 13 more packages                                 3.49MB for 1560 more object types
------------------------------------------------------------------------------------------------------------------------
Recommendations:
 HEAP: Set max heap for improved and more predictable memory usage.
 CPU:  Enable more CPU features with '-march=native' for improved performance.
Total skippable fingerprints recorded: 376213
Total phases ran: 1547322, total phases skipped: 47
------------------------------------------------------------------------------------------------------------------------
                        1.6s (7.3% of total time) in 491 GCs | Peak RSS: 2.17GB | CPU load: 6.83
------------------------------------------------------------------------------------------------------------------------
Build artifacts:
 /data/dacapobench/luindex (executable)
========================================================================================================================
Finished generating 'luindex' in 21.5s.
