Warning: The option '-H:+PlatformInterfaceCompatibilityMode' is experimental and must be enabled via '-H:+UnlockExperimentalVMOptions' in the future.
Warning: The option '-H:NumberOfThreads=4' is experimental and must be enabled via '-H:+UnlockExperimentalVMOptions' in the future.
Warning: Please re-evaluate whether any experimental option is required, and either remove or unlock it. The build output lists all active experimental options, including where they come from and possible alternatives. If you think an experimental option should be considered as stable, please file an issue.
Warning: Option 'PlatformInterfaceCompatibilityMode' is deprecated and might be removed in a future release: This option was introduced to simplify migration to GraalVM 21.2 and will be removed in a future release. Please refer to the GraalVM release notes.
========================================================================================================================
GraalVM Native Image: Generating 'luindex' (executable)...
========================================================================================================================
For detailed information and explanations on the build output, visit:
https://github.com/oracle/graal/blob/master/docs/reference-manual/native-image/BuildOutput.md
------------------------------------------------------------------------------------------------------------------------
enableInlineCachePhase = false
enableInvokeProfilingPhase = false
enablePGODirectInvokeInlining = false
combinedInlining = false
ProfileDataDumpFileName = null
useCompilerPGOData = false
profileCompiler = false
[Use -Djdk.graal.LogFile=<path> to redirect Graal log output to a file.]
Compiler PGO is disabled, compiler profiling is disabled
[1/8] Initializing...                                                                                    (1.6s @ 0.25GB)
 Java version: 24+36, vendor version: GraalVM CE 24-dev+36.1
 Graal compiler: optimization level: s, target machine: x86-64-v3
 C compiler: gcc (linux, x86_64, 12.2.0)
 Garbage collector: Serial GC (max heap size: 80% of RAM)
 1 user-specific feature(s):
 - com.oracle.svm.thirdparty.gson.GsonFeature
------------------------------------------------------------------------------------------------------------------------
 2 experimental option(s) unlocked:
 - '-H:+PlatformInterfaceCompatibilityMode' (origin(s): command line)
 - '-H:NumberOfThreads' (alternative API option(s): --parallelism=4; origin(s): command line)
------------------------------------------------------------------------------------------------------------------------
Build resources:
 - 18.31GB of memory (30.3% of 60.42GB system memory, determined at start)
 - 4 thread(s) (25.0% of 16 available processor(s), set via '--parallelism=4')
Warning: The interface org.graalvm.nativeimage.hosted.Feature is not available in the current platform, but used by com.oracle.svm.core.feature.InternalFeature. GraalVM before version 21.2 ignored such interfaces, but this was an oversight. The interface is filtered because the compatibility option -H:+PlatformInterfaceCompatibilityMode is used. This option will be removed in a future GraalVM version.
[2/8] Performing analysis...  [******]                                                                   (4.9s @ 0.67GB)
    6,787 reachable types   (80.3% of    8,453 total)
   11,162 reachable fields  (55.7% of   20,035 total)
   32,696 reachable methods (54.2% of   60,274 total)
    2,302 types,    69 fields, and   579 methods registered for reflection
       64 types,    75 fields, and    54 methods registered for JNI access
        4 native libraries: dl, pthread, rt, z
[3/8] Building universe...                                                                               (1.0s @ 1.17GB)
[4/8] Parsing methods...      [*]                                                                        (0.6s @ 1.13GB)
[5/8] Inlining methods...     [***]                                                                      (0.6s @ 1.04GB)
[6/8] Compiling methods...    [**]                                                                       (4.4s @ 0.71GB)
[7/8] Laying out methods...   [*]                                                                        (1.0s @ 0.84GB)
[8/8] Creating image...       [*]                                                                        (1.1s @ 0.77GB)
   8.70MB (32.11%) for code area:    20,724 compilation units
  15.25MB (56.26%) for image heap:  193,757 objects and 67 resources
   3.15MB (11.62%) for other data
  27.10MB in total
------------------------------------------------------------------------------------------------------------------------
Top 10 origins of code area:                                Top 10 object types in image heap:
   4.59MB java.base                                            3.03MB byte[] for code metadata
   1.90MB lucene-core-9.7.0-SNAPSHOT.jar                       2.42MB byte[] for java.lang.String
   1.03MB svm.jar (Native Image)                               1.71MB java.lang.String
 508.18kB lucene-backward-codecs-9.7.0-SNAPSHOT.jar            1.61MB java.lang.Class
 183.53kB dacapo-23.11-MR2-chopin.jar                        668.00kB byte[] for general heap data
 124.49kB jdk.zipfs                                          583.26kB com.oracle.svm.core.hub.DynamicHubCompanion
  67.09kB java.logging                                       559.83kB heap alignment
  35.76kB org.graalvm.nativeimage.base                       490.50kB byte[] for reflection metadata
  32.42kB jdk.proxy2                                         406.87kB java.lang.Object[]
  29.27kB jdk.charsets                                       331.60kB java.lang.String[]
  79.58kB for 13 more packages                                 3.51MB for 1505 more object types
------------------------------------------------------------------------------------------------------------------------
Recommendations:
 HEAP: Set max heap for improved and more predictable memory usage.
 CPU:  Enable more CPU features with '-march=native' for improved performance.
Total skippable fingerprints recorded: 0
Total phases ran: 1071028, total phases skipped: 0
------------------------------------------------------------------------------------------------------------------------
                        0.8s (5.1% of total time) in 60 GCs | Peak RSS: 2.45GB | CPU load: 7.74
------------------------------------------------------------------------------------------------------------------------
Build artifacts:
 /data/dacapobench/luindex (executable)
========================================================================================================================
Finished generating 'luindex' in 15.9s.
