Warning: The option '-H:ProfileDataDumpFileName=/workspace/benchmarks/results/current/profiling-data/luindex-custom_open.json' is experimental and must be enabled via '-H:+UnlockExperimentalVMOptions' in the future.
Warning: The option '-H:+PlatformInterfaceCompatibilityMode' is experimental and must be enabled via '-H:+UnlockExperimentalVMOptions' in the future.
Warning: The option '-H:NumberOfThreads=4' is experimental and must be enabled via '-H:+UnlockExperimentalVMOptions' in the future.
Warning: Please re-evaluate whether any experimental option is required, and either remove or unlock it. The build output lists all active experimental options, including where they come from and possible alternatives. If you think an experimental option should be considered as stable, please file an issue.
Warning: Option 'PlatformInterfaceCompatibilityMode' is deprecated and might be removed in a future release: This option was introduced to simplify migration to GraalVM 21.2 and will be removed in a future release. Please refer to the GraalVM release notes.
========================================================================================================================
GraalVM Native Image: Generating 'luindex' (executable)...
========================================================================================================================
For detailed information and explanations on the build output, visit:
https://github.com/oracle/graal/blob/master/docs/reference-manual/native-image/BuildOutput.md
------------------------------------------------------------------------------------------------------------------------
enableInlineCachePhase = true
enableInvokeProfilingPhase = false
enablePGODirectInvokeInlining = true
combinedInlining = true
ProfileDataDumpFileName = /workspace/benchmarks/results/current/profiling-data/luindex-custom_open.json
useCompilerPGOData = false
profileCompiler = false
[Use -Djdk.graal.LogFile=<path> to redirect Graal log output to a file.]
Compiler PGO is disabled, compiler profiling is disabled
Loaded 6751 call sites profiles from file: /workspace/benchmarks/results/current/profiling-data/luindex-custom_open.json
Using top 2700 call sites for PGO based inlining
Out of which 412 are indirect call sites and 2288 are direct call sites
Representing 269937829 and 1731599322 calls respectively

[1/8] Initializing...                                                                                    (3.0s @ 0.31GB)
 Java version: 24+36, vendor version: GraalVM CE 24-dev+36.1
 Graal compiler: optimization level: 3, target machine: x86-64-v3
 C compiler: gcc (linux, x86_64, 12.2.0)
 Garbage collector: Serial GC (max heap size: 80% of RAM)
 1 user-specific feature(s):
 - com.oracle.svm.thirdparty.gson.GsonFeature
------------------------------------------------------------------------------------------------------------------------
 3 experimental option(s) unlocked:
 - '-H:+PlatformInterfaceCompatibilityMode' (origin(s): command line)
 - '-H:NumberOfThreads' (alternative API option(s): --parallelism=4; origin(s): command line)
 - '-H:ProfileDataDumpFileName' (origin(s): command line)
------------------------------------------------------------------------------------------------------------------------
Build resources:
 - 14.78GB of memory (24.5% of 60.42GB system memory, determined at start)
 - 4 thread(s) (25.0% of 16 available processor(s), set via '--parallelism=4')
Warning: The interface org.graalvm.nativeimage.hosted.Feature is not available in the current platform, but used by com.oracle.svm.core.feature.InternalFeature. GraalVM before version 21.2 ignored such interfaces, but this was an oversight. The interface is filtered because the compatibility option -H:+PlatformInterfaceCompatibilityMode is used. This option will be removed in a future GraalVM version.
[2/8] Performing analysis...  [*****]                                                                   (12.0s @ 0.79GB)
    6,788 reachable types   (80.3% of    8,450 total)
   11,162 reachable fields  (55.7% of   20,035 total)
   32,696 reachable methods (54.2% of   60,297 total)
    2,303 types,    69 fields, and   579 methods registered for reflection
       64 types,    75 fields, and    54 methods registered for JNI access
        4 native libraries: dl, pthread, rt, z
[3/8] Building universe...                                                                               (1.3s @ 0.86GB)
[4/8] Parsing methods...      [*]                                                                        (0.7s @ 0.91GB)
[5/8] Inlining methods...     [***]                                                                      (7.8s @ 1.04GB)
[6/8] Compiling methods...    [***]                                                                      (9.3s @ 1.05GB)
[7/8] Laying out methods...   [*]                                                                        (1.5s @ 1.26GB)
[8/8] Creating image...       [*]                                                                        (1.4s @ 1.41GB)
  17.40MB (47.64%) for code area:    20,420 compilation units
  16.00MB (43.81%) for image heap:  193,749 objects and 67 resources
   3.12MB ( 8.54%) for other data
  36.52MB in total
------------------------------------------------------------------------------------------------------------------------
Top 10 origins of code area:                                Top 10 object types in image heap:
   8.08MB java.base                                            4.23MB byte[] for code metadata
   5.68MB lucene-core-9.7.0-SNAPSHOT.jar                       2.42MB byte[] for java.lang.String
   1.58MB svm.jar (Native Image)                               1.71MB java.lang.String
 859.95kB lucene-backward-codecs-9.7.0-SNAPSHOT.jar            1.61MB java.lang.Class
 447.41kB dacapo-23.11-MR2-chopin.jar                        668.05kB byte[] for general heap data
 195.43kB jdk.zipfs                                          583.34kB com.oracle.svm.core.hub.DynamicHubCompanion
 103.38kB java.logging                                       490.52kB byte[] for reflection metadata
  76.12kB org.graalvm.nativeimage.base                       406.87kB java.lang.Object[]
  69.35kB jdk.charsets                                       331.59kB java.lang.String[]
  53.55kB jdk.proxy2                                         325.08kB java.util.HashMap$Node
 166.83kB for 13 more packages                                 3.29MB for 1498 more object types
------------------------------------------------------------------------------------------------------------------------
Recommendations:
 HEAP: Set max heap for improved and more predictable memory usage.
 CPU:  Enable more CPU features with '-march=native' for improved performance.
Total skippable fingerprints recorded: 0
Total phases ran: 1234379, total phases skipped: 0
Percentage of ICs missed due to large code size: 45/295 (15.25%)
------------------------------------------------------------------------------------------------------------------------
                        2.4s (6.3% of total time) in 979 GCs | Peak RSS: 2.26GB | CPU load: 5.46
------------------------------------------------------------------------------------------------------------------------
Build artifacts:
 /data/dacapobench/luindex (executable)
========================================================================================================================
Finished generating 'luindex' in 37.7s.
