Warning: The option '-H:ProfileDataDumpFileName=/workspace/benchmarks/results/current/profiling-data/luindex-custom_open.json' is experimental and must be enabled via '-H:+UnlockExperimentalVMOptions' in the future.
Warning: The option '-H:+PlatformInterfaceCompatibilityMode' is experimental and must be enabled via '-H:+UnlockExperimentalVMOptions' in the future.
Warning: The option '-H:NumberOfThreads=4' is experimental and must be enabled via '-H:+UnlockExperimentalVMOptions' in the future.
Warning: Please re-evaluate whether any experimental option is required, and either remove or unlock it. The build output lists all active experimental options, including where they come from and possible alternatives. If you think an experimental option should be considered as stable, please file an issue.
Warning: Option 'PlatformInterfaceCompatibilityMode' is deprecated and might be removed in a future release: This option was introduced to simplify migration to GraalVM 21.2 and will be removed in a future release. Please refer to the GraalVM release notes.
========================================================================================================================
GraalVM Native Image: Generating 'luindex' (executable)...
========================================================================================================================
For detailed information and explanations on the build output, visit:
https://github.com/oracle/graal/blob/master/docs/reference-manual/native-image/BuildOutput.md
------------------------------------------------------------------------------------------------------------------------
enableInlineCachePhase = true
enableInvokeProfilingPhase = false
enablePGODirectInvokeInlining = false
combinedInlining = false
ProfileDataDumpFileName = /workspace/benchmarks/results/current/profiling-data/luindex-custom_open.json
useCompilerPGOData = false
profileCompiler = false
[Use -Djdk.graal.LogFile=<path> to redirect Graal log output to a file.]
Compiler PGO is disabled, compiler profiling is disabled
Loaded 6666 call sites profiles from file: /workspace/benchmarks/results/current/profiling-data/luindex-custom_open.json
Using top 2666 call sites for PGO based inlining
Out of which 411 are indirect call sites and 2255 are direct call sites (15.41635408852213% indirect)
Representing 269929405 and 1730513574 calls respectively (13.493481585510366% indirect)
Total calls represented: 2000442979

[1/8] Initializing...                                                                                    (2.0s @ 0.27GB)
 Java version: 24+36, vendor version: GraalVM CE 24-dev+36.1
 Graal compiler: optimization level: 3, target machine: x86-64-v3
 C compiler: gcc (linux, x86_64, 12.2.0)
 Garbage collector: Serial GC (max heap size: 80% of RAM)
 1 user-specific feature(s):
 - com.oracle.svm.thirdparty.gson.GsonFeature
------------------------------------------------------------------------------------------------------------------------
 3 experimental option(s) unlocked:
 - '-H:+PlatformInterfaceCompatibilityMode' (origin(s): command line)
 - '-H:NumberOfThreads' (alternative API option(s): --parallelism=4; origin(s): command line)
 - '-H:ProfileDataDumpFileName' (origin(s): command line)
------------------------------------------------------------------------------------------------------------------------
Build resources:
 - 10.19GB of memory (16.9% of 60.42GB system memory, determined at start)
 - 4 thread(s) (25.0% of 16 available processor(s), set via '--parallelism=4')
Warning: The interface org.graalvm.nativeimage.hosted.Feature is not available in the current platform, but used by com.oracle.svm.core.feature.InternalFeature. GraalVM before version 21.2 ignored such interfaces, but this was an oversight. The interface is filtered because the compatibility option -H:+PlatformInterfaceCompatibilityMode is used. This option will be removed in a future GraalVM version.
[2/8] Performing analysis...  [******]                                                                   (8.1s @ 0.85GB)
    6,790 reachable types   (80.3% of    8,456 total)
   11,174 reachable fields  (55.7% of   20,047 total)
   32,769 reachable methods (54.3% of   60,380 total)
    2,379 types,    69 fields, and   665 methods registered for reflection
       64 types,    75 fields, and    54 methods registered for JNI access
        4 native libraries: dl, pthread, rt, z
[3/8] Building universe...                                                                               (1.2s @ 0.93GB)
[4/8] Parsing methods...      [*]                                                                        (0.6s @ 1.01GB)
[5/8] Inlining methods...     [***]                                                                      (3.4s @ 1.12GB)
[6/8] Compiling methods...    [***]                                                                      (5.8s @ 0.72GB)
[7/8] Laying out methods...   [*]                                                                        (1.0s @ 0.90GB)
[8/8] Creating image...       [*]                                                                        (1.1s @ 1.01GB)
  13.39MB (41.88%) for code area:    20,790 compilation units
  15.44MB (48.27%) for image heap:  194,280 objects and 67 resources
   3.15MB ( 9.86%) for other data
  31.98MB in total
------------------------------------------------------------------------------------------------------------------------
Top 10 origins of code area:                                Top 10 object types in image heap:
   6.94MB java.base                                            3.32MB byte[] for code metadata
   3.15MB lucene-core-9.7.0-SNAPSHOT.jar                       2.43MB byte[] for java.lang.String
   1.47MB svm.jar (Native Image)                               1.71MB java.lang.String
 776.58kB lucene-backward-codecs-9.7.0-SNAPSHOT.jar            1.61MB java.lang.Class
 325.87kB dacapo-23.11-MR2-chopin.jar                        668.05kB byte[] for general heap data
 201.10kB jdk.zipfs                                          583.52kB com.oracle.svm.core.hub.DynamicHubCompanion
 102.91kB java.logging                                       500.73kB byte[] for reflection metadata
  73.58kB org.graalvm.nativeimage.base                       411.28kB heap alignment
  69.38kB jdk.charsets                                       408.18kB java.lang.Object[]
  53.55kB jdk.proxy2                                         332.11kB java.lang.String[]
 129.70kB for 13 more packages                                 3.53MB for 1499 more object types
------------------------------------------------------------------------------------------------------------------------
Recommendations:
 HEAP: Set max heap for improved and more predictable memory usage.
 CPU:  Enable more CPU features with '-march=native' for improved performance.
Total skippable fingerprints recorded: 0
Total phases ran: 1222246, total phases skipped: 0
------------------------------------------------------------------------------------------------------------------------
                       1.3s (5.6% of total time) in 1427 GCs | Peak RSS: 1.84GB | CPU load: 6.62
------------------------------------------------------------------------------------------------------------------------
Build artifacts:
 /data/dacapobench/luindex (executable)
========================================================================================================================
Finished generating 'luindex' in 23.8s.
