Warning: The option '-H:ProfileDataDumpFileName=/workspace/benchmarks/results/current/profiling-data/luindex-custom_open.json' is experimental and must be enabled via '-H:+UnlockExperimentalVMOptions' in the future.
Warning: The option '-H:+PlatformInterfaceCompatibilityMode' is experimental and must be enabled via '-H:+UnlockExperimentalVMOptions' in the future.
Warning: The option '-H:NumberOfThreads=4' is experimental and must be enabled via '-H:+UnlockExperimentalVMOptions' in the future.
Warning: Please re-evaluate whether any experimental option is required, and either remove or unlock it. The build output lists all active experimental options, including where they come from and possible alternatives. If you think an experimental option should be considered as stable, please file an issue.
Warning: Option 'PlatformInterfaceCompatibilityMode' is deprecated and might be removed in a future release: This option was introduced to simplify migration to GraalVM 21.2 and will be removed in a future release. Please refer to the GraalVM release notes.
========================================================================================================================
GraalVM Native Image: Generating 'luindex' (executable)...
========================================================================================================================
For detailed information and explanations on the build output, visit:
https://github.com/oracle/graal/blob/master/docs/reference-manual/native-image/BuildOutput.md
------------------------------------------------------------------------------------------------------------------------
enableInlineCachePhase = true
enableInvokeProfilingPhase = false
enablePGODirectInvokeInlining = true
combinedInlining = false
ProfileDataDumpFileName = /workspace/benchmarks/results/current/profiling-data/luindex-custom_open.json
useCompilerPGOData = false
profileCompiler = false
[Use -Djdk.graal.LogFile=<path> to redirect Graal log output to a file.]
Compiler PGO is disabled, compiler profiling is disabled
Loaded 6751 call sites profiles from file: /workspace/benchmarks/results/current/profiling-data/luindex-custom_open.json
Using top 2700 call sites for PGO based inlining
Out of which 412 are indirect call sites and 2288 are direct call sites
Representing 269937829 and 1731599322 calls respectively

[1/8] Initializing...                                                                                    (2.7s @ 0.31GB)
 Java version: 24+36, vendor version: GraalVM CE 24-dev+36.1
 Graal compiler: optimization level: 3, target machine: x86-64-v3
 C compiler: gcc (linux, x86_64, 12.2.0)
 Garbage collector: Serial GC (max heap size: 80% of RAM)
 1 user-specific feature(s):
 - com.oracle.svm.thirdparty.gson.GsonFeature
------------------------------------------------------------------------------------------------------------------------
 3 experimental option(s) unlocked:
 - '-H:+PlatformInterfaceCompatibilityMode' (origin(s): command line)
 - '-H:NumberOfThreads' (alternative API option(s): --parallelism=4; origin(s): command line)
 - '-H:ProfileDataDumpFileName' (origin(s): command line)
------------------------------------------------------------------------------------------------------------------------
Build resources:
 - 14.90GB of memory (24.7% of 60.42GB system memory, determined at start)
 - 4 thread(s) (25.0% of 16 available processor(s), set via '--parallelism=4')
Warning: The interface org.graalvm.nativeimage.hosted.Feature is not available in the current platform, but used by com.oracle.svm.core.feature.InternalFeature. GraalVM before version 21.2 ignored such interfaces, but this was an oversight. The interface is filtered because the compatibility option -H:+PlatformInterfaceCompatibilityMode is used. This option will be removed in a future GraalVM version.
[2/8] Performing analysis...  [*****]                                                                   (10.0s @ 0.76GB)
    6,788 reachable types   (80.3% of    8,454 total)
   11,162 reachable fields  (55.7% of   20,035 total)
   32,696 reachable methods (54.2% of   60,321 total)
    2,303 types,    69 fields, and   579 methods registered for reflection
       64 types,    75 fields, and    54 methods registered for JNI access
        4 native libraries: dl, pthread, rt, z
[3/8] Building universe...                                                                               (1.3s @ 0.85GB)
[4/8] Parsing methods...      [*]                                                                        (0.8s @ 0.91GB)
[5/8] Inlining methods...     [**]                                                                       (6.5s @ 0.98GB)
[6/8] Compiling methods...    [***]                                                                      (7.7s @ 1.05GB)
[7/8] Laying out methods...   [*]                                                                        (1.8s @ 0.94GB)
[8/8] Creating image...       [*]                                                                        (1.4s @ 1.04GB)
  12.71MB (38.89%) for code area:    27,151 compilation units
  16.38MB (50.09%) for image heap:  194,565 objects and 67 resources
   3.60MB (11.03%) for other data
  32.69MB in total
------------------------------------------------------------------------------------------------------------------------
Top 10 origins of code area:                                Top 10 object types in image heap:
   5.49MB java.base                                            4.28MB byte[] for code metadata
   4.35MB lucene-core-9.7.0-SNAPSHOT.jar                       2.44MB byte[] for java.lang.String
   1.33MB svm.jar (Native Image)                               1.72MB java.lang.String
 629.93kB lucene-backward-codecs-9.7.0-SNAPSHOT.jar            1.61MB java.lang.Class
 273.24kB dacapo-23.11-MR2-chopin.jar                        668.86kB byte[] for general heap data
 138.13kB jdk.zipfs                                          583.34kB com.oracle.svm.core.hub.DynamicHubCompanion
  83.40kB java.logging                                       490.38kB byte[] for reflection metadata
  69.15kB jdk.charsets                                       406.87kB java.lang.Object[]
  50.36kB org.graalvm.nativeimage.base                       393.54kB heap alignment
  36.52kB org.graalvm.collections                            332.83kB java.lang.String[]
 110.34kB for 13 more packages                                 3.52MB for 1548 more object types
------------------------------------------------------------------------------------------------------------------------
Recommendations:
 HEAP: Set max heap for improved and more predictable memory usage.
 CPU:  Enable more CPU features with '-march=native' for improved performance.
Total skippable fingerprints recorded: 0
Total phases ran: 1567669, total phases skipped: 0
Percentage of ICs missed due to large code size: 45/295 (15.25%)
------------------------------------------------------------------------------------------------------------------------
                        2.0s (6.1% of total time) in 831 GCs | Peak RSS: 1.89GB | CPU load: 5.87
------------------------------------------------------------------------------------------------------------------------
Build artifacts:
 /data/dacapobench/luindex (executable)
========================================================================================================================
Finished generating 'luindex' in 32.9s.
