Warning: The option '-H:ProfileDataDumpFileName=/workspace/benchmarks/results/current/profiling-data/luindex-custom_open.json' is experimental and must be enabled via '-H:+UnlockExperimentalVMOptions' in the future.
Warning: The option '-H:+PlatformInterfaceCompatibilityMode' is experimental and must be enabled via '-H:+UnlockExperimentalVMOptions' in the future.
Warning: The option '-H:NumberOfThreads=4' is experimental and must be enabled via '-H:+UnlockExperimentalVMOptions' in the future.
Warning: Please re-evaluate whether any experimental option is required, and either remove or unlock it. The build output lists all active experimental options, including where they come from and possible alternatives. If you think an experimental option should be considered as stable, please file an issue.
Warning: Option 'PlatformInterfaceCompatibilityMode' is deprecated and might be removed in a future release: This option was introduced to simplify migration to GraalVM 21.2 and will be removed in a future release. Please refer to the GraalVM release notes.
========================================================================================================================
GraalVM Native Image: Generating 'luindex' (executable)...
========================================================================================================================
For detailed information and explanations on the build output, visit:
https://github.com/oracle/graal/blob/master/docs/reference-manual/native-image/BuildOutput.md
------------------------------------------------------------------------------------------------------------------------
enableInlineCachePhase = true
enableInvokeProfilingPhase = false
enablePGODirectInvokeInlining = false
combinedInlining = false
ProfileDataDumpFileName = /workspace/benchmarks/results/current/profiling-data/luindex-custom_open.json
useCompilerPGOData = false
profileCompiler = false
[Use -Djdk.graal.LogFile=<path> to redirect Graal log output to a file.]
Compiler PGO is disabled, compiler profiling is disabled
Loaded 6666 call sites profiles from file: /workspace/benchmarks/results/current/profiling-data/luindex-custom_open.json
Using top 2666 call sites for PGO based inlining
Out of which 411 are indirect call sites and 2255 are direct call sites (15.41635408852213% indirect)
Representing 269929405 and 1730513574 calls respectively (13.493481585510366% indirect)
Total calls represented: 2000442979

[1/8] Initializing...                                                                                    (2.0s @ 0.13GB)
 Java version: 24+36, vendor version: GraalVM CE 24-dev+36.1
 Graal compiler: optimization level: 0, target machine: x86-64-v3
 C compiler: gcc (linux, x86_64, 12.2.0)
 Garbage collector: Serial GC (max heap size: 80% of RAM)
 1 user-specific feature(s):
 - com.oracle.svm.thirdparty.gson.GsonFeature
------------------------------------------------------------------------------------------------------------------------
 3 experimental option(s) unlocked:
 - '-H:+PlatformInterfaceCompatibilityMode' (origin(s): command line)
 - '-H:NumberOfThreads' (alternative API option(s): --parallelism=4; origin(s): command line)
 - '-H:ProfileDataDumpFileName' (origin(s): command line)
------------------------------------------------------------------------------------------------------------------------
Build resources:
 - 10.16GB of memory (16.8% of 60.42GB system memory, determined at start)
 - 4 thread(s) (25.0% of 16 available processor(s), set via '--parallelism=4')
Warning: The interface org.graalvm.nativeimage.hosted.Feature is not available in the current platform, but used by com.oracle.svm.core.feature.InternalFeature. GraalVM before version 21.2 ignored such interfaces, but this was an oversight. The interface is filtered because the compatibility option -H:+PlatformInterfaceCompatibilityMode is used. This option will be removed in a future GraalVM version.
[2/8] Performing analysis...  [*****]                                                                    (8.7s @ 0.94GB)
    7,018 reachable types   (82.5% of    8,504 total)
   11,198 reachable fields  (55.8% of   20,076 total)
   32,936 reachable methods (53.9% of   61,137 total)
    2,385 types,    82 fields, and   673 methods registered for reflection
       64 types,    75 fields, and    54 methods registered for JNI access
        4 native libraries: dl, pthread, rt, z
[3/8] Building universe...                                                                               (1.2s @ 1.08GB)
[4/8] Parsing methods...      [*]                                                                        (0.8s @ 1.20GB)
[5/8] Inlining methods...     [**]                                                                       (2.6s @ 1.25GB)
[6/8] Compiling methods...    [***]                                                                      (6.1s @ 1.19GB)
[7/8] Laying out methods...   [*]                                                                        (1.3s @ 1.44GB)
[8/8] Creating image...       [*]                                                                        (1.2s @ 1.62GB)
  13.03MB (39.50%) for code area:    27,936 compilation units
  16.31MB (49.43%) for image heap:  197,833 objects and 67 resources
   3.65MB (11.07%) for other data
  33.00MB in total
------------------------------------------------------------------------------------------------------------------------
Top 10 origins of code area:                                Top 10 object types in image heap:
   6.37MB java.base                                            4.24MB byte[] for code metadata
   3.21MB lucene-core-9.7.0-SNAPSHOT.jar                       2.46MB byte[] for java.lang.String
   1.75MB svm.jar (Native Image)                               1.73MB java.lang.String
 753.35kB lucene-backward-codecs-9.7.0-SNAPSHOT.jar            1.66MB java.lang.Class
 269.71kB dacapo-23.11-MR2-chopin.jar                        668.88kB byte[] for general heap data
 172.09kB jdk.zipfs                                          603.11kB com.oracle.svm.core.hub.DynamicHubCompanion
  98.39kB java.logging                                       506.70kB byte[] for reflection metadata
  69.70kB jdk.charsets                                       415.53kB java.lang.Object[]
  57.73kB org.graalvm.nativeimage.base                       335.73kB java.lang.String[]
  31.56kB jdk.proxy2                                         325.03kB java.util.HashMap$Node
 101.73kB for 13 more packages                                 3.44MB for 1560 more object types
------------------------------------------------------------------------------------------------------------------------
Recommendations:
 HEAP: Set max heap for improved and more predictable memory usage.
 CPU:  Enable more CPU features with '-march=native' for improved performance.
Total skippable fingerprints recorded: 0
Total phases ran: 1551239, total phases skipped: 0
------------------------------------------------------------------------------------------------------------------------
                       1.7s (6.8% of total time) in 1565 GCs | Peak RSS: 2.37GB | CPU load: 6.60
------------------------------------------------------------------------------------------------------------------------
Build artifacts:
 /data/dacapobench/luindex (executable)
========================================================================================================================
Finished generating 'luindex' in 24.4s.
