Warning: The option '-H:ProfileDataDumpFileName=/workspace/benchmarks/results/current/profiling-data/luindex-custom_open.json' is experimental and must be enabled via '-H:+UnlockExperimentalVMOptions' in the future.
Warning: The option '-H:+PlatformInterfaceCompatibilityMode' is experimental and must be enabled via '-H:+UnlockExperimentalVMOptions' in the future.
Warning: The option '-H:NumberOfThreads=4' is experimental and must be enabled via '-H:+UnlockExperimentalVMOptions' in the future.
Warning: Please re-evaluate whether any experimental option is required, and either remove or unlock it. The build output lists all active experimental options, including where they come from and possible alternatives. If you think an experimental option should be considered as stable, please file an issue.
Warning: Option 'PlatformInterfaceCompatibilityMode' is deprecated and might be removed in a future release: This option was introduced to simplify migration to GraalVM 21.2 and will be removed in a future release. Please refer to the GraalVM release notes.
========================================================================================================================
GraalVM Native Image: Generating 'luindex' (executable)...
========================================================================================================================
For detailed information and explanations on the build output, visit:
https://github.com/oracle/graal/blob/master/docs/reference-manual/native-image/BuildOutput.md
------------------------------------------------------------------------------------------------------------------------
enableInlineCachePhase = true
enableInvokeProfilingPhase = false
enablePGODirectInvokeInlining = false
combinedInlining = false
ProfileDataDumpFileName = /workspace/benchmarks/results/current/profiling-data/luindex-custom_open.json
useCompilerPGOData = false
profileCompiler = false
[Use -Djdk.graal.LogFile=<path> to redirect Graal log output to a file.]
Compiler PGO is disabled, compiler profiling is disabled
Loaded 6751 call sites profiles from file: /workspace/benchmarks/results/current/profiling-data/luindex-custom_open.json
Using top 2700 call sites for PGO based inlining
Out of which 412 are indirect call sites and 2288 are direct call sites
Representing 269937829 and 1731599322 calls respectively

[1/8] Initializing...                                                                                    (2.8s @ 0.29GB)
 Java version: 24+36, vendor version: GraalVM CE 24-dev+36.1
 Graal compiler: optimization level: 3, target machine: x86-64-v3
 C compiler: gcc (linux, x86_64, 12.2.0)
 Garbage collector: Serial GC (max heap size: 80% of RAM)
 1 user-specific feature(s):
 - com.oracle.svm.thirdparty.gson.GsonFeature
------------------------------------------------------------------------------------------------------------------------
 3 experimental option(s) unlocked:
 - '-H:+PlatformInterfaceCompatibilityMode' (origin(s): command line)
 - '-H:NumberOfThreads' (alternative API option(s): --parallelism=4; origin(s): command line)
 - '-H:ProfileDataDumpFileName' (origin(s): command line)
------------------------------------------------------------------------------------------------------------------------
Build resources:
 - 14.86GB of memory (24.6% of 60.42GB system memory, determined at start)
 - 4 thread(s) (25.0% of 16 available processor(s), set via '--parallelism=4')
Warning: The interface org.graalvm.nativeimage.hosted.Feature is not available in the current platform, but used by com.oracle.svm.core.feature.InternalFeature. GraalVM before version 21.2 ignored such interfaces, but this was an oversight. The interface is filtered because the compatibility option -H:+PlatformInterfaceCompatibilityMode is used. This option will be removed in a future GraalVM version.
[2/8] Performing analysis...  [*****]                                                                   (10.4s @ 0.84GB)
    6,788 reachable types   (80.3% of    8,451 total)
   11,162 reachable fields  (55.7% of   20,035 total)
   32,696 reachable methods (54.2% of   60,275 total)
    2,303 types,    69 fields, and   579 methods registered for reflection
       64 types,    75 fields, and    54 methods registered for JNI access
        4 native libraries: dl, pthread, rt, z
[3/8] Building universe...                                                                               (1.3s @ 0.87GB)
[4/8] Parsing methods...      [*]                                                                        (0.7s @ 0.94GB)
[5/8] Inlining methods...     [***]                                                                      (3.9s @ 1.03GB)
[6/8] Compiling methods...    [***]                                                                      (7.7s @ 0.69GB)
[7/8] Laying out methods...   [*]                                                                        (1.2s @ 0.89GB)
[8/8] Creating image...       [*]                                                                        (1.3s @ 1.02GB)
  13.37MB (41.82%) for code area:    20,728 compilation units
  15.44MB (48.27%) for image heap:  193,741 objects and 67 resources
   3.17MB ( 9.91%) for other data
  31.98MB in total
------------------------------------------------------------------------------------------------------------------------
Top 10 origins of code area:                                Top 10 object types in image heap:
   6.94MB java.base                                            3.32MB byte[] for code metadata
   3.18MB lucene-core-9.7.0-SNAPSHOT.jar                       2.42MB byte[] for java.lang.String
   1.44MB svm.jar (Native Image)                               1.71MB java.lang.String
 771.99kB lucene-backward-codecs-9.7.0-SNAPSHOT.jar            1.61MB java.lang.Class
 325.87kB dacapo-23.11-MR2-chopin.jar                        667.95kB byte[] for general heap data
 192.60kB jdk.zipfs                                          583.34kB com.oracle.svm.core.hub.DynamicHubCompanion
 102.91kB java.logging                                       490.53kB byte[] for reflection metadata
  73.58kB org.graalvm.nativeimage.base                       453.60kB heap alignment
  69.38kB jdk.charsets                                       406.87kB java.lang.Object[]
  53.55kB jdk.proxy2                                         331.60kB java.lang.String[]
 129.55kB for 13 more packages                                 3.51MB for 1499 more object types
------------------------------------------------------------------------------------------------------------------------
Recommendations:
 HEAP: Set max heap for improved and more predictable memory usage.
 CPU:  Enable more CPU features with '-march=native' for improved performance.
Total skippable fingerprints recorded: 0
Total phases ran: 1218671, total phases skipped: 0
Percentage of ICs missed due to large code size: 45/295 (15.25%)
------------------------------------------------------------------------------------------------------------------------
                        2.1s (7.0% of total time) in 944 GCs | Peak RSS: 1.79GB | CPU load: 5.93
------------------------------------------------------------------------------------------------------------------------
Build artifacts:
 /data/dacapobench/luindex (executable)
========================================================================================================================
Finished generating 'luindex' in 30.0s.
