Warning: The option '-H:+PlatformInterfaceCompatibilityMode' is experimental and must be enabled via '-H:+UnlockExperimentalVMOptions' in the future.
Warning: The option '-H:NumberOfThreads=4' is experimental and must be enabled via '-H:+UnlockExperimentalVMOptions' in the future.
Warning: Please re-evaluate whether any experimental option is required, and either remove or unlock it. The build output lists all active experimental options, including where they come from and possible alternatives. If you think an experimental option should be considered as stable, please file an issue.
Warning: Option 'PlatformInterfaceCompatibilityMode' is deprecated and might be removed in a future release: This option was introduced to simplify migration to GraalVM 21.2 and will be removed in a future release. Please refer to the GraalVM release notes.
========================================================================================================================
GraalVM Native Image: Generating 'lusearch' (executable)...
========================================================================================================================
For detailed information and explanations on the build output, visit:
https://github.com/oracle/graal/blob/master/docs/reference-manual/native-image/BuildOutput.md
------------------------------------------------------------------------------------------------------------------------
enableInlineCachePhase = false
enableInvokeProfilingPhase = false
enablePGODirectInvokeInlining = false
combinedInlining = false
ProfileDataDumpFileName = null
useCompilerPGOData = true
profileCompiler = false
[Use -Djdk.graal.LogFile=<path> to redirect Graal log output to a file.]
Compiler PGO is enabled, compiler profiling is disabled
Compiler PGO enabled, reading skippable phases from skippable_phases.txt
Found 339885 skippable phases.
[1/8] Initializing...                                                                                    (2.2s @ 0.31GB)
 Java version: 24+36, vendor version: GraalVM CE 24-dev+36.1
 Graal compiler: optimization level: 0, target machine: x86-64-v3
 C compiler: gcc (linux, x86_64, 12.2.0)
 Garbage collector: Serial GC (max heap size: 80% of RAM)
 1 user-specific feature(s):
 - com.oracle.svm.thirdparty.gson.GsonFeature
------------------------------------------------------------------------------------------------------------------------
 2 experimental option(s) unlocked:
 - '-H:+PlatformInterfaceCompatibilityMode' (origin(s): command line)
 - '-H:NumberOfThreads' (alternative API option(s): --parallelism=4; origin(s): command line)
------------------------------------------------------------------------------------------------------------------------
Build resources:
 - 11.18GB of memory (18.5% of 60.42GB system memory, determined at start)
 - 4 thread(s) (25.0% of 16 available processor(s), set via '--parallelism=4')
Warning: The interface org.graalvm.nativeimage.hosted.Feature is not available in the current platform, but used by com.oracle.svm.core.feature.InternalFeature. GraalVM before version 21.2 ignored such interfaces, but this was an oversight. The interface is filtered because the compatibility option -H:+PlatformInterfaceCompatibilityMode is used. This option will be removed in a future GraalVM version.
[2/8] Performing analysis...  [*****]                                                                    (6.1s @ 0.73GB)
    6,519 reachable types   (80.8% of    8,064 total)
    9,412 reachable fields  (51.0% of   18,471 total)
   29,763 reachable methods (51.5% of   57,778 total)
    2,211 types,    78 fields, and   569 methods registered for reflection
       64 types,    75 fields, and    54 methods registered for JNI access
        4 native libraries: dl, pthread, rt, z
[3/8] Building universe...                                                                               (1.2s @ 0.79GB)
[4/8] Parsing methods...      [*]                                                                        (0.8s @ 0.91GB)
[5/8] Inlining methods...     [**]                                                                       (0.4s @ 0.90GB)
[6/8] Compiling methods...    [***]                                                                      (7.1s @ 1.16GB)
[7/8] Laying out methods...   [*]                                                                        (1.6s @ 1.25GB)
[8/8] Creating image...       [*]                                                                        (1.3s @ 1.37GB)
  11.54MB (37.57%) for code area:    25,198 compilation units
  15.81MB (51.48%) for image heap:  190,317 objects and 67 resources
   3.36MB (10.95%) for other data
  30.72MB in total
------------------------------------------------------------------------------------------------------------------------
Top 10 origins of code area:                                Top 10 object types in image heap:
   6.32MB java.base                                            3.72MB byte[] for code metadata
   1.79MB lucene-core-9.7.0-SNAPSHOT.jar                       2.33MB byte[] for java.lang.String
   1.73MB svm.jar (Native Image)                               1.65MB java.lang.String
 597.50kB lucene-backward-codecs-9.7.0-SNAPSHOT.jar            1.53MB java.lang.Class
 309.61kB dacapo-23.11-MR2-chopin.jar                        666.91kB byte[] for general heap data
 164.74kB jdk.zipfs                                          560.23kB com.oracle.svm.core.hub.DynamicHubCompanion
 116.38kB lucene-queryparser-9.7.0-SNAPSHOT.jar              530.45kB heap alignment
  98.39kB java.logging                                       456.80kB byte[] for reflection metadata
  69.70kB jdk.charsets                                       414.17kB java.lang.Object[]
  57.73kB org.graalvm.nativeimage.base                       333.56kB java.util.HashMap$Node
 156.72kB for 15 more packages                                 3.69MB for 1554 more object types
------------------------------------------------------------------------------------------------------------------------
Recommendations:
 HEAP: Set max heap for improved and more predictable memory usage.
 CPU:  Enable more CPU features with '-march=native' for improved performance.
Total skippable fingerprints recorded: 339885
Total phases ran: 1400347, total phases skipped: 37
------------------------------------------------------------------------------------------------------------------------
                        1.6s (7.3% of total time) in 450 GCs | Peak RSS: 2.13GB | CPU load: 6.83
------------------------------------------------------------------------------------------------------------------------
Build artifacts:
 /data/dacapobench/lusearch (executable)
========================================================================================================================
Finished generating 'lusearch' in 21.7s.
