Warning: The option '-H:+PlatformInterfaceCompatibilityMode' is experimental and must be enabled via '-H:+UnlockExperimentalVMOptions' in the future.
Warning: The option '-H:ProfileDataDumpFileName=/workspace/benchmarks/results/current/profiling-data/lusearch-custom_open.json' is experimental and must be enabled via '-H:+UnlockExperimentalVMOptions' in the future.
Warning: The option '-H:NumberOfThreads=4' is experimental and must be enabled via '-H:+UnlockExperimentalVMOptions' in the future.
Warning: Please re-evaluate whether any experimental option is required, and either remove or unlock it. The build output lists all active experimental options, including where they come from and possible alternatives. If you think an experimental option should be considered as stable, please file an issue.
Warning: Option 'PlatformInterfaceCompatibilityMode' is deprecated and might be removed in a future release: This option was introduced to simplify migration to GraalVM 21.2 and will be removed in a future release. Please refer to the GraalVM release notes.
========================================================================================================================
GraalVM Native Image: Generating 'lusearch' (executable)...
========================================================================================================================
For detailed information and explanations on the build output, visit:
https://github.com/oracle/graal/blob/master/docs/reference-manual/native-image/BuildOutput.md
------------------------------------------------------------------------------------------------------------------------
enableInlineCachePhase = true
enableInvokeProfilingPhase = false
enablePGODirectInvokeInlining = true
combinedInlining = true
ProfileDataDumpFileName = /workspace/benchmarks/results/current/profiling-data/lusearch-custom_open.json
useCompilerPGOData = false
profileCompiler = false
[Use -Djdk.graal.LogFile=<path> to redirect Graal log output to a file.]
Compiler PGO is disabled, compiler profiling is disabled
Loaded 4417 call sites profiles from file: /workspace/benchmarks/results/current/profiling-data/lusearch-custom_open.json
Using top 1767 call sites for PGO based inlining
Out of which 291 are indirect call sites and 1476 are direct call sites (16.468590831918505% indirect)
Representing 5824788640 and 14649258824 calls respectively (28.4496196965542% indirect)
Total calls represented: 20474047464

[1/8] Initializing...                                                                                    (2.0s @ 0.32GB)
 Java version: 24+36, vendor version: GraalVM CE 24-dev+36.1
 Graal compiler: optimization level: 0, target machine: x86-64-v3
 C compiler: gcc (linux, x86_64, 12.2.0)
 Garbage collector: Serial GC (max heap size: 80% of RAM)
 1 user-specific feature(s):
 - com.oracle.svm.thirdparty.gson.GsonFeature
------------------------------------------------------------------------------------------------------------------------
 3 experimental option(s) unlocked:
 - '-H:+PlatformInterfaceCompatibilityMode' (origin(s): command line)
 - '-H:NumberOfThreads' (alternative API option(s): --parallelism=4; origin(s): command line)
 - '-H:ProfileDataDumpFileName' (origin(s): command line)
------------------------------------------------------------------------------------------------------------------------
Build resources:
 - 10.18GB of memory (16.8% of 60.42GB system memory, determined at start)
 - 4 thread(s) (25.0% of 16 available processor(s), set via '--parallelism=4')
Warning: The interface org.graalvm.nativeimage.hosted.Feature is not available in the current platform, but used by com.oracle.svm.core.feature.InternalFeature. GraalVM before version 21.2 ignored such interfaces, but this was an oversight. The interface is filtered because the compatibility option -H:+PlatformInterfaceCompatibilityMode is used. This option will be removed in a future GraalVM version.
[2/8] Performing analysis...  [******]                                                                   (7.0s @ 0.77GB)
    6,520 reachable types   (80.8% of    8,068 total)
    9,418 reachable fields  (51.0% of   18,472 total)
   29,838 reachable methods (51.6% of   57,814 total)
    2,262 types,    78 fields, and   620 methods registered for reflection
       64 types,    75 fields, and    54 methods registered for JNI access
        4 native libraries: dl, pthread, rt, z
[3/8] Building universe...                                                                               (1.1s @ 0.92GB)
[4/8] Parsing methods...      [*]                                                                        (0.7s @ 1.03GB)
[5/8] Inlining methods...     [**]                                                                       (3.1s @ 1.18GB)
[6/8] Compiling methods...    [***]                                                                      (7.7s @ 1.56GB)
[7/8] Laying out methods...   [*]                                                                        (1.4s @ 1.84GB)
[8/8] Creating image...       [*]                                                                        (1.2s @ 1.97GB)
  13.67MB (40.93%) for code area:    24,932 compilation units
  16.38MB (49.05%) for image heap:  190,666 objects and 67 resources
   3.34MB (10.02%) for other data
  33.39MB in total
------------------------------------------------------------------------------------------------------------------------
Top 10 origins of code area:                                Top 10 object types in image heap:
   6.68MB java.base                                            4.41MB byte[] for code metadata
   2.85MB lucene-core-9.7.0-SNAPSHOT.jar                       2.33MB byte[] for java.lang.String
   1.75MB svm.jar (Native Image)                               1.65MB java.lang.String
 612.10kB lucene-backward-codecs-9.7.0-SNAPSHOT.jar            1.53MB java.lang.Class
 556.35kB dacapo-lusearch.jar                                667.00kB byte[] for general heap data
 360.78kB dacapo-23.11-MR2-chopin.jar                        560.31kB com.oracle.svm.core.hub.DynamicHubCompanion
 184.46kB lucene-queryparser-9.7.0-SNAPSHOT.jar              463.94kB byte[] for reflection metadata
 164.74kB jdk.zipfs                                          415.16kB java.lang.Object[]
  98.67kB java.logging                                       372.70kB heap alignment
  69.70kB jdk.charsets                                       333.19kB java.util.HashMap$Node
 219.32kB for 15 more packages                                 3.70MB for 1554 more object types
------------------------------------------------------------------------------------------------------------------------
Recommendations:
 HEAP: Set max heap for improved and more predictable memory usage.
 CPU:  Enable more CPU features with '-march=native' for improved performance.
Total skippable fingerprints recorded: 0
Total phases ran: 1394082, total phases skipped: 0
------------------------------------------------------------------------------------------------------------------------
                       1.7s (7.0% of total time) in 1126 GCs | Peak RSS: 2.80GB | CPU load: 6.57
------------------------------------------------------------------------------------------------------------------------
Build artifacts:
 /data/dacapobench/lusearch (executable)
========================================================================================================================
Finished generating 'lusearch' in 24.6s.
