Warning: The option '-H:+PlatformInterfaceCompatibilityMode' is experimental and must be enabled via '-H:+UnlockExperimentalVMOptions' in the future.
Warning: The option '-H:ProfileDataDumpFileName=/workspace/benchmarks/results/current/profiling-data/lusearch-custom_open.json' is experimental and must be enabled via '-H:+UnlockExperimentalVMOptions' in the future.
Warning: The option '-H:NumberOfThreads=4' is experimental and must be enabled via '-H:+UnlockExperimentalVMOptions' in the future.
Warning: Please re-evaluate whether any experimental option is required, and either remove or unlock it. The build output lists all active experimental options, including where they come from and possible alternatives. If you think an experimental option should be considered as stable, please file an issue.
Warning: Option 'PlatformInterfaceCompatibilityMode' is deprecated and might be removed in a future release: This option was introduced to simplify migration to GraalVM 21.2 and will be removed in a future release. Please refer to the GraalVM release notes.
========================================================================================================================
GraalVM Native Image: Generating 'lusearch' (executable)...
========================================================================================================================
For detailed information and explanations on the build output, visit:
https://github.com/oracle/graal/blob/master/docs/reference-manual/native-image/BuildOutput.md
------------------------------------------------------------------------------------------------------------------------
enableInlineCachePhase = true
enableInvokeProfilingPhase = false
enablePGODirectInvokeInlining = false
combinedInlining = false
ProfileDataDumpFileName = /workspace/benchmarks/results/current/profiling-data/lusearch-custom_open.json
useCompilerPGOData = false
profileCompiler = false
[Use -Djdk.graal.LogFile=<path> to redirect Graal log output to a file.]
Compiler PGO is disabled, compiler profiling is disabled
Loaded 2929 call sites profiles from file: /workspace/benchmarks/results/current/profiling-data/lusearch-custom_open.json
Using top 1172 call sites for PGO based inlining
Out of which 288 are indirect call sites and 884 are direct call sites
Representing 5797507524 and 7091522167 calls respectively (44.98017044718436% indirect)

[1/8] Initializing...                                                                                    (2.2s @ 0.15GB)
 Java version: 24+36, vendor version: GraalVM CE 24-dev+36.1
 Graal compiler: optimization level: 3, target machine: x86-64-v3
 C compiler: gcc (linux, x86_64, 12.2.0)
 Garbage collector: Serial GC (max heap size: 80% of RAM)
 1 user-specific feature(s):
 - com.oracle.svm.thirdparty.gson.GsonFeature
------------------------------------------------------------------------------------------------------------------------
 3 experimental option(s) unlocked:
 - '-H:+PlatformInterfaceCompatibilityMode' (origin(s): command line)
 - '-H:NumberOfThreads' (alternative API option(s): --parallelism=4; origin(s): command line)
 - '-H:ProfileDataDumpFileName' (origin(s): command line)
------------------------------------------------------------------------------------------------------------------------
Build resources:
 - 17.50GB of memory (29.0% of 60.42GB system memory, determined at start)
 - 4 thread(s) (25.0% of 16 available processor(s), set via '--parallelism=4')
Warning: The interface org.graalvm.nativeimage.hosted.Feature is not available in the current platform, but used by com.oracle.svm.core.feature.InternalFeature. GraalVM before version 21.2 ignored such interfaces, but this was an oversight. The interface is filtered because the compatibility option -H:+PlatformInterfaceCompatibilityMode is used. This option will be removed in a future GraalVM version.
[2/8] Performing analysis...  [*****]                                                                    (7.1s @ 0.69GB)
    6,332 reachable types   (79.0% of    8,015 total)
    9,388 reachable fields  (50.9% of   18,438 total)
   29,623 reachable methods (51.8% of   57,218 total)
    2,206 types,    64 fields, and   562 methods registered for reflection
       64 types,    75 fields, and    54 methods registered for JNI access
        4 native libraries: dl, pthread, rt, z
[3/8] Building universe...                                                                               (1.1s @ 0.73GB)
[4/8] Parsing methods...      [*]                                                                        (0.6s @ 0.82GB)
[5/8] Inlining methods...     [***]                                                                      (1.8s @ 0.86GB)
[6/8] Compiling methods...    [***]                                                                      (6.4s @ 0.70GB)
[7/8] Laying out methods...   [*]                                                                        (1.2s @ 0.85GB)
[8/8] Creating image...       [*]                                                                        (1.4s @ 0.94GB)
  12.10MB (40.84%) for code area:    18,639 compilation units
  14.63MB (49.37%) for image heap:  187,674 objects and 67 resources
   2.90MB ( 9.78%) for other data
  29.62MB in total
------------------------------------------------------------------------------------------------------------------------
Top 10 origins of code area:                                Top 10 object types in image heap:
   6.90MB java.base                                            2.97MB byte[] for code metadata
   1.91MB lucene-core-9.7.0-SNAPSHOT.jar                       2.31MB byte[] for java.lang.String
   1.44MB svm.jar (Native Image)                               1.64MB java.lang.String
 598.83kB lucene-backward-codecs-9.7.0-SNAPSHOT.jar            1.49MB java.lang.Class
 374.24kB dacapo-23.11-MR2-chopin.jar                        666.98kB byte[] for general heap data
 192.51kB jdk.zipfs                                          544.16kB com.oracle.svm.core.hub.DynamicHubCompanion
 131.74kB lucene-queryparser-9.7.0-SNAPSHOT.jar              451.41kB byte[] for reflection metadata
 102.97kB java.logging                                       406.84kB java.lang.Object[]
  73.58kB org.graalvm.nativeimage.base                       333.56kB java.util.HashMap$Node
  69.38kB jdk.charsets                                       327.22kB byte[] for embedded resources
 208.30kB for 15 more packages                                 3.55MB for 1497 more object types
------------------------------------------------------------------------------------------------------------------------
Recommendations:
 HEAP: Set max heap for improved and more predictable memory usage.
 CPU:  Enable more CPU features with '-march=native' for improved performance.
Total skippable fingerprints recorded: 0
Total phases ran: 1098153, total phases skipped: 0
Percentage of ICs missed due to large code size: 0/194 (0.00%)
------------------------------------------------------------------------------------------------------------------------
                        1.4s (6.1% of total time) in 545 GCs | Peak RSS: 1.67GB | CPU load: 6.66
------------------------------------------------------------------------------------------------------------------------
Build artifacts:
 /data/dacapobench/lusearch (executable)
========================================================================================================================
Finished generating 'lusearch' in 22.5s.
