Warning: The option '-H:+PlatformInterfaceCompatibilityMode' is experimental and must be enabled via '-H:+UnlockExperimentalVMOptions' in the future.
Warning: The option '-H:ProfileDataDumpFileName=/workspace/benchmarks/results/current/profiling-data/lusearch-custom_open.json' is experimental and must be enabled via '-H:+UnlockExperimentalVMOptions' in the future.
Warning: The option '-H:NumberOfThreads=4' is experimental and must be enabled via '-H:+UnlockExperimentalVMOptions' in the future.
Warning: Please re-evaluate whether any experimental option is required, and either remove or unlock it. The build output lists all active experimental options, including where they come from and possible alternatives. If you think an experimental option should be considered as stable, please file an issue.
Warning: Option 'PlatformInterfaceCompatibilityMode' is deprecated and might be removed in a future release: This option was introduced to simplify migration to GraalVM 21.2 and will be removed in a future release. Please refer to the GraalVM release notes.
========================================================================================================================
GraalVM Native Image: Generating 'lusearch' (executable)...
========================================================================================================================
For detailed information and explanations on the build output, visit:
https://github.com/oracle/graal/blob/master/docs/reference-manual/native-image/BuildOutput.md
------------------------------------------------------------------------------------------------------------------------
[Use -Djdk.graal.LogFile=<path> to redirect Graal log output to a file.]
Compiler PGO is enabled, compiler profiling is disabled
Compiler PGO enabled, reading skippable phases from skippable_phases.txt
Found 333349 skippable phases.
Loaded 4505 call sites profiles from file: /workspace/benchmarks/results/current/profiling-data/lusearch-custom_open.json
Using top 1802 call sites for PGO based inlining
Out of which 291 are indirect call sites and 1511 are direct call sites
Representing 5621960284 and 13955753482 calls respectively

[1/8] Initializing...                                                                                    (1.9s @ 0.13GB)
 Java version: 24+36, vendor version: GraalVM CE 24-dev+36.1
 Graal compiler: optimization level: 3, target machine: x86-64-v3
 C compiler: gcc (linux, x86_64, 12.2.0)
 Garbage collector: Serial GC (max heap size: 80% of RAM)
 1 user-specific feature(s):
 - com.oracle.svm.thirdparty.gson.GsonFeature
------------------------------------------------------------------------------------------------------------------------
 3 experimental option(s) unlocked:
 - '-H:+PlatformInterfaceCompatibilityMode' (origin(s): command line)
 - '-H:NumberOfThreads' (alternative API option(s): --parallelism=4; origin(s): command line)
 - '-H:ProfileDataDumpFileName' (origin(s): command line)
------------------------------------------------------------------------------------------------------------------------
Build resources:
 - 19.31GB of memory (32.0% of 60.42GB system memory, determined at start)
 - 4 thread(s) (25.0% of 16 available processor(s), set via '--parallelism=4')
Warning: The interface org.graalvm.nativeimage.hosted.Feature is not available in the current platform, but used by com.oracle.svm.core.feature.InternalFeature. GraalVM before version 21.2 ignored such interfaces, but this was an oversight. The interface is filtered because the compatibility option -H:+PlatformInterfaceCompatibilityMode is used. This option will be removed in a future GraalVM version.
[2/8] Performing analysis...  [******]                                                                   (5.3s @ 0.59GB)
    6,332 reachable types   (79.0% of    8,015 total)
    9,388 reachable fields  (50.9% of   18,438 total)
   29,623 reachable methods (51.8% of   57,224 total)
    2,206 types,    64 fields, and   562 methods registered for reflection
       64 types,    75 fields, and    54 methods registered for JNI access
        4 native libraries: dl, pthread, rt, z
[3/8] Building universe...                                                                               (1.0s @ 0.75GB)
[4/8] Parsing methods...      [*]                                                                        (0.6s @ 0.78GB)
[5/8] Inlining methods...     [**]                                                                       (1.4s @ 0.82GB)
[6/8] Compiling methods...    [***]                                                                      (5.6s @ 0.73GB)
[7/8] Laying out methods...   [*]                                                                        (1.4s @ 0.78GB)
[8/8] Creating image...       [*]                                                                        (1.2s @ 0.92GB)
  10.17MB (35.62%) for code area:    24,683 compilation units
  15.06MB (52.75%) for image heap:  187,767 objects and 67 resources
   3.32MB (11.63%) for other data
  28.55MB in total
------------------------------------------------------------------------------------------------------------------------
Top 10 origins of code area:                                Top 10 object types in image heap:
   5.31MB java.base                                            3.38MB byte[] for code metadata
   1.87MB lucene-core-9.7.0-SNAPSHOT.jar                       2.31MB byte[] for java.lang.String
   1.33MB svm.jar (Native Image)                               1.64MB java.lang.String
 509.77kB lucene-backward-codecs-9.7.0-SNAPSHOT.jar            1.49MB java.lang.Class
 333.13kB dacapo-23.11-MR2-chopin.jar                        666.98kB byte[] for general heap data
 167.25kB lucene-queryparser-9.7.0-SNAPSHOT.jar              544.16kB com.oracle.svm.core.hub.DynamicHubCompanion
 138.05kB jdk.zipfs                                          451.22kB byte[] for reflection metadata
  82.99kB java.logging                                       406.84kB java.lang.Object[]
  69.33kB jdk.charsets                                       333.19kB java.util.HashMap$Node
  60.45kB dacapo-lusearch.jar                                327.22kB byte[] for embedded resources
 166.42kB for 15 more packages                                 3.57MB for 1544 more object types
------------------------------------------------------------------------------------------------------------------------
Recommendations:
 HEAP: Set max heap for improved and more predictable memory usage.
 CPU:  Enable more CPU features with '-march=native' for improved performance.
Total skippable fingerprints recorded: 333349
Total phases ran: 1399175, total phases skipped: 368149
------------------------------------------------------------------------------------------------------------------------
                        1.2s (6.1% of total time) in 382 GCs | Peak RSS: 1.62GB | CPU load: 7.22
------------------------------------------------------------------------------------------------------------------------
Build artifacts:
 /data/dacapobench/lusearch (executable)
========================================================================================================================
Finished generating 'lusearch' in 19.0s.
