Warning: The option '-H:+PlatformInterfaceCompatibilityMode' is experimental and must be enabled via '-H:+UnlockExperimentalVMOptions' in the future.
Warning: The option '-H:NumberOfThreads=4' is experimental and must be enabled via '-H:+UnlockExperimentalVMOptions' in the future.
Warning: Please re-evaluate whether any experimental option is required, and either remove or unlock it. The build output lists all active experimental options, including where they come from and possible alternatives. If you think an experimental option should be considered as stable, please file an issue.
Warning: Option 'PlatformInterfaceCompatibilityMode' is deprecated and might be removed in a future release: This option was introduced to simplify migration to GraalVM 21.2 and will be removed in a future release. Please refer to the GraalVM release notes.
========================================================================================================================
GraalVM Native Image: Generating 'lusearch' (executable)...
========================================================================================================================
For detailed information and explanations on the build output, visit:
https://github.com/oracle/graal/blob/master/docs/reference-manual/native-image/BuildOutput.md
------------------------------------------------------------------------------------------------------------------------
enableInlineCachePhase = false
enableInvokeProfilingPhase = false
enablePGODirectInvokeInlining = false
combinedInlining = false
ProfileDataDumpFileName = null
useCompilerPGOData = false
profileCompiler = false
[Use -Djdk.graal.LogFile=<path> to redirect Graal log output to a file.]
Compiler PGO is disabled, compiler profiling is disabled
[1/8] Initializing...                                                                                    (1.6s @ 0.26GB)
 Java version: 24+36, vendor version: GraalVM CE 24-dev+36.1
 Graal compiler: optimization level: s, target machine: x86-64-v3
 C compiler: gcc (linux, x86_64, 12.2.0)
 Garbage collector: Serial GC (max heap size: 80% of RAM)
 1 user-specific feature(s):
 - com.oracle.svm.thirdparty.gson.GsonFeature
------------------------------------------------------------------------------------------------------------------------
 2 experimental option(s) unlocked:
 - '-H:+PlatformInterfaceCompatibilityMode' (origin(s): command line)
 - '-H:NumberOfThreads' (alternative API option(s): --parallelism=4; origin(s): command line)
------------------------------------------------------------------------------------------------------------------------
Build resources:
 - 18.47GB of memory (30.6% of 60.42GB system memory, determined at start)
 - 4 thread(s) (25.0% of 16 available processor(s), set via '--parallelism=4')
Warning: The interface org.graalvm.nativeimage.hosted.Feature is not available in the current platform, but used by com.oracle.svm.core.feature.InternalFeature. GraalVM before version 21.2 ignored such interfaces, but this was an oversight. The interface is filtered because the compatibility option -H:+PlatformInterfaceCompatibilityMode is used. This option will be removed in a future GraalVM version.
[2/8] Performing analysis...  [******]                                                                   (4.5s @ 0.60GB)
    6,331 reachable types   (79.0% of    8,013 total)
    9,388 reachable fields  (50.9% of   18,438 total)
   29,621 reachable methods (51.8% of   57,198 total)
    2,204 types,    64 fields, and   561 methods registered for reflection
       64 types,    75 fields, and    54 methods registered for JNI access
        4 native libraries: dl, pthread, rt, z
[3/8] Building universe...                                                                               (1.1s @ 0.96GB)
[4/8] Parsing methods...      [*]                                                                        (0.6s @ 0.76GB)
[5/8] Inlining methods...     [***]                                                                      (0.5s @ 1.07GB)
[6/8] Compiling methods...    [**]                                                                       (3.9s @ 0.63GB)
[7/8] Laying out methods...   [*]                                                                        (0.9s @ 0.83GB)
[8/8] Creating image...       [*]                                                                        (1.2s @ 0.66GB)
   7.90MB (31.28%) for code area:    18,656 compilation units
  14.44MB (57.19%) for image heap:  187,659 objects and 67 resources
   2.91MB (11.54%) for other data
  25.25MB in total
------------------------------------------------------------------------------------------------------------------------
Top 10 origins of code area:                                Top 10 object types in image heap:
   4.57MB java.base                                            2.71MB byte[] for code metadata
   1.15MB lucene-core-9.7.0-SNAPSHOT.jar                       2.31MB byte[] for java.lang.String
   1.02MB svm.jar (Native Image)                               1.64MB java.lang.String
 375.85kB lucene-backward-codecs-9.7.0-SNAPSHOT.jar            1.49MB java.lang.Class
 213.20kB dacapo-23.11-MR2-chopin.jar                        666.98kB byte[] for general heap data
 124.33kB jdk.zipfs                                          544.07kB com.oracle.svm.core.hub.DynamicHubCompanion
  71.38kB lucene-queryparser-9.7.0-SNAPSHOT.jar              451.27kB byte[] for reflection metadata
  67.09kB java.logging                                       406.82kB java.lang.Object[]
  35.76kB org.graalvm.nativeimage.base                       333.23kB java.util.HashMap$Node
  32.42kB jdk.proxy2                                         331.13kB heap alignment
 122.64kB for 15 more packages                                 3.61MB for 1503 more object types
------------------------------------------------------------------------------------------------------------------------
Recommendations:
 HEAP: Set max heap for improved and more predictable memory usage.
 CPU:  Enable more CPU features with '-march=native' for improved performance.
Total skippable fingerprints recorded: 0
Total phases ran: 965991, total phases skipped: 0
------------------------------------------------------------------------------------------------------------------------
                        0.8s (5.1% of total time) in 47 GCs | Peak RSS: 2.16GB | CPU load: 7.78
------------------------------------------------------------------------------------------------------------------------
Build artifacts:
 /data/dacapobench/lusearch (executable)
========================================================================================================================
Finished generating 'lusearch' in 14.8s.
