Warning: The option '-H:+PlatformInterfaceCompatibilityMode' is experimental and must be enabled via '-H:+UnlockExperimentalVMOptions' in the future.
Warning: The option '-H:NumberOfThreads=4' is experimental and must be enabled via '-H:+UnlockExperimentalVMOptions' in the future.
Warning: Please re-evaluate whether any experimental option is required, and either remove or unlock it. The build output lists all active experimental options, including where they come from and possible alternatives. If you think an experimental option should be considered as stable, please file an issue.
Warning: Option 'PlatformInterfaceCompatibilityMode' is deprecated and might be removed in a future release: This option was introduced to simplify migration to GraalVM 21.2 and will be removed in a future release. Please refer to the GraalVM release notes.
========================================================================================================================
GraalVM Native Image: Generating 'lusearch' (executable)...
========================================================================================================================
For detailed information and explanations on the build output, visit:
https://github.com/oracle/graal/blob/master/docs/reference-manual/native-image/BuildOutput.md
------------------------------------------------------------------------------------------------------------------------
enableInlineCachePhase = false
enableInvokeProfilingPhase = false
enablePGODirectInvokeInlining = false
combinedInlining = false
ProfileDataDumpFileName = null
useCompilerPGOData = false
profileCompiler = false
[Use -Djdk.graal.LogFile=<path> to redirect Graal log output to a file.]
Compiler PGO is disabled, compiler profiling is disabled
[1/8] Initializing...                                                                                    (1.6s @ 0.26GB)
 Java version: 24+36, vendor version: GraalVM CE 24-dev+36.1
 Graal compiler: optimization level: 0, target machine: x86-64-v3
 C compiler: gcc (linux, x86_64, 12.2.0)
 Garbage collector: Serial GC (max heap size: 80% of RAM)
 1 user-specific feature(s):
 - com.oracle.svm.thirdparty.gson.GsonFeature
------------------------------------------------------------------------------------------------------------------------
 2 experimental option(s) unlocked:
 - '-H:+PlatformInterfaceCompatibilityMode' (origin(s): command line)
 - '-H:NumberOfThreads' (alternative API option(s): --parallelism=4; origin(s): command line)
------------------------------------------------------------------------------------------------------------------------
Build resources:
 - 18.54GB of memory (30.7% of 60.42GB system memory, determined at start)
 - 4 thread(s) (25.0% of 16 available processor(s), set via '--parallelism=4')
Warning: The interface org.graalvm.nativeimage.hosted.Feature is not available in the current platform, but used by com.oracle.svm.core.feature.InternalFeature. GraalVM before version 21.2 ignored such interfaces, but this was an oversight. The interface is filtered because the compatibility option -H:+PlatformInterfaceCompatibilityMode is used. This option will be removed in a future GraalVM version.
[2/8] Performing analysis...  [******]                                                                   (5.0s @ 0.70GB)
    6,518 reachable types   (80.8% of    8,066 total)
    9,412 reachable fields  (51.0% of   18,471 total)
   29,760 reachable methods (51.5% of   57,807 total)
    2,211 types,    78 fields, and   569 methods registered for reflection
       64 types,    75 fields, and    54 methods registered for JNI access
        4 native libraries: dl, pthread, rt, z
[3/8] Building universe...                                                                               (1.2s @ 0.79GB)
[4/8] Parsing methods...      [*]                                                                        (0.7s @ 0.88GB)
[5/8] Inlining methods...     [**]                                                                       (0.4s @ 0.91GB)
[6/8] Compiling methods...    [***]                                                                      (5.3s @ 1.16GB)
[7/8] Laying out methods...   [*]                                                                        (1.2s @ 1.33GB)
[8/8] Creating image...       [*]                                                                        (1.1s @ 1.14GB)
  11.54MB (37.57%) for code area:    25,198 compilation units
  15.81MB (51.48%) for image heap:  190,304 objects and 67 resources
   3.36MB (10.95%) for other data
  30.72MB in total
------------------------------------------------------------------------------------------------------------------------
Top 10 origins of code area:                                Top 10 object types in image heap:
   6.32MB java.base                                            3.72MB byte[] for code metadata
   1.79MB lucene-core-9.7.0-SNAPSHOT.jar                       2.33MB byte[] for java.lang.String
   1.73MB svm.jar (Native Image)                               1.65MB java.lang.String
 597.50kB lucene-backward-codecs-9.7.0-SNAPSHOT.jar            1.53MB java.lang.Class
 309.61kB dacapo-23.11-MR2-chopin.jar                        667.00kB byte[] for general heap data
 164.74kB jdk.zipfs                                          560.14kB com.oracle.svm.core.hub.DynamicHubCompanion
 116.38kB lucene-queryparser-9.7.0-SNAPSHOT.jar              531.01kB heap alignment
  98.39kB java.logging                                       456.77kB byte[] for reflection metadata
  69.70kB jdk.charsets                                       414.17kB java.lang.Object[]
  57.73kB org.graalvm.nativeimage.base                       333.61kB java.util.HashMap$Node
 156.72kB for 15 more packages                                 3.69MB for 1554 more object types
------------------------------------------------------------------------------------------------------------------------
Recommendations:
 HEAP: Set max heap for improved and more predictable memory usage.
 CPU:  Enable more CPU features with '-march=native' for improved performance.
Total skippable fingerprints recorded: 0
Total phases ran: 1400286, total phases skipped: 0
------------------------------------------------------------------------------------------------------------------------
                        1.2s (6.6% of total time) in 448 GCs | Peak RSS: 2.08GB | CPU load: 7.60
------------------------------------------------------------------------------------------------------------------------
Build artifacts:
 /data/dacapobench/lusearch (executable)
========================================================================================================================
Finished generating 'lusearch' in 17.3s.
