
Native Image Bundles: Loaded Bundle from /data/baristabench/benchmarks/micronaut-hello-world/target/micronaut-hello-world-1.0.7.nib
Native Image Bundles: Bundle created at 'Tuesday, September 9, 2025, 10:00:11 PM Coordinated Universal Time'
Native Image Bundles: Using version: '24+36' != '24+36-jvmci-b01' (vendor 'Oracle Corporation' != 'GraalVM Community') on platform: 'linux-amd64'
Warning: The option '-H:ProfileDataDumpFileName=/workspace/benchmarks/results/current/profiling-data/micronaut-hello-world-custom_open.json' is experimental and must be enabled via '-H:+UnlockExperimentalVMOptions' in the future.
Warning: The option '-H:+PlatformInterfaceCompatibilityMode' is experimental and must be enabled via '-H:+UnlockExperimentalVMOptions' in the future.
Warning: The option '-H:NumberOfThreads=4' is experimental and must be enabled via '-H:+UnlockExperimentalVMOptions' in the future.
Warning: Please re-evaluate whether any experimental option is required, and either remove or unlock it. The build output lists all active experimental options, including where they come from and possible alternatives. If you think an experimental option should be considered as stable, please file an issue.
Warning: Native Image Bundles are an experimental feature.
Warning: Option 'PlatformInterfaceCompatibilityMode' is deprecated and might be removed in a future release: This option was introduced to simplify migration to GraalVM 21.2 and will be removed in a future release. Please refer to the GraalVM release notes.
========================================================================================================================
GraalVM Native Image: Generating 'micronaut-hello-world' (executable)...
========================================================================================================================
For detailed information and explanations on the build output, visit:
https://github.com/oracle/graal/blob/master/docs/reference-manual/native-image/BuildOutput.md
------------------------------------------------------------------------------------------------------------------------
enableInlineCachePhase = false
enableInvokeProfilingPhase = false
enablePGODirectInvokeInlining = true
combinedInlining = true
ProfileDataDumpFileName = /workspace/benchmarks/results/current/profiling-data/micronaut-hello-world-custom_open.json
useCompilerPGOData = false
profileCompiler = false
[Use -Djdk.graal.LogFile=<path> to redirect Graal log output to a file.]
Compiler PGO is disabled, compiler profiling is disabled
Loaded 9869 call sites profiles from file: /workspace/benchmarks/results/current/profiling-data/micronaut-hello-world-custom_open.json
Using top 3948 call sites for PGO based inlining
Out of which 758 are indirect call sites and 3190 are direct call sites (19.199594731509624% indirect)
Representing 651748871 and 2153112905 calls respectively (23.236398904813626% indirect)
Total calls represented: 2804861776

[1/8] Initializing...                                                                                    (1.9s @ 0.24GB)
 Java version: 24+36, vendor version: GraalVM CE 24-dev+36.1
 Graal compiler: optimization level: 3, target machine: native
 C compiler: gcc (linux, x86_64, 12.2.0)
 Garbage collector: Serial GC (max heap size: 80% of RAM)
 2 user-specific feature(s):
 - com.oracle.svm.thirdparty.gson.GsonFeature
 - io.micronaut.core.io.service.ServiceLoaderFeature
------------------------------------------------------------------------------------------------------------------------
 3 experimental option(s) unlocked:
 - '-H:+PlatformInterfaceCompatibilityMode' (origin(s): command line)
 - '-H:NumberOfThreads' (alternative API option(s): --parallelism=4; origin(s): command line)
 - '-H:ProfileDataDumpFileName' (origin(s): command line)
------------------------------------------------------------------------------------------------------------------------
Build resources:
 - 24.89GB of memory (41.2% of 60.42GB system memory, determined at start)
 - 4 thread(s) (25.0% of 16 available processor(s), set via '--parallelism=4')
Warning: The interface org.graalvm.nativeimage.hosted.Feature is not available in the current platform, but used by com.oracle.svm.core.feature.InternalFeature. GraalVM before version 21.2 ignored such interfaces, but this was an oversight. The interface is filtered because the compatibility option -H:+PlatformInterfaceCompatibilityMode is used. This option will be removed in a future GraalVM version.
[2/8] Performing analysis...  [******]                                                                   (8.4s @ 1.29GB)
   13,843 reachable types   (87.4% of   15,831 total)
   20,210 reachable fields  (52.9% of   38,170 total)
   69,242 reachable methods (61.1% of  113,246 total)
    4,702 types,   120 fields, and 1,299 methods registered for reflection
       63 types,    62 fields, and    57 methods registered for JNI access
        4 native libraries: dl, pthread, rt, z
[3/8] Building universe...                                                                               (2.2s @ 1.36GB)
[4/8] Parsing methods...      [*]                                                                        (1.0s @ 1.53GB)
[5/8] Inlining methods...     [***]                                                                      (8.5s @ 1.77GB)
[6/8] Compiling methods...    [****]                                                                    (12.7s @ 1.89GB)
[7/8] Laying out methods...   [**]                                                                       (2.7s @ 2.42GB)
[8/8] Creating image...       [**]                                                                       (2.2s @ 2.70GB)
  36.67MB (48.08%) for code area:    46,383 compilation units
  31.06MB (40.73%) for image heap:  330,086 objects and 349 resources
   8.54MB (11.19%) for other data
  76.27MB in total
------------------------------------------------------------------------------------------------------------------------
Top 10 origins of code area:                                Top 10 object types in image heap:
  15.62MB micronaut-hello-world-1.0.7.jar                      9.10MB byte[] for code metadata
  13.89MB java.base                                            4.40MB byte[] for java.lang.String
   2.93MB java.xml                                             3.98MB java.lang.Class
   2.12MB svm.jar (Native Image)                               2.92MB java.lang.String
 376.67kB jdk.proxy4                                           1.16MB com.oracle.svm.core.hub.DynamicHubCompanion
 325.55kB java.rmi                                           864.90kB byte[] for reflection metadata
 211.55kB jdk.zipfs                                          835.09kB byte[] for general heap data
 211.11kB java.naming                                        592.44kB java.lang.String[]
 176.77kB jdk.naming.dns                                     528.62kB heap alignment
 108.23kB java.logging                                       525.98kB java.lang.Object[]
 420.76kB for 18 more packages                                 6.23MB for 2928 more object types
------------------------------------------------------------------------------------------------------------------------
Recommendations:
 HEAP: Set max heap for improved and more predictable memory usage.
Total skippable fingerprints recorded: 0
Total phases ran: 2721942, total phases skipped: 0
------------------------------------------------------------------------------------------------------------------------
                       2.3s (5.7% of total time) in 1440 GCs | Peak RSS: 3.52GB | CPU load: 5.78
------------------------------------------------------------------------------------------------------------------------
Build artifacts:
 /tmp/bundleRoot-17963312546557592493/output/default/micronaut-hello-world (executable)
========================================================================================================================
Finished generating 'micronaut-hello-world' in 40.6s.

Native Image Bundles: Bundle build output written to /data/baristabench/benchmarks/micronaut-hello-world/target/micronaut-hello-world-1.0.7.output

