
Native Image Bundles: Loaded Bundle from /data/baristabench/benchmarks/micronaut-similarity/target/micronaut-similarity-1.0.6.nib
Native Image Bundles: Bundle created at 'Tuesday, September 9, 2025, 10:00:26 PM Coordinated Universal Time'
Native Image Bundles: Using version: '24+36' != '24+36-jvmci-b01' (vendor 'Oracle Corporation' != 'GraalVM Community') on platform: 'linux-amd64'
Warning: The option '-H:+PlatformInterfaceCompatibilityMode' is experimental and must be enabled via '-H:+UnlockExperimentalVMOptions' in the future.
Warning: The option '-H:ProfileDataDumpFileName=/workspace/benchmarks/results/current/profiling-data/micronaut-similarity-custom_open.json' is experimental and must be enabled via '-H:+UnlockExperimentalVMOptions' in the future.
Warning: The option '-H:NumberOfThreads=4' is experimental and must be enabled via '-H:+UnlockExperimentalVMOptions' in the future.
Warning: Please re-evaluate whether any experimental option is required, and either remove or unlock it. The build output lists all active experimental options, including where they come from and possible alternatives. If you think an experimental option should be considered as stable, please file an issue.
Warning: Native Image Bundles are an experimental feature.
Warning: Option 'PlatformInterfaceCompatibilityMode' is deprecated and might be removed in a future release: This option was introduced to simplify migration to GraalVM 21.2 and will be removed in a future release. Please refer to the GraalVM release notes.
========================================================================================================================
GraalVM Native Image: Generating 'micronaut-similarity' (executable)...
========================================================================================================================
For detailed information and explanations on the build output, visit:
https://github.com/oracle/graal/blob/master/docs/reference-manual/native-image/BuildOutput.md
------------------------------------------------------------------------------------------------------------------------
enableInlineCachePhase = true
enableInvokeProfilingPhase = false
enablePGODirectInvokeInlining = true
combinedInlining = true
ProfileDataDumpFileName = /workspace/benchmarks/results/current/profiling-data/micronaut-similarity-custom_open.json
useCompilerPGOData = false
profileCompiler = false
[Use -Djdk.graal.LogFile=<path> to redirect Graal log output to a file.]
Compiler PGO is disabled, compiler profiling is disabled
Loaded 11530 call sites profiles from file: /workspace/benchmarks/results/current/profiling-data/micronaut-similarity-custom_open.json
Using top 4612 call sites for PGO based inlining
Out of which 936 are indirect call sites and 3676 are direct call sites (20.294882914137034% indirect)
Representing 1847429 and 3121959586 calls respectively (0.059140305119008765% indirect)
Total calls represented: 3123807015

[1/8] Initializing...                                                                                    (2.6s @ 0.26GB)
 Java version: 24+36, vendor version: GraalVM CE 24-dev+36.1
 Graal compiler: optimization level: 0, target machine: native
 C compiler: gcc (linux, x86_64, 12.2.0)
 Garbage collector: Serial GC (max heap size: 80% of RAM)
 2 user-specific feature(s):
 - com.oracle.svm.thirdparty.gson.GsonFeature
 - io.micronaut.core.io.service.ServiceLoaderFeature
------------------------------------------------------------------------------------------------------------------------
 3 experimental option(s) unlocked:
 - '-H:+PlatformInterfaceCompatibilityMode' (origin(s): command line)
 - '-H:NumberOfThreads' (alternative API option(s): --parallelism=4; origin(s): command line)
 - '-H:ProfileDataDumpFileName' (origin(s): command line)
------------------------------------------------------------------------------------------------------------------------
Build resources:
 - 10.28GB of memory (17.0% of 60.42GB system memory, determined at start)
 - 4 thread(s) (25.0% of 16 available processor(s), set via '--parallelism=4')
Warning: The interface org.graalvm.nativeimage.hosted.Feature is not available in the current platform, but used by com.oracle.svm.core.feature.InternalFeature. GraalVM before version 21.2 ignored such interfaces, but this was an oversight. The interface is filtered because the compatibility option -H:+PlatformInterfaceCompatibilityMode is used. This option will be removed in a future GraalVM version.
[2/8] Performing analysis...  [******]                                                                  (22.8s @ 2.15GB)
   14,060 reachable types   (88.4% of   15,912 total)
   20,275 reachable fields  (53.0% of   38,236 total)
   69,591 reachable methods (61.0% of  114,115 total)
    4,864 types,   174 fields, and 1,468 methods registered for reflection
       63 types,    62 fields, and    57 methods registered for JNI access
        4 native libraries: dl, pthread, rt, z
[3/8] Building universe...                                                                               (2.5s @ 1.58GB)
[4/8] Parsing methods...      [*]                                                                        (1.4s @ 1.81GB)
[5/8] Inlining methods...     [**]                                                                      (26.5s @ 2.40GB)
[6/8] Compiling methods...    [****]                                                                    (17.6s @ 4.63GB)
[7/8] Laying out methods...   [**]                                                                       (3.4s @ 5.31GB)
[8/8] Creating image...       [**]                                                                       (2.2s @ 5.62GB)
  34.05MB (43.77%) for code area:    60,816 compilation units
  34.13MB (43.87%) for image heap:  336,470 objects and 350 resources
   9.61MB (12.36%) for other data
  77.79MB in total
------------------------------------------------------------------------------------------------------------------------
Top 10 origins of code area:                                Top 10 object types in image heap:
  15.87MB micronaut-similarity-1.0.6.jar                      11.66MB byte[] for code metadata
  11.68MB java.base                                            4.44MB byte[] for java.lang.String
   2.57MB java.xml                                             4.03MB java.lang.Class
   2.13MB svm.jar (Native Image)                               2.95MB java.lang.String
 287.72kB java.rmi                                             1.18MB com.oracle.svm.core.hub.DynamicHubCompanion
 236.04kB jdk.proxy4                                         900.26kB byte[] for reflection metadata
 179.76kB java.naming                                        835.90kB byte[] for general heap data
 178.31kB jdk.zipfs                                          625.29kB heap alignment
 108.73kB jdk.naming.dns                                     598.65kB java.lang.String[]
 101.10kB java.logging                                       535.50kB java.lang.Object[]
 342.19kB for 19 more packages                                 6.46MB for 2998 more object types
------------------------------------------------------------------------------------------------------------------------
Recommendations:
 HEAP: Set max heap for improved and more predictable memory usage.
Total skippable fingerprints recorded: 0
Total phases ran: 3378344, total phases skipped: 0
------------------------------------------------------------------------------------------------------------------------
                       4.6s (5.8% of total time) in 4006 GCs | Peak RSS: 6.62GB | CPU load: 4.87
------------------------------------------------------------------------------------------------------------------------
Build artifacts:
 /tmp/bundleRoot-6314854053348758441/output/default/micronaut-similarity (executable)
========================================================================================================================
Finished generating 'micronaut-similarity' in 1m 19s.

Native Image Bundles: Bundle build output written to /data/baristabench/benchmarks/micronaut-similarity/target/micronaut-similarity-1.0.6.output

