
Native Image Bundles: Loaded Bundle from /data/baristabench/benchmarks/micronaut-hello-world/target/micronaut-hello-world-1.0.7.nib
Native Image Bundles: Bundle created at 'Tuesday, September 9, 2025, 10:00:11 PM Coordinated Universal Time'
Native Image Bundles: Using version: '24+36' != '24+36-jvmci-b01' (vendor 'Oracle Corporation' != 'GraalVM Community') on platform: 'linux-amd64'
Warning: The option '-H:ProfileDataDumpFileName=/workspace/benchmarks/results/current/profiling-data/micronaut-hello-world-custom_open.json' is experimental and must be enabled via '-H:+UnlockExperimentalVMOptions' in the future.
Warning: The option '-H:+PlatformInterfaceCompatibilityMode' is experimental and must be enabled via '-H:+UnlockExperimentalVMOptions' in the future.
Warning: The option '-H:NumberOfThreads=4' is experimental and must be enabled via '-H:+UnlockExperimentalVMOptions' in the future.
Warning: Please re-evaluate whether any experimental option is required, and either remove or unlock it. The build output lists all active experimental options, including where they come from and possible alternatives. If you think an experimental option should be considered as stable, please file an issue.
Warning: Native Image Bundles are an experimental feature.
Warning: Option 'PlatformInterfaceCompatibilityMode' is deprecated and might be removed in a future release: This option was introduced to simplify migration to GraalVM 21.2 and will be removed in a future release. Please refer to the GraalVM release notes.
========================================================================================================================
GraalVM Native Image: Generating 'micronaut-hello-world' (executable)...
========================================================================================================================
For detailed information and explanations on the build output, visit:
https://github.com/oracle/graal/blob/master/docs/reference-manual/native-image/BuildOutput.md
------------------------------------------------------------------------------------------------------------------------
enableInlineCachePhase = false
enableInvokeProfilingPhase = false
enablePGODirectInvokeInlining = true
combinedInlining = true
ProfileDataDumpFileName = /workspace/benchmarks/results/current/profiling-data/micronaut-hello-world-custom_open.json
useCompilerPGOData = false
profileCompiler = false
[Use -Djdk.graal.LogFile=<path> to redirect Graal log output to a file.]
Compiler PGO is disabled, compiler profiling is disabled
Loaded 9869 call sites profiles from file: /workspace/benchmarks/results/current/profiling-data/micronaut-hello-world-custom_open.json
Using top 3948 call sites for PGO based inlining
Out of which 758 are indirect call sites and 3190 are direct call sites (19.199594731509624% indirect)
Representing 651748871 and 2153112905 calls respectively (23.236398904813626% indirect)
Total calls represented: 2804861776

[1/8] Initializing...                                                                                    (2.0s @ 0.25GB)
 Java version: 24+36, vendor version: GraalVM CE 24-dev+36.1
 Graal compiler: optimization level: 0, target machine: native
 C compiler: gcc (linux, x86_64, 12.2.0)
 Garbage collector: Serial GC (max heap size: 80% of RAM)
 2 user-specific feature(s):
 - com.oracle.svm.thirdparty.gson.GsonFeature
 - io.micronaut.core.io.service.ServiceLoaderFeature
------------------------------------------------------------------------------------------------------------------------
 3 experimental option(s) unlocked:
 - '-H:+PlatformInterfaceCompatibilityMode' (origin(s): command line)
 - '-H:NumberOfThreads' (alternative API option(s): --parallelism=4; origin(s): command line)
 - '-H:ProfileDataDumpFileName' (origin(s): command line)
------------------------------------------------------------------------------------------------------------------------
Build resources:
 - 25.13GB of memory (41.6% of 60.42GB system memory, determined at start)
 - 4 thread(s) (25.0% of 16 available processor(s), set via '--parallelism=4')
Warning: The interface org.graalvm.nativeimage.hosted.Feature is not available in the current platform, but used by com.oracle.svm.core.feature.InternalFeature. GraalVM before version 21.2 ignored such interfaces, but this was an oversight. The interface is filtered because the compatibility option -H:+PlatformInterfaceCompatibilityMode is used. This option will be removed in a future GraalVM version.
[2/8] Performing analysis...  [******]                                                                   (9.1s @ 1.40GB)
   14,022 reachable types   (88.4% of   15,860 total)
   20,251 reachable fields  (53.0% of   38,188 total)
   69,357 reachable methods (61.0% of  113,762 total)
    4,722 types,   174 fields, and 1,307 methods registered for reflection
       63 types,    62 fields, and    57 methods registered for JNI access
        4 native libraries: dl, pthread, rt, z
[3/8] Building universe...                                                                               (2.4s @ 1.53GB)
[4/8] Parsing methods...      [*]                                                                        (1.4s @ 1.77GB)
[5/8] Inlining methods...     [**]                                                                       (7.2s @ 1.90GB)
[6/8] Compiling methods...    [***]                                                                     (11.7s @ 2.44GB)
[7/8] Laying out methods...   [**]                                                                       (2.8s @ 2.98GB)
[8/8] Creating image...       [**]                                                                       (2.3s @ 3.24GB)
  28.95MB (41.31%) for code area:    60,701 compilation units
  31.56MB (45.03%) for image heap:  334,736 objects and 349 resources
   9.58MB (13.66%) for other data
  70.09MB in total
------------------------------------------------------------------------------------------------------------------------
Top 10 origins of code area:                                Top 10 object types in image heap:
  11.53MB java.base                                            9.64MB byte[] for code metadata
  10.97MB micronaut-hello-world-1.0.7.jar                      4.42MB byte[] for java.lang.String
   2.55MB java.xml                                             4.01MB java.lang.Class
   2.10MB svm.jar (Native Image)                               2.94MB java.lang.String
 287.70kB java.rmi                                             1.18MB com.oracle.svm.core.hub.DynamicHubCompanion
 226.37kB jdk.proxy4                                         875.37kB byte[] for reflection metadata
 179.76kB java.naming                                        835.06kB byte[] for general heap data
 178.31kB jdk.zipfs                                          596.06kB java.lang.String[]
 108.73kB jdk.naming.dns                                     531.43kB java.lang.Object[]
 101.10kB java.logging                                       514.02kB int[][]
 342.13kB for 19 more packages                                 6.09MB for 2991 more object types
------------------------------------------------------------------------------------------------------------------------
Recommendations:
 HEAP: Set max heap for improved and more predictable memory usage.
Total skippable fingerprints recorded: 0
Total phases ran: 3372999, total phases skipped: 0
------------------------------------------------------------------------------------------------------------------------
                       2.5s (6.2% of total time) in 1347 GCs | Peak RSS: 4.11GB | CPU load: 5.76
------------------------------------------------------------------------------------------------------------------------
Build artifacts:
 /tmp/bundleRoot-2292128368957845570/output/default/micronaut-hello-world (executable)
========================================================================================================================
Finished generating 'micronaut-hello-world' in 40.0s.

Native Image Bundles: Bundle build output written to /data/baristabench/benchmarks/micronaut-hello-world/target/micronaut-hello-world-1.0.7.output

