
Native Image Bundles: Loaded Bundle from /data/baristabench/benchmarks/micronaut-similarity/target/micronaut-similarity-1.0.6.nib
Native Image Bundles: Bundle created at 'Tuesday, September 9, 2025, 10:00:26 PM Coordinated Universal Time'
Native Image Bundles: Using version: '24+36' != '24+36-jvmci-b01' (vendor 'Oracle Corporation' != 'GraalVM Community') on platform: 'linux-amd64'
Warning: The option '-H:+PlatformInterfaceCompatibilityMode' is experimental and must be enabled via '-H:+UnlockExperimentalVMOptions' in the future.
Warning: The option '-H:ProfileDataDumpFileName=/workspace/benchmarks/results/current/profiling-data/micronaut-similarity-custom_open.json' is experimental and must be enabled via '-H:+UnlockExperimentalVMOptions' in the future.
Warning: The option '-H:NumberOfThreads=4' is experimental and must be enabled via '-H:+UnlockExperimentalVMOptions' in the future.
Warning: Please re-evaluate whether any experimental option is required, and either remove or unlock it. The build output lists all active experimental options, including where they come from and possible alternatives. If you think an experimental option should be considered as stable, please file an issue.
Warning: Native Image Bundles are an experimental feature.
Warning: Option 'PlatformInterfaceCompatibilityMode' is deprecated and might be removed in a future release: This option was introduced to simplify migration to GraalVM 21.2 and will be removed in a future release. Please refer to the GraalVM release notes.
========================================================================================================================
GraalVM Native Image: Generating 'micronaut-similarity' (executable)...
========================================================================================================================
For detailed information and explanations on the build output, visit:
https://github.com/oracle/graal/blob/master/docs/reference-manual/native-image/BuildOutput.md
------------------------------------------------------------------------------------------------------------------------
enableInlineCachePhase = true
enableInvokeProfilingPhase = false
enablePGODirectInvokeInlining = true
combinedInlining = true
ProfileDataDumpFileName = /workspace/benchmarks/results/current/profiling-data/micronaut-similarity-custom_open.json
useCompilerPGOData = false
profileCompiler = false
[Use -Djdk.graal.LogFile=<path> to redirect Graal log output to a file.]
Compiler PGO is disabled, compiler profiling is disabled
Loaded 11670 call sites profiles from file: /workspace/benchmarks/results/current/profiling-data/micronaut-similarity-custom_open.json
Using top 4668 call sites for PGO based inlining
Out of which 937 are indirect call sites and 3731 are direct call sites
Representing 3544499 and 6331686574 calls respectively

[1/8] Initializing...                                                                                    (3.6s @ 0.18GB)
 Java version: 24+36, vendor version: GraalVM CE 24-dev+36.1
 Graal compiler: optimization level: 3, target machine: native
 C compiler: gcc (linux, x86_64, 12.2.0)
 Garbage collector: Serial GC (max heap size: 80% of RAM)
 2 user-specific feature(s):
 - com.oracle.svm.thirdparty.gson.GsonFeature
 - io.micronaut.core.io.service.ServiceLoaderFeature
------------------------------------------------------------------------------------------------------------------------
 3 experimental option(s) unlocked:
 - '-H:+PlatformInterfaceCompatibilityMode' (origin(s): command line)
 - '-H:NumberOfThreads' (alternative API option(s): --parallelism=4; origin(s): command line)
 - '-H:ProfileDataDumpFileName' (origin(s): command line)
------------------------------------------------------------------------------------------------------------------------
Build resources:
 - 26.49GB of memory (43.8% of 60.42GB system memory, determined at start)
 - 4 thread(s) (25.0% of 16 available processor(s), set via '--parallelism=4')
Warning: The interface org.graalvm.nativeimage.hosted.Feature is not available in the current platform, but used by com.oracle.svm.core.feature.InternalFeature. GraalVM before version 21.2 ignored such interfaces, but this was an oversight. The interface is filtered because the compatibility option -H:+PlatformInterfaceCompatibilityMode is used. This option will be removed in a future GraalVM version.
[2/8] Performing analysis...  [*****]                                                                   (27.9s @ 1.66GB)
   13,880 reachable types   (87.5% of   15,861 total)
   20,234 reachable fields  (52.9% of   38,223 total)
   69,380 reachable methods (61.1% of  113,480 total)
    4,711 types,   120 fields, and 1,309 methods registered for reflection
       63 types,    62 fields, and    57 methods registered for JNI access
        4 native libraries: dl, pthread, rt, z
[3/8] Building universe...                                                                               (3.0s @ 1.41GB)
[4/8] Parsing methods...      [*]                                                                        (1.6s @ 1.56GB)
[5/8] Inlining methods...     [***]                                                                     (37.3s @ 1.90GB)
[6/8] Compiling methods...    [****]                                                                    (17.9s @ 2.17GB)
[7/8] Laying out methods...   [**]                                                                       (3.7s @ 2.74GB)
[8/8] Creating image...       [**]                                                                       (2.8s @ 3.06GB)
  40.29MB (49.80%) for code area:    46,385 compilation units
  32.06MB (39.63%) for image heap:  330,695 objects and 350 resources
   8.54MB (10.56%) for other data
  80.90MB in total
------------------------------------------------------------------------------------------------------------------------
Top 10 origins of code area:                                Top 10 object types in image heap:
  18.90MB micronaut-similarity-1.0.6.jar                      10.09MB byte[] for code metadata
  14.27MB java.base                                            4.41MB byte[] for java.lang.String
   2.94MB java.xml                                             3.99MB java.lang.Class
   2.04MB svm.jar (Native Image)                               2.93MB java.lang.String
 392.72kB jdk.proxy4                                           1.16MB com.oracle.svm.core.hub.DynamicHubCompanion
 325.38kB java.rmi                                           867.22kB byte[] for reflection metadata
 214.55kB java.naming                                        835.91kB byte[] for general heap data
 211.55kB jdk.zipfs                                          593.46kB java.lang.String[]
 173.23kB jdk.naming.dns                                     527.19kB java.lang.Object[]
 108.23kB java.logging                                       514.02kB int[][]
 430.21kB for 18 more packages                                 6.22MB for 2938 more object types
------------------------------------------------------------------------------------------------------------------------
Recommendations:
 HEAP: Set max heap for improved and more predictable memory usage.
Total skippable fingerprints recorded: 0
Total phases ran: 2717849, total phases skipped: 0
Percentage of ICs missed due to large code size: 0/832 (0.00%)
------------------------------------------------------------------------------------------------------------------------
                       5.5s (5.6% of total time) in 2375 GCs | Peak RSS: 4.01GB | CPU load: 4.53
------------------------------------------------------------------------------------------------------------------------
Build artifacts:
 /tmp/bundleRoot-5708791347807407732/output/default/micronaut-similarity (executable)
========================================================================================================================
Finished generating 'micronaut-similarity' in 1m 38s.

Native Image Bundles: Bundle build output written to /data/baristabench/benchmarks/micronaut-similarity/target/micronaut-similarity-1.0.6.output

