
Native Image Bundles: Loaded Bundle from /data/baristabench/benchmarks/micronaut-similarity/target/micronaut-similarity-1.0.6.nib
Native Image Bundles: Bundle created at 'Tuesday, September 9, 2025, 10:00:26 PM Coordinated Universal Time'
Native Image Bundles: Using version: '24+36' != '24+36-jvmci-b01' (vendor 'Oracle Corporation' != 'GraalVM Community') on platform: 'linux-amd64'
Warning: The option '-H:+PlatformInterfaceCompatibilityMode' is experimental and must be enabled via '-H:+UnlockExperimentalVMOptions' in the future.
Warning: The option '-H:NumberOfThreads=4' is experimental and must be enabled via '-H:+UnlockExperimentalVMOptions' in the future.
Warning: Please re-evaluate whether any experimental option is required, and either remove or unlock it. The build output lists all active experimental options, including where they come from and possible alternatives. If you think an experimental option should be considered as stable, please file an issue.
Warning: Native Image Bundles are an experimental feature.
Warning: Option 'PlatformInterfaceCompatibilityMode' is deprecated and might be removed in a future release: This option was introduced to simplify migration to GraalVM 21.2 and will be removed in a future release. Please refer to the GraalVM release notes.
========================================================================================================================
GraalVM Native Image: Generating 'micronaut-similarity' (executable)...
========================================================================================================================
For detailed information and explanations on the build output, visit:
https://github.com/oracle/graal/blob/master/docs/reference-manual/native-image/BuildOutput.md
------------------------------------------------------------------------------------------------------------------------
enableInlineCachePhase = false
enableInvokeProfilingPhase = false
enablePGODirectInvokeInlining = false
combinedInlining = false
ProfileDataDumpFileName = null
useCompilerPGOData = false
profileCompiler = false
[Use -Djdk.graal.LogFile=<path> to redirect Graal log output to a file.]
Compiler PGO is disabled, compiler profiling is disabled
[1/8] Initializing...                                                                                    (1.8s @ 0.37GB)
 Java version: 24+36, vendor version: GraalVM CE 24-dev+36.1
 Graal compiler: optimization level: s, target machine: native
 C compiler: gcc (linux, x86_64, 12.2.0)
 Garbage collector: Serial GC (max heap size: 80% of RAM)
 2 user-specific feature(s):
 - com.oracle.svm.thirdparty.gson.GsonFeature
 - io.micronaut.core.io.service.ServiceLoaderFeature
------------------------------------------------------------------------------------------------------------------------
 2 experimental option(s) unlocked:
 - '-H:+PlatformInterfaceCompatibilityMode' (origin(s): command line)
 - '-H:NumberOfThreads' (alternative API option(s): --parallelism=4; origin(s): command line)
------------------------------------------------------------------------------------------------------------------------
Build resources:
 - 23.85GB of memory (39.5% of 60.42GB system memory, determined at start)
 - 4 thread(s) (25.0% of 16 available processor(s), set via '--parallelism=4')
Warning: The interface org.graalvm.nativeimage.hosted.Feature is not available in the current platform, but used by com.oracle.svm.core.feature.InternalFeature. GraalVM before version 21.2 ignored such interfaces, but this was an oversight. The interface is filtered because the compatibility option -H:+PlatformInterfaceCompatibilityMode is used. This option will be removed in a future GraalVM version.
[2/8] Performing analysis...  [******]                                                                   (8.4s @ 1.59GB)
   13,879 reachable types   (87.5% of   15,867 total)
   20,234 reachable fields  (52.9% of   38,223 total)
   69,381 reachable methods (61.2% of  113,432 total)
    4,710 types,   120 fields, and 1,309 methods registered for reflection
       63 types,    62 fields, and    57 methods registered for JNI access
        4 native libraries: dl, pthread, rt, z
[3/8] Building universe...                                                                               (1.9s @ 1.59GB)
[4/8] Parsing methods...      [*]                                                                        (1.2s @ 1.03GB)
[5/8] Inlining methods...     [***]                                                                      (1.2s @ 1.34GB)
[6/8] Compiling methods...    [***]                                                                      (7.8s @ 1.10GB)
[7/8] Laying out methods...   [**]                                                                       (2.2s @ 1.53GB)
[8/8] Creating image...       [**]                                                                       (2.1s @ 1.79GB)
  19.69MB (34.55%) for code area:    46,867 compilation units
  28.75MB (50.44%) for image heap:  330,680 objects and 350 resources
   8.55MB (15.01%) for other data
  57.00MB in total
------------------------------------------------------------------------------------------------------------------------
Top 10 origins of code area:                                Top 10 object types in image heap:
   8.17MB java.base                                            6.94MB byte[] for code metadata
   7.07MB micronaut-similarity-1.0.6.jar                       4.41MB byte[] for java.lang.String
   1.71MB java.xml                                             3.99MB java.lang.Class
   1.32MB svm.jar (Native Image)                               2.93MB java.lang.String
 243.86kB jdk.proxy4                                           1.16MB com.oracle.svm.core.hub.DynamicHubCompanion
 214.91kB java.rmi                                           867.23kB byte[] for reflection metadata
 134.92kB jdk.zipfs                                          835.83kB byte[] for general heap data
 128.78kB java.naming                                        593.48kB java.lang.String[]
  83.14kB jdk.naming.dns                                     527.19kB java.lang.Object[]
  71.26kB java.logging                                       514.02kB int[][]
 237.40kB for 18 more packages                                 6.06MB for 2943 more object types
------------------------------------------------------------------------------------------------------------------------
Recommendations:
 HEAP: Set max heap for improved and more predictable memory usage.
Total skippable fingerprints recorded: 0
Total phases ran: 2406283, total phases skipped: 0
------------------------------------------------------------------------------------------------------------------------
                        1.4s (5.0% of total time) in 185 GCs | Peak RSS: 3.03GB | CPU load: 6.21
------------------------------------------------------------------------------------------------------------------------
Build artifacts:
 /tmp/bundleRoot-5233773965756218698/output/default/micronaut-similarity (executable)
========================================================================================================================
Finished generating 'micronaut-similarity' in 27.6s.

Native Image Bundles: Bundle build output written to /data/baristabench/benchmarks/micronaut-similarity/target/micronaut-similarity-1.0.6.output

