
Native Image Bundles: Loaded Bundle from /data/baristabench/benchmarks/micronaut-similarity/target/micronaut-similarity-1.0.6.nib
Native Image Bundles: Bundle created at 'Tuesday, September 9, 2025, 10:00:26 PM Coordinated Universal Time'
Native Image Bundles: Using version: '24+36' != '24+36-jvmci-b01' (vendor 'Oracle Corporation' != 'GraalVM Community') on platform: 'linux-amd64'
Warning: The option '-H:+PlatformInterfaceCompatibilityMode' is experimental and must be enabled via '-H:+UnlockExperimentalVMOptions' in the future.
Warning: The option '-H:ProfileDataDumpFileName=/workspace/benchmarks/results/current/profiling-data/micronaut-similarity-custom_open.json' is experimental and must be enabled via '-H:+UnlockExperimentalVMOptions' in the future.
Warning: The option '-H:NumberOfThreads=4' is experimental and must be enabled via '-H:+UnlockExperimentalVMOptions' in the future.
Warning: Please re-evaluate whether any experimental option is required, and either remove or unlock it. The build output lists all active experimental options, including where they come from and possible alternatives. If you think an experimental option should be considered as stable, please file an issue.
Warning: Native Image Bundles are an experimental feature.
Warning: Option 'PlatformInterfaceCompatibilityMode' is deprecated and might be removed in a future release: This option was introduced to simplify migration to GraalVM 21.2 and will be removed in a future release. Please refer to the GraalVM release notes.
========================================================================================================================
GraalVM Native Image: Generating 'micronaut-similarity' (executable)...
========================================================================================================================
For detailed information and explanations on the build output, visit:
https://github.com/oracle/graal/blob/master/docs/reference-manual/native-image/BuildOutput.md
------------------------------------------------------------------------------------------------------------------------
enableInlineCachePhase = false
enableInvokeProfilingPhase = false
enablePGODirectInvokeInlining = true
combinedInlining = false
ProfileDataDumpFileName = /workspace/benchmarks/results/current/profiling-data/micronaut-similarity-custom_open.json
useCompilerPGOData = false
profileCompiler = false
[Use -Djdk.graal.LogFile=<path> to redirect Graal log output to a file.]
Compiler PGO is disabled, compiler profiling is disabled
Loaded 11530 call sites profiles from file: /workspace/benchmarks/results/current/profiling-data/micronaut-similarity-custom_open.json
Using top 4612 call sites for PGO based inlining
Out of which 936 are indirect call sites and 3676 are direct call sites (20.294882914137034% indirect)
Representing 1847429 and 3121959586 calls respectively (0.059140305119008765% indirect)
Total calls represented: 3123807015

[1/8] Initializing...                                                                                    (1.9s @ 0.25GB)
 Java version: 24+36, vendor version: GraalVM CE 24-dev+36.1
 Graal compiler: optimization level: 3, target machine: native
 C compiler: gcc (linux, x86_64, 12.2.0)
 Garbage collector: Serial GC (max heap size: 80% of RAM)
 2 user-specific feature(s):
 - com.oracle.svm.thirdparty.gson.GsonFeature
 - io.micronaut.core.io.service.ServiceLoaderFeature
------------------------------------------------------------------------------------------------------------------------
 3 experimental option(s) unlocked:
 - '-H:+PlatformInterfaceCompatibilityMode' (origin(s): command line)
 - '-H:NumberOfThreads' (alternative API option(s): --parallelism=4; origin(s): command line)
 - '-H:ProfileDataDumpFileName' (origin(s): command line)
------------------------------------------------------------------------------------------------------------------------
Build resources:
 - 24.41GB of memory (40.4% of 60.42GB system memory, determined at start)
 - 4 thread(s) (25.0% of 16 available processor(s), set via '--parallelism=4')
Warning: The interface org.graalvm.nativeimage.hosted.Feature is not available in the current platform, but used by com.oracle.svm.core.feature.InternalFeature. GraalVM before version 21.2 ignored such interfaces, but this was an oversight. The interface is filtered because the compatibility option -H:+PlatformInterfaceCompatibilityMode is used. This option will be removed in a future GraalVM version.
[2/8] Performing analysis...  [******]                                                                   (8.5s @ 1.28GB)
   13,880 reachable types   (87.5% of   15,870 total)
   20,234 reachable fields  (52.9% of   38,223 total)
   69,383 reachable methods (61.1% of  113,465 total)
    4,712 types,   120 fields, and 1,310 methods registered for reflection
       63 types,    62 fields, and    57 methods registered for JNI access
        4 native libraries: dl, pthread, rt, z
[3/8] Building universe...                                                                               (2.1s @ 1.42GB)
[4/8] Parsing methods...      [*]                                                                        (1.0s @ 1.54GB)
[5/8] Inlining methods...     [**]                                                                       (9.2s @ 1.63GB)
[6/8] Compiling methods...    [***]                                                                     (10.0s @ 1.60GB)
[7/8] Laying out methods...   [**]                                                                       (2.7s @ 2.13GB)
[8/8] Creating image...       [**]                                                                       (2.2s @ 2.38GB)
  24.96MB (38.43%) for code area:    60,545 compilation units
  30.44MB (46.86%) for image heap:  330,819 objects and 350 resources
   9.56MB (14.72%) for other data
  64.96MB in total
------------------------------------------------------------------------------------------------------------------------
Top 10 origins of code area:                                Top 10 object types in image heap:
   9.92MB micronaut-similarity-1.0.6.jar                       8.74MB byte[] for code metadata
   9.50MB java.base                                            4.41MB byte[] for java.lang.String
   2.18MB java.xml                                             3.99MB java.lang.Class
   1.74MB svm.jar (Native Image)                               2.93MB java.lang.String
 250.27kB java.rmi                                             1.16MB com.oracle.svm.core.hub.DynamicHubCompanion
 200.70kB jdk.proxy4                                         867.78kB byte[] for reflection metadata
 150.89kB java.naming                                        835.87kB byte[] for general heap data
 148.66kB jdk.zipfs                                          594.42kB java.lang.String[]
  96.51kB jdk.naming.dns                                     527.23kB java.lang.Object[]
  84.81kB java.logging                                       514.02kB int[][]
 301.68kB for 19 more packages                                 5.95MB for 2992 more object types
------------------------------------------------------------------------------------------------------------------------
Recommendations:
 HEAP: Set max heap for improved and more predictable memory usage.
Total skippable fingerprints recorded: 0
Total phases ran: 3422865, total phases skipped: 0
------------------------------------------------------------------------------------------------------------------------
                        2.0s (5.1% of total time) in 909 GCs | Peak RSS: 3.21GB | CPU load: 5.76
------------------------------------------------------------------------------------------------------------------------
Build artifacts:
 /tmp/bundleRoot-17845840254465658026/output/default/micronaut-similarity (executable)
========================================================================================================================
Finished generating 'micronaut-similarity' in 38.5s.

Native Image Bundles: Bundle build output written to /data/baristabench/benchmarks/micronaut-similarity/target/micronaut-similarity-1.0.6.output

