
Native Image Bundles: Loaded Bundle from /data/baristabench/benchmarks/micronaut-similarity/target/micronaut-similarity-1.0.6.nib
Native Image Bundles: Bundle created at 'Tuesday, September 9, 2025, 10:00:26 PM Coordinated Universal Time'
Native Image Bundles: Using version: '24+36' != '24+36-jvmci-b01' (vendor 'Oracle Corporation' != 'GraalVM Community') on platform: 'linux-amd64'
Warning: The option '-H:+PlatformInterfaceCompatibilityMode' is experimental and must be enabled via '-H:+UnlockExperimentalVMOptions' in the future.
Warning: The option '-H:NumberOfThreads=4' is experimental and must be enabled via '-H:+UnlockExperimentalVMOptions' in the future.
Warning: Please re-evaluate whether any experimental option is required, and either remove or unlock it. The build output lists all active experimental options, including where they come from and possible alternatives. If you think an experimental option should be considered as stable, please file an issue.
Warning: Native Image Bundles are an experimental feature.
Warning: Option 'PlatformInterfaceCompatibilityMode' is deprecated and might be removed in a future release: This option was introduced to simplify migration to GraalVM 21.2 and will be removed in a future release. Please refer to the GraalVM release notes.
========================================================================================================================
GraalVM Native Image: Generating 'micronaut-similarity' (executable)...
========================================================================================================================
For detailed information and explanations on the build output, visit:
https://github.com/oracle/graal/blob/master/docs/reference-manual/native-image/BuildOutput.md
------------------------------------------------------------------------------------------------------------------------
enableInlineCachePhase = false
enableInvokeProfilingPhase = false
enablePGODirectInvokeInlining = false
combinedInlining = false
ProfileDataDumpFileName = null
useCompilerPGOData = false
profileCompiler = false
[Use -Djdk.graal.LogFile=<path> to redirect Graal log output to a file.]
Compiler PGO is disabled, compiler profiling is disabled
[1/8] Initializing...                                                                                    (2.4s @ 0.16GB)
 Java version: 24+36, vendor version: GraalVM CE 24-dev+36.1
 Graal compiler: optimization level: 2, target machine: native
 C compiler: gcc (linux, x86_64, 12.2.0)
 Garbage collector: Serial GC (max heap size: 80% of RAM)
 2 user-specific feature(s):
 - com.oracle.svm.thirdparty.gson.GsonFeature
 - io.micronaut.core.io.service.ServiceLoaderFeature
------------------------------------------------------------------------------------------------------------------------
 2 experimental option(s) unlocked:
 - '-H:+PlatformInterfaceCompatibilityMode' (origin(s): command line)
 - '-H:NumberOfThreads' (alternative API option(s): --parallelism=4; origin(s): command line)
------------------------------------------------------------------------------------------------------------------------
Build resources:
 - 10.21GB of memory (16.9% of 60.42GB system memory, determined at start)
 - 4 thread(s) (25.0% of 16 available processor(s), set via '--parallelism=4')
Warning: The interface org.graalvm.nativeimage.hosted.Feature is not available in the current platform, but used by com.oracle.svm.core.feature.InternalFeature. GraalVM before version 21.2 ignored such interfaces, but this was an oversight. The interface is filtered because the compatibility option -H:+PlatformInterfaceCompatibilityMode is used. This option will be removed in a future GraalVM version.
[2/8] Performing analysis...  [******]                                                                  (10.4s @ 1.29GB)
   13,879 reachable types   (87.5% of   15,865 total)
   20,234 reachable fields  (52.9% of   38,223 total)
   69,381 reachable methods (61.2% of  113,432 total)
    4,710 types,   120 fields, and 1,309 methods registered for reflection
       63 types,    62 fields, and    57 methods registered for JNI access
        4 native libraries: dl, pthread, rt, z
[3/8] Building universe...                                                                               (2.6s @ 1.35GB)
[4/8] Parsing methods...      [*]                                                                        (1.3s @ 1.50GB)
[5/8] Inlining methods...     [***]                                                                      (1.5s @ 1.70GB)
[6/8] Compiling methods...    [****]                                                                    (12.5s @ 1.28GB)
[7/8] Laying out methods...   [**]                                                                       (2.9s @ 1.76GB)
[8/8] Creating image...       [**]                                                                       (2.5s @ 2.05GB)
  30.86MB (44.45%) for code area:    46,866 compilation units
  30.00MB (43.21%) for image heap:  330,680 objects and 350 resources
   8.57MB (12.34%) for other data
  69.43MB in total
------------------------------------------------------------------------------------------------------------------------
Top 10 origins of code area:                                Top 10 object types in image heap:
  12.77MB java.base                                            8.30MB byte[] for code metadata
  11.22MB micronaut-similarity-1.0.6.jar                       4.41MB byte[] for java.lang.String
   2.80MB java.xml                                             3.99MB java.lang.Class
   1.96MB svm.jar (Native Image)                               2.93MB java.lang.String
 401.48kB jdk.proxy4                                           1.16MB com.oracle.svm.core.hub.DynamicHubCompanion
 326.51kB java.rmi                                           867.31kB byte[] for reflection metadata
 215.10kB jdk.zipfs                                          835.85kB byte[] for general heap data
 212.48kB java.naming                                        593.47kB java.lang.String[]
 142.23kB jdk.naming.dns                                     527.19kB java.lang.Object[]
 111.60kB java.logging                                       514.02kB int[][]
 418.85kB for 18 more packages                                 5.95MB for 2936 more object types
------------------------------------------------------------------------------------------------------------------------
Recommendations:
 HEAP: Set max heap for improved and more predictable memory usage.
Total skippable fingerprints recorded: 0
Total phases ran: 2691318, total phases skipped: 0
------------------------------------------------------------------------------------------------------------------------
                       2.8s (7.6% of total time) in 1037 GCs | Peak RSS: 2.91GB | CPU load: 5.75
------------------------------------------------------------------------------------------------------------------------
Build artifacts:
 /tmp/bundleRoot-12722535799196528961/output/default/micronaut-similarity (executable)
========================================================================================================================
Finished generating 'micronaut-similarity' in 37.2s.

Native Image Bundles: Bundle build output written to /data/baristabench/benchmarks/micronaut-similarity/target/micronaut-similarity-1.0.6.output

