
Native Image Bundles: Loaded Bundle from /data/baristabench/benchmarks/micronaut-shopcart/target/shopcart-0.3.10.nib
Native Image Bundles: Bundle created at 'Tuesday, September 9, 2025, 10:00:19 PM Coordinated Universal Time'
Native Image Bundles: Using version: '24+36' != '24+36-jvmci-b01' (vendor 'Oracle Corporation' != 'GraalVM Community') on platform: 'linux-amd64'
Warning: The option '-H:+PlatformInterfaceCompatibilityMode' is experimental and must be enabled via '-H:+UnlockExperimentalVMOptions' in the future.
Warning: The option '-H:NumberOfThreads=4' is experimental and must be enabled via '-H:+UnlockExperimentalVMOptions' in the future.
Warning: Please re-evaluate whether any experimental option is required, and either remove or unlock it. The build output lists all active experimental options, including where they come from and possible alternatives. If you think an experimental option should be considered as stable, please file an issue.
Warning: Native Image Bundles are an experimental feature.
Warning: Option 'PlatformInterfaceCompatibilityMode' is deprecated and might be removed in a future release: This option was introduced to simplify migration to GraalVM 21.2 and will be removed in a future release. Please refer to the GraalVM release notes.
========================================================================================================================
GraalVM Native Image: Generating 'micronaut-shopcart' (executable)...
========================================================================================================================
For detailed information and explanations on the build output, visit:
https://github.com/oracle/graal/blob/master/docs/reference-manual/native-image/BuildOutput.md
------------------------------------------------------------------------------------------------------------------------
enableInlineCachePhase = false
enableInvokeProfilingPhase = false
enablePGODirectInvokeInlining = false
combinedInlining = false
ProfileDataDumpFileName = null
useCompilerPGOData = false
profileCompiler = false
[Use -Djdk.graal.LogFile=<path> to redirect Graal log output to a file.]
Compiler PGO is disabled, compiler profiling is disabled
[1/8] Initializing...                                                                                    (1.9s @ 0.19GB)
 Java version: 24+36, vendor version: GraalVM CE 24-dev+36.1
 Graal compiler: optimization level: s, target machine: native
 C compiler: gcc (linux, x86_64, 12.2.0)
 Garbage collector: Serial GC (max heap size: 80% of RAM)
 3 user-specific feature(s):
 - com.oracle.svm.thirdparty.gson.GsonFeature
 - io.micronaut.cache.caffeine.graal.CaffeineFeature
 - io.micronaut.core.io.service.ServiceLoaderFeature
------------------------------------------------------------------------------------------------------------------------
 2 experimental option(s) unlocked:
 - '-H:+PlatformInterfaceCompatibilityMode' (origin(s): command line)
 - '-H:NumberOfThreads' (alternative API option(s): --parallelism=4; origin(s): command line)
------------------------------------------------------------------------------------------------------------------------
Build resources:
 - 25.19GB of memory (41.7% of 60.42GB system memory, determined at start)
 - 4 thread(s) (25.0% of 16 available processor(s), set via '--parallelism=4')
Warning: The interface org.graalvm.nativeimage.hosted.Feature is not available in the current platform, but used by com.oracle.svm.core.feature.InternalFeature. GraalVM before version 21.2 ignored such interfaces, but this was an oversight. The interface is filtered because the compatibility option -H:+PlatformInterfaceCompatibilityMode is used. This option will be removed in a future GraalVM version.
[2/8] Performing analysis...  [******]                                                                   (9.0s @ 1.57GB)
   15,251 reachable types   (88.4% of   17,251 total)
   22,618 reachable fields  (53.8% of   42,068 total)
   76,098 reachable methods (62.7% of  121,422 total)
    5,201 types,   151 fields, and 1,486 methods registered for reflection
       63 types,    62 fields, and    57 methods registered for JNI access
        4 native libraries: dl, pthread, rt, z
[3/8] Building universe...                                                                               (2.1s @ 1.73GB)
[4/8] Parsing methods...      [*]                                                                        (1.1s @ 1.66GB)
[5/8] Inlining methods...     [***]                                                                      (1.3s @ 1.83GB)
[6/8] Compiling methods...    [***]                                                                      (8.4s @ 1.26GB)
[7/8] Laying out methods...   [**]                                                                       (2.4s @ 1.72GB)
[8/8] Creating image...       [**]                                                                       (2.6s @ 1.28GB)
  21.42MB (34.17%) for code area:    51,719 compilation units
  31.44MB (50.14%) for image heap:  354,247 objects and 419 resources
   9.84MB (15.69%) for other data
  62.69MB in total
------------------------------------------------------------------------------------------------------------------------
Top 10 origins of code area:                                Top 10 object types in image heap:
   8.63MB shopcart-0.3.10.jar                                  7.59MB byte[] for code metadata
   8.23MB java.base                                            4.75MB byte[] for java.lang.String
   1.71MB java.xml                                             4.54MB java.lang.Class
   1.35MB svm.jar (Native Image)                               3.10MB java.lang.String
 294.59kB jdk.proxy4                                           1.28MB com.oracle.svm.core.hub.DynamicHubCompanion
 214.99kB java.rmi                                           954.27kB byte[] for reflection metadata
 134.93kB jdk.zipfs                                          838.23kB byte[] for general heap data
 128.78kB java.naming                                        629.44kB java.lang.String[]
  83.15kB jdk.naming.dns                                     593.16kB heap alignment
  71.26kB java.logging                                       573.78kB java.lang.Object[]
 237.40kB for 18 more packages                                 6.68MB for 3097 more object types
------------------------------------------------------------------------------------------------------------------------
Recommendations:
 HEAP: Set max heap for improved and more predictable memory usage.
Total skippable fingerprints recorded: 0
Total phases ran: 2652188, total phases skipped: 0
------------------------------------------------------------------------------------------------------------------------
                        1.8s (5.8% of total time) in 544 GCs | Peak RSS: 2.80GB | CPU load: 6.09
------------------------------------------------------------------------------------------------------------------------
Build artifacts:
 /tmp/bundleRoot-12043422082119034428/output/default/micronaut-shopcart (executable)
========================================================================================================================
Finished generating 'micronaut-shopcart' in 29.9s.

Native Image Bundles: Bundle build output written to /data/baristabench/benchmarks/micronaut-shopcart/target/shopcart-0.3.10.output

