
Native Image Bundles: Loaded Bundle from /data/baristabench/benchmarks/micronaut-shopcart/target/shopcart-0.3.10.nib
Native Image Bundles: Bundle created at 'Tuesday, September 9, 2025, 10:00:19 PM Coordinated Universal Time'
Native Image Bundles: Using version: '24+36' != '24+36-jvmci-b01' (vendor 'Oracle Corporation' != 'GraalVM Community') on platform: 'linux-amd64'
Warning: The option '-H:+PlatformInterfaceCompatibilityMode' is experimental and must be enabled via '-H:+UnlockExperimentalVMOptions' in the future.
Warning: The option '-H:NumberOfThreads=4' is experimental and must be enabled via '-H:+UnlockExperimentalVMOptions' in the future.
Warning: Please re-evaluate whether any experimental option is required, and either remove or unlock it. The build output lists all active experimental options, including where they come from and possible alternatives. If you think an experimental option should be considered as stable, please file an issue.
Warning: Native Image Bundles are an experimental feature.
Warning: Option 'PlatformInterfaceCompatibilityMode' is deprecated and might be removed in a future release: This option was introduced to simplify migration to GraalVM 21.2 and will be removed in a future release. Please refer to the GraalVM release notes.
========================================================================================================================
GraalVM Native Image: Generating 'micronaut-shopcart' (executable)...
========================================================================================================================
For detailed information and explanations on the build output, visit:
https://github.com/oracle/graal/blob/master/docs/reference-manual/native-image/BuildOutput.md
------------------------------------------------------------------------------------------------------------------------
enableInlineCachePhase = false
enableInvokeProfilingPhase = false
enablePGODirectInvokeInlining = false
combinedInlining = false
ProfileDataDumpFileName = null
useCompilerPGOData = false
profileCompiler = false
[Use -Djdk.graal.LogFile=<path> to redirect Graal log output to a file.]
Compiler PGO is disabled, compiler profiling is disabled
[1/8] Initializing...                                                                                    (2.5s @ 0.19GB)
 Java version: 24+36, vendor version: GraalVM CE 24-dev+36.1
 Graal compiler: optimization level: 2, target machine: native
 C compiler: gcc (linux, x86_64, 12.2.0)
 Garbage collector: Serial GC (max heap size: 80% of RAM)
 3 user-specific feature(s):
 - com.oracle.svm.thirdparty.gson.GsonFeature
 - io.micronaut.cache.caffeine.graal.CaffeineFeature
 - io.micronaut.core.io.service.ServiceLoaderFeature
------------------------------------------------------------------------------------------------------------------------
 2 experimental option(s) unlocked:
 - '-H:+PlatformInterfaceCompatibilityMode' (origin(s): command line)
 - '-H:NumberOfThreads' (alternative API option(s): --parallelism=4; origin(s): command line)
------------------------------------------------------------------------------------------------------------------------
Build resources:
 - 9.40GB of memory (15.6% of 60.42GB system memory, determined at start)
 - 4 thread(s) (25.0% of 16 available processor(s), set via '--parallelism=4')
Warning: The interface org.graalvm.nativeimage.hosted.Feature is not available in the current platform, but used by com.oracle.svm.core.feature.InternalFeature. GraalVM before version 21.2 ignored such interfaces, but this was an oversight. The interface is filtered because the compatibility option -H:+PlatformInterfaceCompatibilityMode is used. This option will be removed in a future GraalVM version.
[2/8] Performing analysis...  [******]                                                                  (11.6s @ 1.44GB)
   15,251 reachable types   (88.4% of   17,256 total)
   22,618 reachable fields  (53.8% of   42,068 total)
   76,098 reachable methods (62.7% of  121,425 total)
    5,201 types,   151 fields, and 1,486 methods registered for reflection
       63 types,    62 fields, and    57 methods registered for JNI access
        4 native libraries: dl, pthread, rt, z
[3/8] Building universe...                                                                               (2.6s @ 1.63GB)
[4/8] Parsing methods...      [*]                                                                        (1.4s @ 1.77GB)
[5/8] Inlining methods...     [***]                                                                      (1.6s @ 1.98GB)
[6/8] Compiling methods...    [****]                                                                    (13.8s @ 1.32GB)
[7/8] Laying out methods...   [**]                                                                       (3.2s @ 1.83GB)
[8/8] Creating image...       [**]                                                                       (2.8s @ 2.14GB)
  33.56MB (44.05%) for code area:    51,718 compilation units
  32.81MB (43.06%) for image heap:  354,271 objects and 419 resources
   9.82MB (12.89%) for other data
  76.19MB in total
------------------------------------------------------------------------------------------------------------------------
Top 10 origins of code area:                                Top 10 object types in image heap:
  13.66MB shopcart-0.3.10.jar                                  9.05MB byte[] for code metadata
  12.85MB java.base                                            4.75MB byte[] for java.lang.String
   2.80MB java.xml                                             4.54MB java.lang.Class
   2.02MB svm.jar (Native Image)                               3.10MB java.lang.String
 484.97kB jdk.proxy4                                           1.28MB com.oracle.svm.core.hub.DynamicHubCompanion
 326.57kB java.rmi                                           954.27kB byte[] for reflection metadata
 215.11kB jdk.zipfs                                          838.26kB byte[] for general heap data
 212.48kB java.naming                                        629.42kB java.lang.String[]
 142.23kB jdk.naming.dns                                     573.78kB java.lang.Object[]
 111.60kB java.logging                                       557.03kB c.o.svm.core.hub.DynamicHub$ReflectionMetadata
 418.85kB for 18 more packages                                 6.63MB for 3090 more object types
------------------------------------------------------------------------------------------------------------------------
Recommendations:
 HEAP: Set max heap for improved and more predictable memory usage.
Total skippable fingerprints recorded: 0
Total phases ran: 2966566, total phases skipped: 0
------------------------------------------------------------------------------------------------------------------------
                       3.1s (7.5% of total time) in 1159 GCs | Peak RSS: 2.97GB | CPU load: 5.55
------------------------------------------------------------------------------------------------------------------------
Build artifacts:
 /tmp/bundleRoot-9744934310724508614/output/default/micronaut-shopcart (executable)
========================================================================================================================
Finished generating 'micronaut-shopcart' in 40.8s.

Native Image Bundles: Bundle build output written to /data/baristabench/benchmarks/micronaut-shopcart/target/shopcart-0.3.10.output

