
Native Image Bundles: Loaded Bundle from /data/baristabench/benchmarks/micronaut-similarity/target/micronaut-similarity-1.0.6.nib
Native Image Bundles: Bundle created at 'Tuesday, September 9, 2025, 10:00:26 PM Coordinated Universal Time'
Native Image Bundles: Using version: '24+36' != '24+36-jvmci-b01' (vendor 'Oracle Corporation' != 'GraalVM Community') on platform: 'linux-amd64'
Warning: The option '-H:+PlatformInterfaceCompatibilityMode' is experimental and must be enabled via '-H:+UnlockExperimentalVMOptions' in the future.
Warning: The option '-H:NumberOfThreads=4' is experimental and must be enabled via '-H:+UnlockExperimentalVMOptions' in the future.
Warning: Please re-evaluate whether any experimental option is required, and either remove or unlock it. The build output lists all active experimental options, including where they come from and possible alternatives. If you think an experimental option should be considered as stable, please file an issue.
Warning: Native Image Bundles are an experimental feature.
Warning: Option 'PlatformInterfaceCompatibilityMode' is deprecated and might be removed in a future release: This option was introduced to simplify migration to GraalVM 21.2 and will be removed in a future release. Please refer to the GraalVM release notes.
========================================================================================================================
GraalVM Native Image: Generating 'micronaut-similarity' (executable)...
========================================================================================================================
For detailed information and explanations on the build output, visit:
https://github.com/oracle/graal/blob/master/docs/reference-manual/native-image/BuildOutput.md
------------------------------------------------------------------------------------------------------------------------
enableInlineCachePhase = false
enableInvokeProfilingPhase = false
enablePGODirectInvokeInlining = false
combinedInlining = false
ProfileDataDumpFileName = null
useCompilerPGOData = true
profileCompiler = false
[Use -Djdk.graal.LogFile=<path> to redirect Graal log output to a file.]
Compiler PGO is enabled, compiler profiling is disabled
Compiler PGO enabled, reading skippable phases from skippable_phases.txt
Found 627028 skippable phases.
[1/8] Initializing...                                                                                    (2.0s @ 0.28GB)
 Java version: 24+36, vendor version: GraalVM CE 24-dev+36.1
 Graal compiler: optimization level: 3, target machine: native
 C compiler: gcc (linux, x86_64, 12.2.0)
 Garbage collector: Serial GC (max heap size: 80% of RAM)
 2 user-specific feature(s):
 - com.oracle.svm.thirdparty.gson.GsonFeature
 - io.micronaut.core.io.service.ServiceLoaderFeature
------------------------------------------------------------------------------------------------------------------------
 2 experimental option(s) unlocked:
 - '-H:+PlatformInterfaceCompatibilityMode' (origin(s): command line)
 - '-H:NumberOfThreads' (alternative API option(s): --parallelism=4; origin(s): command line)
------------------------------------------------------------------------------------------------------------------------
Build resources:
 - 13.51GB of memory (22.4% of 60.42GB system memory, determined at start)
 - 4 thread(s) (25.0% of 16 available processor(s), set via '--parallelism=4')
Warning: The interface org.graalvm.nativeimage.hosted.Feature is not available in the current platform, but used by com.oracle.svm.core.feature.InternalFeature. GraalVM before version 21.2 ignored such interfaces, but this was an oversight. The interface is filtered because the compatibility option -H:+PlatformInterfaceCompatibilityMode is used. This option will be removed in a future GraalVM version.
[2/8] Performing analysis...  [*****]                                                                    (8.8s @ 1.30GB)
   13,879 reachable types   (87.5% of   15,866 total)
   20,234 reachable fields  (52.9% of   38,223 total)
   69,381 reachable methods (61.1% of  113,503 total)
    4,710 types,   120 fields, and 1,309 methods registered for reflection
       63 types,    62 fields, and    57 methods registered for JNI access
        4 native libraries: dl, pthread, rt, z
[3/8] Building universe...                                                                               (2.2s @ 1.41GB)
[4/8] Parsing methods...      [*]                                                                        (1.0s @ 1.55GB)
[5/8] Inlining methods...     [***]                                                                      (1.3s @ 1.72GB)
[6/8] Compiling methods...    [***]                                                                     (11.1s @ 1.33GB)
[7/8] Laying out methods...   [**]                                                                       (2.4s @ 1.80GB)
[8/8] Creating image...       [**]                                                                       (2.2s @ 2.06GB)
  29.84MB (44.09%) for code area:    46,866 compilation units
  29.31MB (43.31%) for image heap:  330,680 objects and 350 resources
   8.53MB (12.60%) for other data
  67.68MB in total
------------------------------------------------------------------------------------------------------------------------
Top 10 origins of code area:                                Top 10 object types in image heap:
  12.32MB java.base                                            7.51MB byte[] for code metadata
  10.88MB micronaut-similarity-1.0.6.jar                       4.41MB byte[] for java.lang.String
   2.66MB java.xml                                             3.99MB java.lang.Class
   1.93MB svm.jar (Native Image)                               2.93MB java.lang.String
 392.74kB jdk.proxy4                                           1.16MB com.oracle.svm.core.hub.DynamicHubCompanion
 320.00kB java.rmi                                           867.20kB byte[] for reflection metadata
 208.72kB jdk.zipfs                                          835.85kB byte[] for general heap data
 206.21kB java.naming                                        593.47kB java.lang.String[]
 138.57kB jdk.naming.dns                                     527.19kB java.lang.Object[]
 108.35kB java.logging                                       514.02kB int[][]
 409.65kB for 18 more packages                                 6.05MB for 2936 more object types
------------------------------------------------------------------------------------------------------------------------
Recommendations:
 HEAP: Set max heap for improved and more predictable memory usage.
Total skippable fingerprints recorded: 627028
Total phases ran: 2737031, total phases skipped: 729060
------------------------------------------------------------------------------------------------------------------------
                       2.3s (7.1% of total time) in 1591 GCs | Peak RSS: 2.91GB | CPU load: 6.19
------------------------------------------------------------------------------------------------------------------------
Build artifacts:
 /tmp/bundleRoot-16525020475239714102/output/default/micronaut-similarity (executable)
========================================================================================================================
Finished generating 'micronaut-similarity' in 32.1s.

Native Image Bundles: Bundle build output written to /data/baristabench/benchmarks/micronaut-similarity/target/micronaut-similarity-1.0.6.output

