
Native Image Bundles: Loaded Bundle from /data/baristabench/benchmarks/micronaut-shopcart/target/shopcart-0.3.10.nib
Native Image Bundles: Bundle created at 'Tuesday, September 9, 2025, 10:00:19 PM Coordinated Universal Time'
Native Image Bundles: Using version: '24+36' != '24+36-jvmci-b01' (vendor 'Oracle Corporation' != 'GraalVM Community') on platform: 'linux-amd64'
Warning: The option '-H:ProfileDataDumpFileName=/workspace/benchmarks/results/current/profiling-data/micronaut-shopcart-custom_open.json' is experimental and must be enabled via '-H:+UnlockExperimentalVMOptions' in the future.
Warning: The option '-H:+PlatformInterfaceCompatibilityMode' is experimental and must be enabled via '-H:+UnlockExperimentalVMOptions' in the future.
Warning: The option '-H:NumberOfThreads=4' is experimental and must be enabled via '-H:+UnlockExperimentalVMOptions' in the future.
Warning: Please re-evaluate whether any experimental option is required, and either remove or unlock it. The build output lists all active experimental options, including where they come from and possible alternatives. If you think an experimental option should be considered as stable, please file an issue.
Warning: Native Image Bundles are an experimental feature.
Warning: Option 'PlatformInterfaceCompatibilityMode' is deprecated and might be removed in a future release: This option was introduced to simplify migration to GraalVM 21.2 and will be removed in a future release. Please refer to the GraalVM release notes.
========================================================================================================================
GraalVM Native Image: Generating 'micronaut-shopcart' (executable)...
========================================================================================================================
For detailed information and explanations on the build output, visit:
https://github.com/oracle/graal/blob/master/docs/reference-manual/native-image/BuildOutput.md
------------------------------------------------------------------------------------------------------------------------
enableInlineCachePhase = true
enableInvokeProfilingPhase = false
enablePGODirectInvokeInlining = true
combinedInlining = false
ProfileDataDumpFileName = /workspace/benchmarks/results/current/profiling-data/micronaut-shopcart-custom_open.json
useCompilerPGOData = false
profileCompiler = false
[Use -Djdk.graal.LogFile=<path> to redirect Graal log output to a file.]
Compiler PGO is disabled, compiler profiling is disabled
Loaded 12128 call sites profiles from file: /workspace/benchmarks/results/current/profiling-data/micronaut-shopcart-custom_open.json
Using top 4851 call sites for PGO based inlining
Out of which 1086 are indirect call sites and 3765 are direct call sites
Representing 5341940305 and 16227483413 calls respectively

[1/8] Initializing...                                                                                    (3.5s @ 0.24GB)
 Java version: 24+36, vendor version: GraalVM CE 24-dev+36.1
 Graal compiler: optimization level: 3, target machine: native
 C compiler: gcc (linux, x86_64, 12.2.0)
 Garbage collector: Serial GC (max heap size: 80% of RAM)
 3 user-specific feature(s):
 - com.oracle.svm.thirdparty.gson.GsonFeature
 - io.micronaut.cache.caffeine.graal.CaffeineFeature
 - io.micronaut.core.io.service.ServiceLoaderFeature
------------------------------------------------------------------------------------------------------------------------
 3 experimental option(s) unlocked:
 - '-H:+PlatformInterfaceCompatibilityMode' (origin(s): command line)
 - '-H:NumberOfThreads' (alternative API option(s): --parallelism=4; origin(s): command line)
 - '-H:ProfileDataDumpFileName' (origin(s): command line)
------------------------------------------------------------------------------------------------------------------------
Build resources:
 - 13.93GB of memory (23.1% of 60.42GB system memory, determined at start)
 - 4 thread(s) (25.0% of 16 available processor(s), set via '--parallelism=4')
Warning: The interface org.graalvm.nativeimage.hosted.Feature is not available in the current platform, but used by com.oracle.svm.core.feature.InternalFeature. GraalVM before version 21.2 ignored such interfaces, but this was an oversight. The interface is filtered because the compatibility option -H:+PlatformInterfaceCompatibilityMode is used. This option will be removed in a future GraalVM version.
[2/8] Performing analysis...  [*****]                                                                   (27.6s @ 1.89GB)
   15,252 reachable types   (88.4% of   17,256 total)
   22,618 reachable fields  (53.8% of   42,068 total)
   76,107 reachable methods (62.7% of  121,372 total)
    5,202 types,   151 fields, and 1,486 methods registered for reflection
       63 types,    62 fields, and    57 methods registered for JNI access
        4 native libraries: dl, pthread, rt, z
[3/8] Building universe...                                                                               (2.5s @ 2.07GB)
[4/8] Parsing methods...      [*]                                                                        (1.4s @ 2.21GB)
[5/8] Inlining methods...     [**]                                                                      (29.1s @ 2.32GB)
[6/8] Compiling methods...    [****]                                                                    (14.1s @ 1.36GB)
[7/8] Laying out methods...   [**]                                                                       (3.4s @ 1.97GB)
[8/8] Creating image...       [**]                                                                       (2.6s @ 2.29GB)
  28.29MB (38.78%) for code area:    66,748 compilation units
  33.69MB (46.18%) for image heap:  354,376 objects and 419 resources
  10.97MB (15.04%) for other data
  72.95MB in total
------------------------------------------------------------------------------------------------------------------------
Top 10 origins of code area:                                Top 10 object types in image heap:
  13.14MB shopcart-0.3.10.jar                                  9.91MB byte[] for code metadata
   9.48MB java.base                                            4.75MB byte[] for java.lang.String
   2.16MB java.xml                                             4.54MB java.lang.Class
   1.78MB svm.jar (Native Image)                               3.11MB java.lang.String
 249.88kB java.rmi                                             1.28MB com.oracle.svm.core.hub.DynamicHubCompanion
 242.41kB jdk.proxy4                                         954.51kB byte[] for reflection metadata
 150.89kB java.naming                                        838.27kB byte[] for general heap data
 148.66kB jdk.zipfs                                          630.38kB java.lang.String[]
  96.51kB jdk.naming.dns                                     573.80kB java.lang.Object[]
  84.81kB java.logging                                       557.07kB c.o.svm.core.hub.DynamicHub$ReflectionMetadata
 326.87kB for 19 more packages                                 6.63MB for 3149 more object types
------------------------------------------------------------------------------------------------------------------------
Recommendations:
 HEAP: Set max heap for improved and more predictable memory usage.
Total skippable fingerprints recorded: 0
Total phases ran: 3779808, total phases skipped: 0
Percentage of ICs missed due to large code size: 35/950 (3.68%)
------------------------------------------------------------------------------------------------------------------------
                       4.7s (5.5% of total time) in 2611 GCs | Peak RSS: 3.23GB | CPU load: 4.64
------------------------------------------------------------------------------------------------------------------------
Build artifacts:
 /tmp/bundleRoot-13838488275069582392/output/default/micronaut-shopcart (executable)
========================================================================================================================
Finished generating 'micronaut-shopcart' in 1m 25s.

Native Image Bundles: Bundle build output written to /data/baristabench/benchmarks/micronaut-shopcart/target/shopcart-0.3.10.output

