
Native Image Bundles: Loaded Bundle from /data/baristabench/benchmarks/micronaut-shopcart/target/shopcart-0.3.10.nib
Native Image Bundles: Bundle created at 'Tuesday, September 9, 2025, 10:00:19 PM Coordinated Universal Time'
Native Image Bundles: Using version: '24+36' != '24+36-jvmci-b01' (vendor 'Oracle Corporation' != 'GraalVM Community') on platform: 'linux-amd64'
Warning: The option '-H:ProfileDataDumpFileName=/workspace/benchmarks/results/current/profiling-data/micronaut-shopcart-custom_open.json' is experimental and must be enabled via '-H:+UnlockExperimentalVMOptions' in the future.
Warning: The option '-H:+PlatformInterfaceCompatibilityMode' is experimental and must be enabled via '-H:+UnlockExperimentalVMOptions' in the future.
Warning: The option '-H:NumberOfThreads=4' is experimental and must be enabled via '-H:+UnlockExperimentalVMOptions' in the future.
Warning: Please re-evaluate whether any experimental option is required, and either remove or unlock it. The build output lists all active experimental options, including where they come from and possible alternatives. If you think an experimental option should be considered as stable, please file an issue.
Warning: Native Image Bundles are an experimental feature.
Warning: Option 'PlatformInterfaceCompatibilityMode' is deprecated and might be removed in a future release: This option was introduced to simplify migration to GraalVM 21.2 and will be removed in a future release. Please refer to the GraalVM release notes.
========================================================================================================================
GraalVM Native Image: Generating 'micronaut-shopcart' (executable)...
========================================================================================================================
For detailed information and explanations on the build output, visit:
https://github.com/oracle/graal/blob/master/docs/reference-manual/native-image/BuildOutput.md
------------------------------------------------------------------------------------------------------------------------
enableInlineCachePhase = true
enableInvokeProfilingPhase = false
enablePGODirectInvokeInlining = false
combinedInlining = false
ProfileDataDumpFileName = /workspace/benchmarks/results/current/profiling-data/micronaut-shopcart-custom_open.json
useCompilerPGOData = false
profileCompiler = false
[Use -Djdk.graal.LogFile=<path> to redirect Graal log output to a file.]
Compiler PGO is disabled, compiler profiling is disabled
Loaded 11987 call sites profiles from file: /workspace/benchmarks/results/current/profiling-data/micronaut-shopcart-custom_open.json
Using top 4795 call sites for PGO based inlining
Out of which 1086 are indirect call sites and 3709 are direct call sites (22.64859228362878% indirect)
Representing 2190618995 and 6713189469 calls respectively (24.603168451535552% indirect)
Total calls represented: 8903808464

[1/8] Initializing...                                                                                    (2.8s @ 0.69GB)
 Java version: 24+36, vendor version: GraalVM CE 24-dev+36.1
 Graal compiler: optimization level: 3, target machine: native
 C compiler: gcc (linux, x86_64, 12.2.0)
 Garbage collector: Serial GC (max heap size: 80% of RAM)
 3 user-specific feature(s):
 - com.oracle.svm.thirdparty.gson.GsonFeature
 - io.micronaut.cache.caffeine.graal.CaffeineFeature
 - io.micronaut.core.io.service.ServiceLoaderFeature
------------------------------------------------------------------------------------------------------------------------
 3 experimental option(s) unlocked:
 - '-H:+PlatformInterfaceCompatibilityMode' (origin(s): command line)
 - '-H:NumberOfThreads' (alternative API option(s): --parallelism=4; origin(s): command line)
 - '-H:ProfileDataDumpFileName' (origin(s): command line)
------------------------------------------------------------------------------------------------------------------------
Build resources:
 - 10.98GB of memory (18.2% of 60.42GB system memory, determined at start)
 - 4 thread(s) (25.0% of 16 available processor(s), set via '--parallelism=4')
Warning: The interface org.graalvm.nativeimage.hosted.Feature is not available in the current platform, but used by com.oracle.svm.core.feature.InternalFeature. GraalVM before version 21.2 ignored such interfaces, but this was an oversight. The interface is filtered because the compatibility option -H:+PlatformInterfaceCompatibilityMode is used. This option will be removed in a future GraalVM version.
[2/8] Performing analysis...  [******]                                                                  (23.3s @ 2.09GB)
   15,253 reachable types   (88.4% of   17,246 total)
   22,618 reachable fields  (53.8% of   42,068 total)
   76,203 reachable methods (62.8% of  121,379 total)
    5,336 types,   151 fields, and 1,643 methods registered for reflection
       63 types,    62 fields, and    57 methods registered for JNI access
        4 native libraries: dl, pthread, rt, z
[3/8] Building universe...                                                                               (2.2s @ 2.32GB)
[4/8] Parsing methods...      [*]                                                                        (1.1s @ 2.46GB)
[5/8] Inlining methods...     [****]                                                                    (18.5s @ 2.66GB)
[6/8] Compiling methods...    [***]                                                                     (11.5s @ 1.26GB)
[7/8] Laying out methods...   [**]                                                                       (2.5s @ 1.75GB)
[8/8] Creating image...       [**]                                                                       (2.4s @ 2.03GB)
  32.85MB (43.87%) for code area:    51,836 compilation units
  32.19MB (42.98%) for image heap:  355,566 objects and 419 resources
   9.85MB (13.15%) for other data
  74.89MB in total
------------------------------------------------------------------------------------------------------------------------
Top 10 origins of code area:                                Top 10 object types in image heap:
  13.55MB shopcart-0.3.10.jar                                  8.31MB byte[] for code metadata
  12.46MB java.base                                            4.77MB byte[] for java.lang.String
   2.66MB java.xml                                             4.54MB java.lang.Class
   2.00MB svm.jar (Native Image)                               3.11MB java.lang.String
 474.36kB jdk.proxy4                                           1.28MB com.oracle.svm.core.hub.DynamicHubCompanion
 320.05kB java.rmi                                           979.97kB byte[] for reflection metadata
 208.72kB jdk.zipfs                                          838.26kB byte[] for general heap data
 206.21kB java.naming                                        631.29kB java.lang.String[]
 138.57kB jdk.naming.dns                                     577.10kB java.lang.Object[]
 108.35kB java.logging                                       557.07kB c.o.svm.core.hub.DynamicHub$ReflectionMetadata
 409.78kB for 18 more packages                                 6.68MB for 3090 more object types
------------------------------------------------------------------------------------------------------------------------
Recommendations:
 HEAP: Set max heap for improved and more predictable memory usage.
Total skippable fingerprints recorded: 0
Total phases ran: 3024572, total phases skipped: 0
------------------------------------------------------------------------------------------------------------------------
                       3.4s (5.3% of total time) in 4401 GCs | Peak RSS: 3.55GB | CPU load: 5.01
------------------------------------------------------------------------------------------------------------------------
Build artifacts:
 /tmp/bundleRoot-14199333171725917403/output/default/micronaut-shopcart (executable)
========================================================================================================================
Finished generating 'micronaut-shopcart' in 1m 5s.

Native Image Bundles: Bundle build output written to /data/baristabench/benchmarks/micronaut-shopcart/target/shopcart-0.3.10.output

