
Native Image Bundles: Loaded Bundle from /data/baristabench/benchmarks/micronaut-similarity/target/micronaut-similarity-1.0.6.nib
Native Image Bundles: Bundle created at 'Tuesday, September 9, 2025, 10:00:26 PM Coordinated Universal Time'
Native Image Bundles: Using version: '24+36' != '24+36-jvmci-b01' (vendor 'Oracle Corporation' != 'GraalVM Community') on platform: 'linux-amd64'
Warning: The option '-H:+PlatformInterfaceCompatibilityMode' is experimental and must be enabled via '-H:+UnlockExperimentalVMOptions' in the future.
Warning: The option '-H:ProfileDataDumpFileName=/workspace/benchmarks/results/current/profiling-data/micronaut-similarity-custom_open.json' is experimental and must be enabled via '-H:+UnlockExperimentalVMOptions' in the future.
Warning: The option '-H:NumberOfThreads=4' is experimental and must be enabled via '-H:+UnlockExperimentalVMOptions' in the future.
Warning: Please re-evaluate whether any experimental option is required, and either remove or unlock it. The build output lists all active experimental options, including where they come from and possible alternatives. If you think an experimental option should be considered as stable, please file an issue.
Warning: Native Image Bundles are an experimental feature.
Warning: Option 'PlatformInterfaceCompatibilityMode' is deprecated and might be removed in a future release: This option was introduced to simplify migration to GraalVM 21.2 and will be removed in a future release. Please refer to the GraalVM release notes.
========================================================================================================================
GraalVM Native Image: Generating 'micronaut-similarity' (executable)...
========================================================================================================================
For detailed information and explanations on the build output, visit:
https://github.com/oracle/graal/blob/master/docs/reference-manual/native-image/BuildOutput.md
------------------------------------------------------------------------------------------------------------------------
enableInlineCachePhase = false
enableInvokeProfilingPhase = false
enablePGODirectInvokeInlining = true
combinedInlining = false
ProfileDataDumpFileName = /workspace/benchmarks/results/current/profiling-data/micronaut-similarity-custom_open.json
useCompilerPGOData = false
profileCompiler = false
[Use -Djdk.graal.LogFile=<path> to redirect Graal log output to a file.]
Compiler PGO is disabled, compiler profiling is disabled
Loaded 11530 call sites profiles from file: /workspace/benchmarks/results/current/profiling-data/micronaut-similarity-custom_open.json
Using top 4612 call sites for PGO based inlining
Out of which 936 are indirect call sites and 3676 are direct call sites (20.294882914137034% indirect)
Representing 1847429 and 3121959586 calls respectively (0.059140305119008765% indirect)
Total calls represented: 3123807015

[1/8] Initializing...                                                                                    (2.1s @ 0.25GB)
 Java version: 24+36, vendor version: GraalVM CE 24-dev+36.1
 Graal compiler: optimization level: b, target machine: native
 C compiler: gcc (linux, x86_64, 12.2.0)
 Garbage collector: Serial GC (max heap size: 80% of RAM)
 2 user-specific feature(s):
 - com.oracle.svm.thirdparty.gson.GsonFeature
 - io.micronaut.core.io.service.ServiceLoaderFeature
------------------------------------------------------------------------------------------------------------------------
 3 experimental option(s) unlocked:
 - '-H:+PlatformInterfaceCompatibilityMode' (origin(s): command line)
 - '-H:NumberOfThreads' (alternative API option(s): --parallelism=4; origin(s): command line)
 - '-H:ProfileDataDumpFileName' (origin(s): command line)
------------------------------------------------------------------------------------------------------------------------
Build resources:
 - 10.97GB of memory (18.2% of 60.42GB system memory, determined at start)
 - 4 thread(s) (25.0% of 16 available processor(s), set via '--parallelism=4')
Warning: The interface org.graalvm.nativeimage.hosted.Feature is not available in the current platform, but used by com.oracle.svm.core.feature.InternalFeature. GraalVM before version 21.2 ignored such interfaces, but this was an oversight. The interface is filtered because the compatibility option -H:+PlatformInterfaceCompatibilityMode is used. This option will be removed in a future GraalVM version.
[2/8] Performing analysis...  [******]                                                                   (9.3s @ 1.15GB)
   13,880 reachable types   (87.5% of   15,866 total)
   20,234 reachable fields  (52.9% of   38,223 total)
   69,383 reachable methods (61.2% of  113,441 total)
    4,712 types,   120 fields, and 1,310 methods registered for reflection
       63 types,    62 fields, and    57 methods registered for JNI access
        4 native libraries: dl, pthread, rt, z
[3/8] Building universe...                                                                               (2.0s @ 1.40GB)
[4/8] Parsing methods...      [*]                                                                        (1.1s @ 1.53GB)
[5/8] Inlining methods...     [**]                                                                       (9.4s @ 1.64GB)
[6/8] Compiling methods...    [***]                                                                      (7.0s @ 1.55GB)
[7/8] Laying out methods...   [**]                                                                       (3.0s @ 2.16GB)
[8/8] Creating image...       [**]                                                                       (2.4s @ 2.44GB)
  27.82MB (39.99%) for code area:    60,547 compilation units
  32.19MB (46.26%) for image heap:  330,871 objects and 350 resources
   9.57MB (13.75%) for other data
  69.58MB in total
------------------------------------------------------------------------------------------------------------------------
Top 10 origins of code area:                                Top 10 object types in image heap:
  11.20MB micronaut-similarity-1.0.6.jar                      10.26MB byte[] for code metadata
  10.58MB java.base                                            4.41MB byte[] for java.lang.String
   2.43MB java.xml                                             3.99MB java.lang.Class
   1.88MB svm.jar (Native Image)                               2.93MB java.lang.String
 269.87kB java.rmi                                             1.16MB com.oracle.svm.core.hub.DynamicHubCompanion
 222.06kB jdk.proxy4                                         867.78kB byte[] for reflection metadata
 164.03kB jdk.zipfs                                          835.91kB byte[] for general heap data
 163.95kB java.naming                                        594.46kB java.lang.String[]
 100.49kB jdk.naming.dns                                     527.23kB java.lang.Object[]
  91.54kB java.logging                                       514.02kB int[][]
 317.95kB for 19 more packages                                 6.17MB for 2997 more object types
------------------------------------------------------------------------------------------------------------------------
Recommendations:
 HEAP: Set max heap for improved and more predictable memory usage.
Total skippable fingerprints recorded: 0
Total phases ran: 1710830, total phases skipped: 0
------------------------------------------------------------------------------------------------------------------------
                        2.1s (5.6% of total time) in 880 GCs | Peak RSS: 3.29GB | CPU load: 5.53
------------------------------------------------------------------------------------------------------------------------
Build artifacts:
 /tmp/bundleRoot-1461157881096949196/output/default/micronaut-similarity (executable)
========================================================================================================================
Finished generating 'micronaut-similarity' in 37.3s.

Native Image Bundles: Bundle build output written to /data/baristabench/benchmarks/micronaut-similarity/target/micronaut-similarity-1.0.6.output

