
Native Image Bundles: Loaded Bundle from /data/baristabench/benchmarks/micronaut-hello-world/target/micronaut-hello-world-1.0.7.nib
Native Image Bundles: Bundle created at 'Tuesday, September 9, 2025, 10:00:11 PM Coordinated Universal Time'
Native Image Bundles: Using version: '24+36' != '24+36-jvmci-b01' (vendor 'Oracle Corporation' != 'GraalVM Community') on platform: 'linux-amd64'
Warning: The option '-H:ProfileDataDumpFileName=/workspace/benchmarks/results/current/profiling-data/micronaut-hello-world-custom_open.json' is experimental and must be enabled via '-H:+UnlockExperimentalVMOptions' in the future.
Warning: The option '-H:+PlatformInterfaceCompatibilityMode' is experimental and must be enabled via '-H:+UnlockExperimentalVMOptions' in the future.
Warning: The option '-H:NumberOfThreads=4' is experimental and must be enabled via '-H:+UnlockExperimentalVMOptions' in the future.
Warning: Please re-evaluate whether any experimental option is required, and either remove or unlock it. The build output lists all active experimental options, including where they come from and possible alternatives. If you think an experimental option should be considered as stable, please file an issue.
Warning: Native Image Bundles are an experimental feature.
Warning: Option 'PlatformInterfaceCompatibilityMode' is deprecated and might be removed in a future release: This option was introduced to simplify migration to GraalVM 21.2 and will be removed in a future release. Please refer to the GraalVM release notes.
========================================================================================================================
GraalVM Native Image: Generating 'micronaut-hello-world' (executable)...
========================================================================================================================
For detailed information and explanations on the build output, visit:
https://github.com/oracle/graal/blob/master/docs/reference-manual/native-image/BuildOutput.md
------------------------------------------------------------------------------------------------------------------------
enableInlineCachePhase = true
enableInvokeProfilingPhase = false
enablePGODirectInvokeInlining = false
combinedInlining = false
ProfileDataDumpFileName = /workspace/benchmarks/results/current/profiling-data/micronaut-hello-world-custom_open.json
useCompilerPGOData = false
profileCompiler = false
[Use -Djdk.graal.LogFile=<path> to redirect Graal log output to a file.]
Compiler PGO is disabled, compiler profiling is disabled
Loaded 10011 call sites profiles from file: /workspace/benchmarks/results/current/profiling-data/micronaut-hello-world-custom_open.json
Using top 4004 call sites for PGO based inlining
Out of which 762 are indirect call sites and 3242 are direct call sites
Representing 1678802428 and 5560093184 calls respectively

[1/8] Initializing...                                                                                    (3.3s @ 0.26GB)
 Java version: 24+36, vendor version: GraalVM CE 24-dev+36.1
 Graal compiler: optimization level: 3, target machine: native
 C compiler: gcc (linux, x86_64, 12.2.0)
 Garbage collector: Serial GC (max heap size: 80% of RAM)
 2 user-specific feature(s):
 - com.oracle.svm.thirdparty.gson.GsonFeature
 - io.micronaut.core.io.service.ServiceLoaderFeature
------------------------------------------------------------------------------------------------------------------------
 3 experimental option(s) unlocked:
 - '-H:+PlatformInterfaceCompatibilityMode' (origin(s): command line)
 - '-H:NumberOfThreads' (alternative API option(s): --parallelism=4; origin(s): command line)
 - '-H:ProfileDataDumpFileName' (origin(s): command line)
------------------------------------------------------------------------------------------------------------------------
Build resources:
 - 12.50GB of memory (20.7% of 60.42GB system memory, determined at start)
 - 4 thread(s) (25.0% of 16 available processor(s), set via '--parallelism=4')
Warning: The interface org.graalvm.nativeimage.hosted.Feature is not available in the current platform, but used by com.oracle.svm.core.feature.InternalFeature. GraalVM before version 21.2 ignored such interfaces, but this was an oversight. The interface is filtered because the compatibility option -H:+PlatformInterfaceCompatibilityMode is used. This option will be removed in a future GraalVM version.
[2/8] Performing analysis...  [*****]                                                                   (23.5s @ 1.70GB)
   13,843 reachable types   (87.5% of   15,824 total)
   20,210 reachable fields  (52.9% of   38,170 total)
   69,244 reachable methods (61.1% of  113,350 total)
    4,701 types,   120 fields, and 1,298 methods registered for reflection
       63 types,    62 fields, and    57 methods registered for JNI access
        4 native libraries: dl, pthread, rt, z
[3/8] Building universe...                                                                               (2.3s @ 1.88GB)
[4/8] Parsing methods...      [*]                                                                        (1.5s @ 0.99GB)
[5/8] Inlining methods...     [***]                                                                     (13.1s @ 1.17GB)
[6/8] Compiling methods...    [****]                                                                    (12.0s @ 1.25GB)
[7/8] Laying out methods...   [**]                                                                       (2.6s @ 1.68GB)
[8/8] Creating image...       [**]                                                                       (2.5s @ 1.93GB)
  27.19MB (41.92%) for code area:    46,796 compilation units
  29.13MB (44.90%) for image heap:  330,080 objects and 349 resources
   8.55MB (13.18%) for other data
  64.87MB in total
------------------------------------------------------------------------------------------------------------------------
Top 10 origins of code area:                                Top 10 object types in image heap:
  11.09MB java.base                                            7.37MB byte[] for code metadata
  10.12MB micronaut-hello-world-1.0.7.jar                      4.40MB byte[] for java.lang.String
   2.48MB java.xml                                             3.98MB java.lang.Class
   1.82MB svm.jar (Native Image)                               2.92MB java.lang.String
 279.04kB java.rmi                                             1.16MB com.oracle.svm.core.hub.DynamicHubCompanion
 227.90kB jdk.proxy4                                         864.80kB byte[] for reflection metadata
 179.26kB jdk.zipfs                                          835.02kB byte[] for general heap data
 171.33kB java.naming                                        592.45kB java.lang.String[]
 117.63kB jdk.naming.dns                                     525.96kB java.lang.Object[]
  97.25kB java.logging                                       514.02kB int[][]
 332.48kB for 18 more packages                                 6.03MB for 2928 more object types
------------------------------------------------------------------------------------------------------------------------
Recommendations:
 HEAP: Set max heap for improved and more predictable memory usage.
Total skippable fingerprints recorded: 0
Total phases ran: 2733670, total phases skipped: 0
Percentage of ICs missed due to large code size: 20/665 (3.01%)
------------------------------------------------------------------------------------------------------------------------
                       4.0s (6.4% of total time) in 2477 GCs | Peak RSS: 2.79GB | CPU load: 4.96
------------------------------------------------------------------------------------------------------------------------
Build artifacts:
 /tmp/bundleRoot-16548350534355896828/output/default/micronaut-hello-world (executable)
========================================================================================================================
Finished generating 'micronaut-hello-world' in 1m 1s.

Native Image Bundles: Bundle build output written to /data/baristabench/benchmarks/micronaut-hello-world/target/micronaut-hello-world-1.0.7.output

