
Native Image Bundles: Loaded Bundle from /data/baristabench/benchmarks/micronaut-shopcart/target/shopcart-0.3.10.nib
Native Image Bundles: Bundle created at 'Tuesday, September 9, 2025, 10:00:19 PM Coordinated Universal Time'
Native Image Bundles: Using version: '24+36' != '24+36-jvmci-b01' (vendor 'Oracle Corporation' != 'GraalVM Community') on platform: 'linux-amd64'
Warning: The option '-H:ProfileDataDumpFileName=/workspace/benchmarks/results/current/profiling-data/micronaut-shopcart-custom_open.json' is experimental and must be enabled via '-H:+UnlockExperimentalVMOptions' in the future.
Warning: The option '-H:+PlatformInterfaceCompatibilityMode' is experimental and must be enabled via '-H:+UnlockExperimentalVMOptions' in the future.
Warning: The option '-H:NumberOfThreads=4' is experimental and must be enabled via '-H:+UnlockExperimentalVMOptions' in the future.
Warning: Please re-evaluate whether any experimental option is required, and either remove or unlock it. The build output lists all active experimental options, including where they come from and possible alternatives. If you think an experimental option should be considered as stable, please file an issue.
Warning: Native Image Bundles are an experimental feature.
Warning: Option 'PlatformInterfaceCompatibilityMode' is deprecated and might be removed in a future release: This option was introduced to simplify migration to GraalVM 21.2 and will be removed in a future release. Please refer to the GraalVM release notes.
========================================================================================================================
GraalVM Native Image: Generating 'micronaut-shopcart' (executable)...
========================================================================================================================
For detailed information and explanations on the build output, visit:
https://github.com/oracle/graal/blob/master/docs/reference-manual/native-image/BuildOutput.md
------------------------------------------------------------------------------------------------------------------------
enableInlineCachePhase = true
enableInvokeProfilingPhase = false
enablePGODirectInvokeInlining = true
combinedInlining = false
ProfileDataDumpFileName = /workspace/benchmarks/results/current/profiling-data/micronaut-shopcart-custom_open.json
useCompilerPGOData = false
profileCompiler = false
[Use -Djdk.graal.LogFile=<path> to redirect Graal log output to a file.]
Compiler PGO is disabled, compiler profiling is disabled
Loaded 7279 call sites profiles from file: /workspace/benchmarks/results/current/profiling-data/micronaut-shopcart-custom_open.json
Using top 2912 call sites for PGO based inlining
Out of which 1038 are indirect call sites and 1874 are direct call sites
Representing 3686701948 and 5532759481 calls respectively (39.988257192588335% indirect)

[1/8] Initializing...                                                                                    (2.6s @ 0.27GB)
 Java version: 24+36, vendor version: GraalVM CE 24-dev+36.1
 Graal compiler: optimization level: 3, target machine: native
 C compiler: gcc (linux, x86_64, 12.2.0)
 Garbage collector: Serial GC (max heap size: 80% of RAM)
 3 user-specific feature(s):
 - com.oracle.svm.thirdparty.gson.GsonFeature
 - io.micronaut.cache.caffeine.graal.CaffeineFeature
 - io.micronaut.core.io.service.ServiceLoaderFeature
------------------------------------------------------------------------------------------------------------------------
 3 experimental option(s) unlocked:
 - '-H:+PlatformInterfaceCompatibilityMode' (origin(s): command line)
 - '-H:NumberOfThreads' (alternative API option(s): --parallelism=4; origin(s): command line)
 - '-H:ProfileDataDumpFileName' (origin(s): command line)
------------------------------------------------------------------------------------------------------------------------
Build resources:
 - 15.34GB of memory (25.4% of 60.42GB system memory, determined at start)
 - 4 thread(s) (25.0% of 16 available processor(s), set via '--parallelism=4')
Warning: The interface org.graalvm.nativeimage.hosted.Feature is not available in the current platform, but used by com.oracle.svm.core.feature.InternalFeature. GraalVM before version 21.2 ignored such interfaces, but this was an oversight. The interface is filtered because the compatibility option -H:+PlatformInterfaceCompatibilityMode is used. This option will be removed in a future GraalVM version.
[2/8] Performing analysis...  [*****]                                                                   (19.1s @ 1.92GB)
   15,252 reachable types   (88.4% of   17,250 total)
   22,618 reachable fields  (53.8% of   42,068 total)
   76,201 reachable methods (62.8% of  121,429 total)
    5,332 types,   151 fields, and 1,640 methods registered for reflection
       63 types,    62 fields, and    57 methods registered for JNI access
        4 native libraries: dl, pthread, rt, z
[3/8] Building universe...                                                                               (2.3s @ 2.10GB)
[4/8] Parsing methods...      [*]                                                                        (1.2s @ 2.26GB)
[5/8] Inlining methods...     [**]                                                                      (14.1s @ 2.32GB)
[6/8] Compiling methods...    [****]                                                                    (12.3s @ 1.40GB)
[7/8] Laying out methods...   [**]                                                                       (3.0s @ 1.98GB)
[8/8] Creating image...       [**]                                                                       (2.6s @ 2.26GB)
  26.66MB (37.72%) for code area:    67,259 compilation units
  33.06MB (46.78%) for image heap:  355,635 objects and 419 resources
  10.95MB (15.50%) for other data
  70.67MB in total
------------------------------------------------------------------------------------------------------------------------
Top 10 origins of code area:                                Top 10 object types in image heap:
  11.53MB shopcart-0.3.10.jar                                  9.45MB byte[] for code metadata
   9.41MB java.base                                            4.77MB byte[] for java.lang.String
   2.17MB java.xml                                             4.54MB java.lang.Class
   1.82MB svm.jar (Native Image)                               3.11MB java.lang.String
 249.72kB java.rmi                                             1.28MB com.oracle.svm.core.hub.DynamicHubCompanion
 242.41kB jdk.proxy4                                         979.06kB byte[] for reflection metadata
 150.89kB java.naming                                        838.21kB byte[] for general heap data
 148.66kB jdk.zipfs                                          632.28kB java.lang.String[]
  96.51kB jdk.naming.dns                                     576.98kB java.lang.Object[]
  84.81kB java.logging                                       557.07kB c.o.svm.core.hub.DynamicHub$ReflectionMetadata
 325.20kB for 19 more packages                                 6.42MB for 3150 more object types
------------------------------------------------------------------------------------------------------------------------
Recommendations:
 HEAP: Set max heap for improved and more predictable memory usage.
Total skippable fingerprints recorded: 0
Total phases ran: 3798071, total phases skipped: 0
Percentage of ICs missed due to large code size: 0/712 (0.00%)
------------------------------------------------------------------------------------------------------------------------
                       3.4s (5.8% of total time) in 2866 GCs | Peak RSS: 3.22GB | CPU load: 5.07
------------------------------------------------------------------------------------------------------------------------
Build artifacts:
 /tmp/bundleRoot-8374379384935987566/output/default/micronaut-shopcart (executable)
========================================================================================================================
Finished generating 'micronaut-shopcart' in 58.3s.

Native Image Bundles: Bundle build output written to /data/baristabench/benchmarks/micronaut-shopcart/target/shopcart-0.3.10.output

