
Native Image Bundles: Loaded Bundle from /data/baristabench/benchmarks/micronaut-shopcart/target/shopcart-0.3.10.nib
Native Image Bundles: Bundle created at 'Tuesday, September 9, 2025, 10:00:19 PM Coordinated Universal Time'
Native Image Bundles: Using version: '24+36' != '24+36-jvmci-b01' (vendor 'Oracle Corporation' != 'GraalVM Community') on platform: 'linux-amd64'
Warning: The option '-H:ProfileDataDumpFileName=/workspace/benchmarks/results/current/profiling-data/micronaut-shopcart-custom_open.json' is experimental and must be enabled via '-H:+UnlockExperimentalVMOptions' in the future.
Warning: The option '-H:+PlatformInterfaceCompatibilityMode' is experimental and must be enabled via '-H:+UnlockExperimentalVMOptions' in the future.
Warning: The option '-H:NumberOfThreads=4' is experimental and must be enabled via '-H:+UnlockExperimentalVMOptions' in the future.
Warning: Please re-evaluate whether any experimental option is required, and either remove or unlock it. The build output lists all active experimental options, including where they come from and possible alternatives. If you think an experimental option should be considered as stable, please file an issue.
Warning: Native Image Bundles are an experimental feature.
Warning: Option 'PlatformInterfaceCompatibilityMode' is deprecated and might be removed in a future release: This option was introduced to simplify migration to GraalVM 21.2 and will be removed in a future release. Please refer to the GraalVM release notes.
========================================================================================================================
GraalVM Native Image: Generating 'micronaut-shopcart' (executable)...
========================================================================================================================
For detailed information and explanations on the build output, visit:
https://github.com/oracle/graal/blob/master/docs/reference-manual/native-image/BuildOutput.md
------------------------------------------------------------------------------------------------------------------------
enableInlineCachePhase = false
enableInvokeProfilingPhase = false
enablePGODirectInvokeInlining = true
combinedInlining = false
ProfileDataDumpFileName = /workspace/benchmarks/results/current/profiling-data/micronaut-shopcart-custom_open.json
useCompilerPGOData = false
profileCompiler = false
[Use -Djdk.graal.LogFile=<path> to redirect Graal log output to a file.]
Compiler PGO is disabled, compiler profiling is disabled
Loaded 11987 call sites profiles from file: /workspace/benchmarks/results/current/profiling-data/micronaut-shopcart-custom_open.json
Using top 4795 call sites for PGO based inlining
Out of which 1086 are indirect call sites and 3709 are direct call sites (22.64859228362878% indirect)
Representing 2190618995 and 6713189469 calls respectively (24.603168451535552% indirect)
Total calls represented: 8903808464

[1/8] Initializing...                                                                                    (2.0s @ 0.14GB)
 Java version: 24+36, vendor version: GraalVM CE 24-dev+36.1
 Graal compiler: optimization level: 3, target machine: native
 C compiler: gcc (linux, x86_64, 12.2.0)
 Garbage collector: Serial GC (max heap size: 80% of RAM)
 3 user-specific feature(s):
 - com.oracle.svm.thirdparty.gson.GsonFeature
 - io.micronaut.cache.caffeine.graal.CaffeineFeature
 - io.micronaut.core.io.service.ServiceLoaderFeature
------------------------------------------------------------------------------------------------------------------------
 3 experimental option(s) unlocked:
 - '-H:+PlatformInterfaceCompatibilityMode' (origin(s): command line)
 - '-H:NumberOfThreads' (alternative API option(s): --parallelism=4; origin(s): command line)
 - '-H:ProfileDataDumpFileName' (origin(s): command line)
------------------------------------------------------------------------------------------------------------------------
Build resources:
 - 25.67GB of memory (42.5% of 60.42GB system memory, determined at start)
 - 4 thread(s) (25.0% of 16 available processor(s), set via '--parallelism=4')
Warning: The interface org.graalvm.nativeimage.hosted.Feature is not available in the current platform, but used by com.oracle.svm.core.feature.InternalFeature. GraalVM before version 21.2 ignored such interfaces, but this was an oversight. The interface is filtered because the compatibility option -H:+PlatformInterfaceCompatibilityMode is used. This option will be removed in a future GraalVM version.
[2/8] Performing analysis...  [******]                                                                   (9.1s @ 1.39GB)
   15,252 reachable types   (88.4% of   17,260 total)
   22,618 reachable fields  (53.8% of   42,068 total)
   76,100 reachable methods (62.7% of  121,280 total)
    5,203 types,   151 fields, and 1,487 methods registered for reflection
       63 types,    62 fields, and    57 methods registered for JNI access
        4 native libraries: dl, pthread, rt, z
[3/8] Building universe...                                                                               (2.1s @ 1.53GB)
[4/8] Parsing methods...      [*]                                                                        (1.1s @ 1.73GB)
[5/8] Inlining methods...     [**]                                                                       (9.2s @ 1.80GB)
[6/8] Compiling methods...    [***]                                                                     (11.8s @ 1.44GB)
[7/8] Laying out methods...   [**]                                                                       (3.0s @ 1.60GB)
[8/8] Creating image...       [**]                                                                       (2.3s @ 1.93GB)
  26.59MB (37.78%) for code area:    66,733 compilation units
  32.88MB (46.71%) for image heap:  354,391 objects and 419 resources
  10.92MB (15.51%) for other data
  70.38MB in total
------------------------------------------------------------------------------------------------------------------------
Top 10 origins of code area:                                Top 10 object types in image heap:
  11.49MB shopcart-0.3.10.jar                                  9.30MB byte[] for code metadata
   9.44MB java.base                                            4.75MB byte[] for java.lang.String
   2.16MB java.xml                                             4.54MB java.lang.Class
   1.80MB svm.jar (Native Image)                               3.11MB java.lang.String
 249.88kB java.rmi                                             1.28MB com.oracle.svm.core.hub.DynamicHubCompanion
 242.41kB jdk.proxy4                                         954.57kB byte[] for reflection metadata
 150.89kB java.naming                                        838.27kB byte[] for general heap data
 148.66kB jdk.zipfs                                          630.40kB java.lang.String[]
  96.51kB jdk.naming.dns                                     573.82kB java.lang.Object[]
  84.81kB java.logging                                       557.07kB c.o.svm.core.hub.DynamicHub$ReflectionMetadata
 300.80kB for 19 more packages                                 6.43MB for 3149 more object types
------------------------------------------------------------------------------------------------------------------------
Recommendations:
 HEAP: Set max heap for improved and more predictable memory usage.
Total skippable fingerprints recorded: 0
Total phases ran: 3773353, total phases skipped: 0
------------------------------------------------------------------------------------------------------------------------
                        2.3s (5.5% of total time) in 985 GCs | Peak RSS: 2.77GB | CPU load: 5.55
------------------------------------------------------------------------------------------------------------------------
Build artifacts:
 /tmp/bundleRoot-17220054232670314047/output/default/micronaut-shopcart (executable)
========================================================================================================================
Finished generating 'micronaut-shopcart' in 41.7s.

Native Image Bundles: Bundle build output written to /data/baristabench/benchmarks/micronaut-shopcart/target/shopcart-0.3.10.output

