
Native Image Bundles: Loaded Bundle from /data/baristabench/benchmarks/micronaut-hello-world/target/micronaut-hello-world-1.0.7.nib
Native Image Bundles: Bundle created at 'Tuesday, September 9, 2025, 10:00:11 PM Coordinated Universal Time'
Native Image Bundles: Using version: '24+36' != '24+36-jvmci-b01' (vendor 'Oracle Corporation' != 'GraalVM Community') on platform: 'linux-amd64'
Warning: The option '-H:+PlatformInterfaceCompatibilityMode' is experimental and must be enabled via '-H:+UnlockExperimentalVMOptions' in the future.
Warning: The option '-H:NumberOfThreads=4' is experimental and must be enabled via '-H:+UnlockExperimentalVMOptions' in the future.
Warning: Please re-evaluate whether any experimental option is required, and either remove or unlock it. The build output lists all active experimental options, including where they come from and possible alternatives. If you think an experimental option should be considered as stable, please file an issue.
Warning: Native Image Bundles are an experimental feature.
Warning: Option 'PlatformInterfaceCompatibilityMode' is deprecated and might be removed in a future release: This option was introduced to simplify migration to GraalVM 21.2 and will be removed in a future release. Please refer to the GraalVM release notes.
========================================================================================================================
GraalVM Native Image: Generating 'micronaut-hello-world' (executable)...
========================================================================================================================
For detailed information and explanations on the build output, visit:
https://github.com/oracle/graal/blob/master/docs/reference-manual/native-image/BuildOutput.md
------------------------------------------------------------------------------------------------------------------------
enableInlineCachePhase = false
enableInvokeProfilingPhase = false
enablePGODirectInvokeInlining = false
combinedInlining = false
ProfileDataDumpFileName = null
useCompilerPGOData = false
profileCompiler = true
[Use -Djdk.graal.LogFile=<path> to redirect Graal log output to a file.]
Compiler PGO is disabled, compiler profiling is enabled
[1/8] Initializing...                                                                                    (1.9s @ 0.16GB)
 Java version: 24+36, vendor version: GraalVM CE 24-dev+36.1
 Graal compiler: optimization level: 3, target machine: native
 C compiler: gcc (linux, x86_64, 12.2.0)
 Garbage collector: Serial GC (max heap size: 80% of RAM)
 2 user-specific feature(s):
 - com.oracle.svm.thirdparty.gson.GsonFeature
 - io.micronaut.core.io.service.ServiceLoaderFeature
------------------------------------------------------------------------------------------------------------------------
 2 experimental option(s) unlocked:
 - '-H:+PlatformInterfaceCompatibilityMode' (origin(s): command line)
 - '-H:NumberOfThreads' (alternative API option(s): --parallelism=4; origin(s): command line)
------------------------------------------------------------------------------------------------------------------------
Build resources:
 - 14.66GB of memory (24.3% of 60.42GB system memory, determined at start)
 - 4 thread(s) (25.0% of 16 available processor(s), set via '--parallelism=4')
Warning: The interface org.graalvm.nativeimage.hosted.Feature is not available in the current platform, but used by com.oracle.svm.core.feature.InternalFeature. GraalVM before version 21.2 ignored such interfaces, but this was an oversight. The interface is filtered because the compatibility option -H:+PlatformInterfaceCompatibilityMode is used. This option will be removed in a future GraalVM version.
[2/8] Performing analysis...  [*****]                                                                    (8.7s @ 1.30GB)
   13,842 reachable types   (87.4% of   15,829 total)
   20,210 reachable fields  (52.9% of   38,170 total)
   69,240 reachable methods (61.1% of  113,385 total)
    4,700 types,   120 fields, and 1,298 methods registered for reflection
       63 types,    62 fields, and    57 methods registered for JNI access
        4 native libraries: dl, pthread, rt, z
[3/8] Building universe...                                                                               (2.2s @ 1.36GB)
[4/8] Parsing methods...      [*]                                                                        (1.1s @ 1.51GB)
[5/8] Inlining methods...     [***]                                                                      (1.3s @ 1.69GB)
[6/8] Compiling methods...    [***]                                                                     (11.4s @ 1.36GB)
[7/8] Laying out methods...   [**]                                                                       (2.3s @ 1.81GB)
[8/8] Creating image...       [**]                                                                       (2.2s @ 2.12GB)
  29.78MB (44.05%) for code area:    46,763 compilation units
  29.25MB (43.26%) for image heap:  330,074 objects and 349 resources
   8.58MB (12.69%) for other data
  67.61MB in total
------------------------------------------------------------------------------------------------------------------------
Top 10 origins of code area:                                Top 10 object types in image heap:
  12.32MB java.base                                            7.50MB byte[] for code metadata
  10.84MB micronaut-hello-world-1.0.7.jar                      4.40MB byte[] for java.lang.String
   2.66MB java.xml                                             3.98MB java.lang.Class
   1.92MB svm.jar (Native Image)                               2.92MB java.lang.String
 376.67kB jdk.proxy4                                           1.16MB com.oracle.svm.core.hub.DynamicHubCompanion
 320.00kB java.rmi                                           864.75kB byte[] for reflection metadata
 208.72kB jdk.zipfs                                          835.02kB byte[] for general heap data
 206.21kB java.naming                                        592.44kB java.lang.String[]
 138.57kB jdk.naming.dns                                     525.96kB java.lang.Object[]
 108.35kB java.logging                                       514.02kB int[][]
 409.65kB for 18 more packages                                 6.04MB for 2928 more object types
------------------------------------------------------------------------------------------------------------------------
Recommendations:
 HEAP: Set max heap for improved and more predictable memory usage.
Total skippable fingerprints recorded: 625674
Total phases ran: 2730231, total phases skipped: 0
------------------------------------------------------------------------------------------------------------------------
                       2.3s (7.0% of total time) in 1437 GCs | Peak RSS: 2.95GB | CPU load: 6.16
------------------------------------------------------------------------------------------------------------------------
Build artifacts:
 /tmp/bundleRoot-2467615034987836257/output/default/micronaut-hello-world (executable)
========================================================================================================================
Finished generating 'micronaut-hello-world' in 32.3s.

Native Image Bundles: Bundle build output written to /data/baristabench/benchmarks/micronaut-hello-world/target/micronaut-hello-world-1.0.7.output

