
Native Image Bundles: Loaded Bundle from /data/baristabench/benchmarks/micronaut-hello-world/target/micronaut-hello-world-1.0.7.nib
Native Image Bundles: Bundle created at 'Tuesday, September 9, 2025, 10:00:11 PM Coordinated Universal Time'
Native Image Bundles: Using version: '24+36' != '24+36-jvmci-b01' (vendor 'Oracle Corporation' != 'GraalVM Community') on platform: 'linux-amd64'
Warning: The option '-H:+PlatformInterfaceCompatibilityMode' is experimental and must be enabled via '-H:+UnlockExperimentalVMOptions' in the future.
Warning: The option '-H:NumberOfThreads=4' is experimental and must be enabled via '-H:+UnlockExperimentalVMOptions' in the future.
Warning: Please re-evaluate whether any experimental option is required, and either remove or unlock it. The build output lists all active experimental options, including where they come from and possible alternatives. If you think an experimental option should be considered as stable, please file an issue.
Warning: Native Image Bundles are an experimental feature.
Warning: Option 'PlatformInterfaceCompatibilityMode' is deprecated and might be removed in a future release: This option was introduced to simplify migration to GraalVM 21.2 and will be removed in a future release. Please refer to the GraalVM release notes.
========================================================================================================================
GraalVM Native Image: Generating 'micronaut-hello-world' (executable)...
========================================================================================================================
For detailed information and explanations on the build output, visit:
https://github.com/oracle/graal/blob/master/docs/reference-manual/native-image/BuildOutput.md
------------------------------------------------------------------------------------------------------------------------
enableInlineCachePhase = false
enableInvokeProfilingPhase = false
enablePGODirectInvokeInlining = false
combinedInlining = false
ProfileDataDumpFileName = null
useCompilerPGOData = false
profileCompiler = false
[Use -Djdk.graal.LogFile=<path> to redirect Graal log output to a file.]
Compiler PGO is disabled, compiler profiling is disabled
[1/8] Initializing...                                                                                    (2.1s @ 0.15GB)
 Java version: 24+36, vendor version: GraalVM CE 24-dev+36.1
 Graal compiler: optimization level: 2, target machine: native
 C compiler: gcc (linux, x86_64, 12.2.0)
 Garbage collector: Serial GC (max heap size: 80% of RAM)
 2 user-specific feature(s):
 - com.oracle.svm.thirdparty.gson.GsonFeature
 - io.micronaut.core.io.service.ServiceLoaderFeature
------------------------------------------------------------------------------------------------------------------------
 2 experimental option(s) unlocked:
 - '-H:+PlatformInterfaceCompatibilityMode' (origin(s): command line)
 - '-H:NumberOfThreads' (alternative API option(s): --parallelism=4; origin(s): command line)
------------------------------------------------------------------------------------------------------------------------
Build resources:
 - 11.49GB of memory (19.0% of 60.42GB system memory, determined at start)
 - 4 thread(s) (25.0% of 16 available processor(s), set via '--parallelism=4')
Warning: The interface org.graalvm.nativeimage.hosted.Feature is not available in the current platform, but used by com.oracle.svm.core.feature.InternalFeature. GraalVM before version 21.2 ignored such interfaces, but this was an oversight. The interface is filtered because the compatibility option -H:+PlatformInterfaceCompatibilityMode is used. This option will be removed in a future GraalVM version.
[2/8] Performing analysis...  [******]                                                                  (10.6s @ 1.39GB)
   13,842 reachable types   (87.5% of   15,828 total)
   20,210 reachable fields  (52.9% of   38,170 total)
   69,240 reachable methods (61.1% of  113,294 total)
    4,700 types,   120 fields, and 1,298 methods registered for reflection
       63 types,    62 fields, and    57 methods registered for JNI access
        4 native libraries: dl, pthread, rt, z
[3/8] Building universe...                                                                               (2.3s @ 1.38GB)
[4/8] Parsing methods...      [*]                                                                        (1.1s @ 1.50GB)
[5/8] Inlining methods...     [***]                                                                      (1.3s @ 1.67GB)
[6/8] Compiling methods...    [***]                                                                     (11.5s @ 1.29GB)
[7/8] Laying out methods...   [**]                                                                       (2.7s @ 1.76GB)
[8/8] Creating image...       [**]                                                                       (2.4s @ 2.02GB)
  30.80MB (44.41%) for code area:    46,763 compilation units
  30.00MB (43.25%) for image heap:  330,085 objects and 349 resources
   8.56MB (12.34%) for other data
  69.36MB in total
------------------------------------------------------------------------------------------------------------------------
Top 10 origins of code area:                                Top 10 object types in image heap:
  12.77MB java.base                                            8.29MB byte[] for code metadata
  11.18MB micronaut-hello-world-1.0.7.jar                      4.40MB byte[] for java.lang.String
   2.80MB java.xml                                             3.98MB java.lang.Class
   1.96MB svm.jar (Native Image)                               2.92MB java.lang.String
 385.06kB jdk.proxy4                                           1.16MB com.oracle.svm.core.hub.DynamicHubCompanion
 326.51kB java.rmi                                           864.87kB byte[] for reflection metadata
 215.10kB jdk.zipfs                                          835.02kB byte[] for general heap data
 212.48kB java.naming                                        592.45kB java.lang.String[]
 142.23kB jdk.naming.dns                                     525.96kB java.lang.Object[]
 111.60kB java.logging                                       514.02kB int[][]
 418.85kB for 18 more packages                                 5.99MB for 2930 more object types
------------------------------------------------------------------------------------------------------------------------
Recommendations:
 HEAP: Set max heap for improved and more predictable memory usage.
Total skippable fingerprints recorded: 0
Total phases ran: 2685670, total phases skipped: 0
------------------------------------------------------------------------------------------------------------------------
                        2.5s (7.1% of total time) in 879 GCs | Peak RSS: 2.83GB | CPU load: 5.85
------------------------------------------------------------------------------------------------------------------------
Build artifacts:
 /tmp/bundleRoot-3388208602525836089/output/default/micronaut-hello-world (executable)
========================================================================================================================
Finished generating 'micronaut-hello-world' in 35.1s.

Native Image Bundles: Bundle build output written to /data/baristabench/benchmarks/micronaut-hello-world/target/micronaut-hello-world-1.0.7.output

