
Native Image Bundles: Loaded Bundle from /data/baristabench/benchmarks/micronaut-hello-world/target/micronaut-hello-world-1.0.7.nib
Native Image Bundles: Bundle created at 'Tuesday, September 9, 2025, 10:00:11 PM Coordinated Universal Time'
Native Image Bundles: Using version: '24+36' != '24+36-jvmci-b01' (vendor 'Oracle Corporation' != 'GraalVM Community') on platform: 'linux-amd64'
Warning: The option '-H:ProfileDataDumpFileName=/workspace/benchmarks/results/current/profiling-data/micronaut-hello-world-custom_open.json' is experimental and must be enabled via '-H:+UnlockExperimentalVMOptions' in the future.
Warning: The option '-H:+PlatformInterfaceCompatibilityMode' is experimental and must be enabled via '-H:+UnlockExperimentalVMOptions' in the future.
Warning: The option '-H:NumberOfThreads=4' is experimental and must be enabled via '-H:+UnlockExperimentalVMOptions' in the future.
Warning: Please re-evaluate whether any experimental option is required, and either remove or unlock it. The build output lists all active experimental options, including where they come from and possible alternatives. If you think an experimental option should be considered as stable, please file an issue.
Warning: Native Image Bundles are an experimental feature.
Warning: Option 'PlatformInterfaceCompatibilityMode' is deprecated and might be removed in a future release: This option was introduced to simplify migration to GraalVM 21.2 and will be removed in a future release. Please refer to the GraalVM release notes.
========================================================================================================================
GraalVM Native Image: Generating 'micronaut-hello-world' (executable)...
========================================================================================================================
For detailed information and explanations on the build output, visit:
https://github.com/oracle/graal/blob/master/docs/reference-manual/native-image/BuildOutput.md
------------------------------------------------------------------------------------------------------------------------
enableInlineCachePhase = true
enableInvokeProfilingPhase = false
enablePGODirectInvokeInlining = true
combinedInlining = false
ProfileDataDumpFileName = /workspace/benchmarks/results/current/profiling-data/micronaut-hello-world-custom_open.json
useCompilerPGOData = false
profileCompiler = false
[Use -Djdk.graal.LogFile=<path> to redirect Graal log output to a file.]
Compiler PGO is disabled, compiler profiling is disabled
Loaded 5833 call sites profiles from file: /workspace/benchmarks/results/current/profiling-data/micronaut-hello-world-custom_open.json
Using top 2333 call sites for PGO based inlining
Out of which 732 are indirect call sites and 1601 are direct call sites
Representing 1759388654 and 2677925439 calls respectively (39.649856132012154% indirect)

[1/8] Initializing...                                                                                    (2.5s @ 0.63GB)
 Java version: 24+36, vendor version: GraalVM CE 24-dev+36.1
 Graal compiler: optimization level: 3, target machine: native
 C compiler: gcc (linux, x86_64, 12.2.0)
 Garbage collector: Serial GC (max heap size: 80% of RAM)
 2 user-specific feature(s):
 - com.oracle.svm.thirdparty.gson.GsonFeature
 - io.micronaut.core.io.service.ServiceLoaderFeature
------------------------------------------------------------------------------------------------------------------------
 3 experimental option(s) unlocked:
 - '-H:+PlatformInterfaceCompatibilityMode' (origin(s): command line)
 - '-H:NumberOfThreads' (alternative API option(s): --parallelism=4; origin(s): command line)
 - '-H:ProfileDataDumpFileName' (origin(s): command line)
------------------------------------------------------------------------------------------------------------------------
Build resources:
 - 14.72GB of memory (24.4% of 60.42GB system memory, determined at start)
 - 4 thread(s) (25.0% of 16 available processor(s), set via '--parallelism=4')
Warning: The interface org.graalvm.nativeimage.hosted.Feature is not available in the current platform, but used by com.oracle.svm.core.feature.InternalFeature. GraalVM before version 21.2 ignored such interfaces, but this was an oversight. The interface is filtered because the compatibility option -H:+PlatformInterfaceCompatibilityMode is used. This option will be removed in a future GraalVM version.
[2/8] Performing analysis...  [*****]                                                                   (17.3s @ 1.65GB)
   13,843 reachable types   (87.5% of   15,828 total)
   20,210 reachable fields  (52.9% of   38,175 total)
   69,314 reachable methods (61.2% of  113,348 total)
    4,799 types,   120 fields, and 1,410 methods registered for reflection
       63 types,    62 fields, and    57 methods registered for JNI access
        4 native libraries: dl, pthread, rt, z
[3/8] Building universe...                                                                               (2.4s @ 1.37GB)
[4/8] Parsing methods...      [*]                                                                        (1.1s @ 1.51GB)
[5/8] Inlining methods...     [**]                                                                       (9.2s @ 1.57GB)
[6/8] Compiling methods...    [***]                                                                     (10.6s @ 1.37GB)
[7/8] Laying out methods...   [**]                                                                       (2.7s @ 1.90GB)
[8/8] Creating image...       [**]                                                                       (2.4s @ 2.16GB)
  24.40MB (37.87%) for code area:    60,959 compilation units
  30.44MB (47.25%) for image heap:  331,078 objects and 349 resources
   9.59MB (14.89%) for other data
  64.42MB in total
------------------------------------------------------------------------------------------------------------------------
Top 10 origins of code area:                                Top 10 object types in image heap:
   9.42MB java.base                                            8.66MB byte[] for code metadata
   9.39MB micronaut-hello-world-1.0.7.jar                      4.41MB byte[] for java.lang.String
   2.19MB java.xml                                             3.98MB java.lang.Class
   1.76MB svm.jar (Native Image)                               2.93MB java.lang.String
 250.18kB java.rmi                                             1.16MB com.oracle.svm.core.hub.DynamicHubCompanion
 192.48kB jdk.proxy4                                         881.09kB byte[] for reflection metadata
 150.89kB java.naming                                        834.98kB byte[] for general heap data
 148.66kB jdk.zipfs                                          594.59kB java.lang.String[]
  96.51kB jdk.naming.dns                                     528.05kB java.lang.Object[]
  84.81kB java.logging                                       514.02kB int[][]
 326.36kB for 19 more packages                                 6.02MB for 2988 more object types
------------------------------------------------------------------------------------------------------------------------
Recommendations:
 HEAP: Set max heap for improved and more predictable memory usage.
Total skippable fingerprints recorded: 0
Total phases ran: 3443349, total phases skipped: 0
Percentage of ICs missed due to large code size: 0/489 (0.00%)
------------------------------------------------------------------------------------------------------------------------
                       3.0s (6.1% of total time) in 2374 GCs | Peak RSS: 3.00GB | CPU load: 5.35
------------------------------------------------------------------------------------------------------------------------
Build artifacts:
 /tmp/bundleRoot-6715512118446689397/output/default/micronaut-hello-world (executable)
========================================================================================================================
Finished generating 'micronaut-hello-world' in 49.3s.

Native Image Bundles: Bundle build output written to /data/baristabench/benchmarks/micronaut-hello-world/target/micronaut-hello-world-1.0.7.output

