
Native Image Bundles: Loaded Bundle from /data/baristabench/benchmarks/micronaut-similarity/target/micronaut-similarity-1.0.6.nib
Native Image Bundles: Bundle created at 'Tuesday, September 9, 2025, 10:00:26 PM Coordinated Universal Time'
Native Image Bundles: Using version: '24+36' != '24+36-jvmci-b01' (vendor 'Oracle Corporation' != 'GraalVM Community') on platform: 'linux-amd64'
Warning: The option '-H:+PlatformInterfaceCompatibilityMode' is experimental and must be enabled via '-H:+UnlockExperimentalVMOptions' in the future.
Warning: The option '-H:ProfileDataDumpFileName=/workspace/benchmarks/results/current/profiling-data/micronaut-similarity-custom_open.json' is experimental and must be enabled via '-H:+UnlockExperimentalVMOptions' in the future.
Warning: The option '-H:NumberOfThreads=4' is experimental and must be enabled via '-H:+UnlockExperimentalVMOptions' in the future.
Warning: Please re-evaluate whether any experimental option is required, and either remove or unlock it. The build output lists all active experimental options, including where they come from and possible alternatives. If you think an experimental option should be considered as stable, please file an issue.
Warning: Native Image Bundles are an experimental feature.
Warning: Option 'PlatformInterfaceCompatibilityMode' is deprecated and might be removed in a future release: This option was introduced to simplify migration to GraalVM 21.2 and will be removed in a future release. Please refer to the GraalVM release notes.
========================================================================================================================
GraalVM Native Image: Generating 'micronaut-similarity' (executable)...
========================================================================================================================
For detailed information and explanations on the build output, visit:
https://github.com/oracle/graal/blob/master/docs/reference-manual/native-image/BuildOutput.md
------------------------------------------------------------------------------------------------------------------------
enableInlineCachePhase = true
enableInvokeProfilingPhase = false
enablePGODirectInvokeInlining = true
combinedInlining = true
ProfileDataDumpFileName = /workspace/benchmarks/results/current/profiling-data/micronaut-similarity-custom_open.json
useCompilerPGOData = false
profileCompiler = false
[Use -Djdk.graal.LogFile=<path> to redirect Graal log output to a file.]
Compiler PGO is disabled, compiler profiling is disabled
Loaded 11530 call sites profiles from file: /workspace/benchmarks/results/current/profiling-data/micronaut-similarity-custom_open.json
Using top 4612 call sites for PGO based inlining
Out of which 936 are indirect call sites and 3676 are direct call sites (20.294882914137034% indirect)
Representing 1847429 and 3121959586 calls respectively (0.059140305119008765% indirect)
Total calls represented: 3123807015

[1/8] Initializing...                                                                                    (2.5s @ 0.20GB)
 Java version: 24+36, vendor version: GraalVM CE 24-dev+36.1
 Graal compiler: optimization level: 3, target machine: native
 C compiler: gcc (linux, x86_64, 12.2.0)
 Garbage collector: Serial GC (max heap size: 80% of RAM)
 2 user-specific feature(s):
 - com.oracle.svm.thirdparty.gson.GsonFeature
 - io.micronaut.core.io.service.ServiceLoaderFeature
------------------------------------------------------------------------------------------------------------------------
 3 experimental option(s) unlocked:
 - '-H:+PlatformInterfaceCompatibilityMode' (origin(s): command line)
 - '-H:NumberOfThreads' (alternative API option(s): --parallelism=4; origin(s): command line)
 - '-H:ProfileDataDumpFileName' (origin(s): command line)
------------------------------------------------------------------------------------------------------------------------
Build resources:
 - 10.20GB of memory (16.9% of 60.42GB system memory, determined at start)
 - 4 thread(s) (25.0% of 16 available processor(s), set via '--parallelism=4')
Warning: The interface org.graalvm.nativeimage.hosted.Feature is not available in the current platform, but used by com.oracle.svm.core.feature.InternalFeature. GraalVM before version 21.2 ignored such interfaces, but this was an oversight. The interface is filtered because the compatibility option -H:+PlatformInterfaceCompatibilityMode is used. This option will be removed in a future GraalVM version.
[2/8] Performing analysis...  [******]                                                                  (21.0s @ 2.00GB)
   13,881 reachable types   (87.5% of   15,857 total)
   20,234 reachable fields  (52.9% of   38,223 total)
   69,476 reachable methods (61.2% of  113,529 total)
    4,844 types,   120 fields, and 1,460 methods registered for reflection
       63 types,    62 fields, and    57 methods registered for JNI access
        4 native libraries: dl, pthread, rt, z
[3/8] Building universe...                                                                               (2.3s @ 1.35GB)
[4/8] Parsing methods...      [*]                                                                        (1.5s @ 1.52GB)
[5/8] Inlining methods...     [***]                                                                     (43.7s @ 2.90GB)
[6/8] Compiling methods...    [*******]                                                                 (57.5s @ 4.18GB)
[7/8] Laying out methods...   [**]                                                                       (5.0s @ 4.74GB)
[8/8] Creating image...       [**]                                                                       (2.2s @ 4.71GB)
  51.80MB (53.49%) for code area:    46,523 compilation units
  36.50MB (37.69%) for image heap:  331,840 objects and 350 resources
   8.54MB ( 8.82%) for other data
  96.85MB in total
------------------------------------------------------------------------------------------------------------------------
Top 10 origins of code area:                                Top 10 object types in image heap:
  30.38MB micronaut-similarity-1.0.6.jar                      14.51MB byte[] for code metadata
  14.33MB java.base                                            4.42MB byte[] for java.lang.String
   2.96MB java.xml                                             3.99MB java.lang.Class
   2.00MB svm.jar (Native Image)                               2.93MB java.lang.String
 392.72kB jdk.proxy4                                           1.16MB com.oracle.svm.core.hub.DynamicHubCompanion
 325.39kB java.rmi                                           889.69kB byte[] for reflection metadata
 214.55kB java.naming                                        835.91kB byte[] for general heap data
 211.55kB jdk.zipfs                                          595.01kB java.lang.String[]
 173.26kB jdk.naming.dns                                     530.05kB java.lang.Object[]
 108.23kB java.logging                                       514.02kB int[][]
 423.88kB for 18 more packages                                 6.20MB for 2936 more object types
------------------------------------------------------------------------------------------------------------------------
Recommendations:
 HEAP: Set max heap for improved and more predictable memory usage.
Total skippable fingerprints recorded: 0
Total phases ran: 2727508, total phases skipped: 0
------------------------------------------------------------------------------------------------------------------------
                       6.5s (4.7% of total time) in 3991 GCs | Peak RSS: 10.96GB | CPU load: 3.97
------------------------------------------------------------------------------------------------------------------------
Build artifacts:
 /tmp/bundleRoot-5793260830634794204/output/default/micronaut-similarity (executable)
========================================================================================================================
Finished generating 'micronaut-similarity' in 2m 16s.

Native Image Bundles: Bundle build output written to /data/baristabench/benchmarks/micronaut-similarity/target/micronaut-similarity-1.0.6.output

