
Native Image Bundles: Loaded Bundle from /data/baristabench/benchmarks/micronaut-similarity/target/micronaut-similarity-1.0.6.nib
Native Image Bundles: Bundle created at 'Tuesday, September 9, 2025, 10:00:26 PM Coordinated Universal Time'
Native Image Bundles: Using version: '24+36' != '24+36-jvmci-b01' (vendor 'Oracle Corporation' != 'GraalVM Community') on platform: 'linux-amd64'
Warning: The option '-H:+PlatformInterfaceCompatibilityMode' is experimental and must be enabled via '-H:+UnlockExperimentalVMOptions' in the future.
Warning: The option '-H:ProfileDataDumpFileName=/workspace/benchmarks/results/current/profiling-data/micronaut-similarity-custom_open.json' is experimental and must be enabled via '-H:+UnlockExperimentalVMOptions' in the future.
Warning: The option '-H:NumberOfThreads=4' is experimental and must be enabled via '-H:+UnlockExperimentalVMOptions' in the future.
Warning: Please re-evaluate whether any experimental option is required, and either remove or unlock it. The build output lists all active experimental options, including where they come from and possible alternatives. If you think an experimental option should be considered as stable, please file an issue.
Warning: Native Image Bundles are an experimental feature.
Warning: Option 'PlatformInterfaceCompatibilityMode' is deprecated and might be removed in a future release: This option was introduced to simplify migration to GraalVM 21.2 and will be removed in a future release. Please refer to the GraalVM release notes.
========================================================================================================================
GraalVM Native Image: Generating 'micronaut-similarity' (executable)...
========================================================================================================================
For detailed information and explanations on the build output, visit:
https://github.com/oracle/graal/blob/master/docs/reference-manual/native-image/BuildOutput.md
------------------------------------------------------------------------------------------------------------------------
enableInlineCachePhase = true
enableInvokeProfilingPhase = false
enablePGODirectInvokeInlining = true
combinedInlining = false
ProfileDataDumpFileName = /workspace/benchmarks/results/current/profiling-data/micronaut-similarity-custom_open.json
useCompilerPGOData = false
profileCompiler = false
[Use -Djdk.graal.LogFile=<path> to redirect Graal log output to a file.]
Compiler PGO is disabled, compiler profiling is disabled
Loaded 11670 call sites profiles from file: /workspace/benchmarks/results/current/profiling-data/micronaut-similarity-custom_open.json
Using top 4668 call sites for PGO based inlining
Out of which 937 are indirect call sites and 3731 are direct call sites
Representing 3544499 and 6331686574 calls respectively

[1/8] Initializing...                                                                                    (4.2s @ 0.22GB)
 Java version: 24+36, vendor version: GraalVM CE 24-dev+36.1
 Graal compiler: optimization level: 3, target machine: native
 C compiler: gcc (linux, x86_64, 12.2.0)
 Garbage collector: Serial GC (max heap size: 80% of RAM)
 2 user-specific feature(s):
 - com.oracle.svm.thirdparty.gson.GsonFeature
 - io.micronaut.core.io.service.ServiceLoaderFeature
------------------------------------------------------------------------------------------------------------------------
 3 experimental option(s) unlocked:
 - '-H:+PlatformInterfaceCompatibilityMode' (origin(s): command line)
 - '-H:NumberOfThreads' (alternative API option(s): --parallelism=4; origin(s): command line)
 - '-H:ProfileDataDumpFileName' (origin(s): command line)
------------------------------------------------------------------------------------------------------------------------
Build resources:
 - 26.49GB of memory (43.8% of 60.42GB system memory, determined at start)
 - 4 thread(s) (25.0% of 16 available processor(s), set via '--parallelism=4')
Warning: The interface org.graalvm.nativeimage.hosted.Feature is not available in the current platform, but used by com.oracle.svm.core.feature.InternalFeature. GraalVM before version 21.2 ignored such interfaces, but this was an oversight. The interface is filtered because the compatibility option -H:+PlatformInterfaceCompatibilityMode is used. This option will be removed in a future GraalVM version.
[2/8] Performing analysis...  [*****]                                                                   (29.7s @ 1.64GB)
   13,880 reachable types   (87.5% of   15,869 total)
   20,234 reachable fields  (52.9% of   38,223 total)
   69,381 reachable methods (61.1% of  113,563 total)
    4,711 types,   120 fields, and 1,309 methods registered for reflection
       63 types,    62 fields, and    57 methods registered for JNI access
        4 native libraries: dl, pthread, rt, z
[3/8] Building universe...                                                                               (3.1s @ 1.36GB)
[4/8] Parsing methods...      [*]                                                                        (1.9s @ 1.53GB)
[5/8] Inlining methods...     [**]                                                                      (26.4s @ 1.71GB)
[6/8] Compiling methods...    [****]                                                                    (12.4s @ 1.54GB)
[7/8] Laying out methods...   [**]                                                                       (3.2s @ 2.08GB)
[8/8] Creating image...       [**]                                                                       (2.8s @ 2.40GB)
  25.42MB (38.76%) for code area:    60,521 compilation units
  30.56MB (46.60%) for image heap:  330,814 objects and 350 resources
   9.60MB (14.63%) for other data
  65.58MB in total
------------------------------------------------------------------------------------------------------------------------
Top 10 origins of code area:                                Top 10 object types in image heap:
  10.35MB micronaut-similarity-1.0.6.jar                       8.89MB byte[] for code metadata
   9.55MB java.base                                            4.41MB byte[] for java.lang.String
   2.18MB java.xml                                             3.99MB java.lang.Class
   1.72MB svm.jar (Native Image)                               2.93MB java.lang.String
 250.27kB java.rmi                                             1.16MB com.oracle.svm.core.hub.DynamicHubCompanion
 200.70kB jdk.proxy4                                         867.65kB byte[] for reflection metadata
 150.89kB java.naming                                        835.87kB byte[] for general heap data
 148.66kB jdk.zipfs                                          594.41kB java.lang.String[]
  96.51kB jdk.naming.dns                                     527.21kB java.lang.Object[]
  84.81kB java.logging                                       514.02kB int[][]
 310.52kB for 19 more packages                                 5.92MB for 2993 more object types
------------------------------------------------------------------------------------------------------------------------
Recommendations:
 HEAP: Set max heap for improved and more predictable memory usage.
Total skippable fingerprints recorded: 0
Total phases ran: 3421812, total phases skipped: 0
Percentage of ICs missed due to large code size: 0/832 (0.00%)
------------------------------------------------------------------------------------------------------------------------
                       4.9s (5.8% of total time) in 2104 GCs | Peak RSS: 3.22GB | CPU load: 4.42
------------------------------------------------------------------------------------------------------------------------
Build artifacts:
 /tmp/bundleRoot-9632967520662165719/output/default/micronaut-similarity (executable)
========================================================================================================================
Finished generating 'micronaut-similarity' in 1m 25s.

Native Image Bundles: Bundle build output written to /data/baristabench/benchmarks/micronaut-similarity/target/micronaut-similarity-1.0.6.output

