
Native Image Bundles: Loaded Bundle from /data/baristabench/benchmarks/micronaut-shopcart/target/shopcart-0.3.10.nib
Native Image Bundles: Bundle created at 'Tuesday, September 9, 2025, 10:00:19 PM Coordinated Universal Time'
Native Image Bundles: Using version: '24+36' != '24+36-jvmci-b01' (vendor 'Oracle Corporation' != 'GraalVM Community') on platform: 'linux-amd64'
Warning: The option '-H:ProfileDataDumpFileName=/workspace/benchmarks/results/current/profiling-data/micronaut-shopcart-custom_open.json' is experimental and must be enabled via '-H:+UnlockExperimentalVMOptions' in the future.
Warning: The option '-H:+PlatformInterfaceCompatibilityMode' is experimental and must be enabled via '-H:+UnlockExperimentalVMOptions' in the future.
Warning: The option '-H:NumberOfThreads=4' is experimental and must be enabled via '-H:+UnlockExperimentalVMOptions' in the future.
Warning: Please re-evaluate whether any experimental option is required, and either remove or unlock it. The build output lists all active experimental options, including where they come from and possible alternatives. If you think an experimental option should be considered as stable, please file an issue.
Warning: Native Image Bundles are an experimental feature.
Warning: Option 'PlatformInterfaceCompatibilityMode' is deprecated and might be removed in a future release: This option was introduced to simplify migration to GraalVM 21.2 and will be removed in a future release. Please refer to the GraalVM release notes.
========================================================================================================================
GraalVM Native Image: Generating 'micronaut-shopcart' (executable)...
========================================================================================================================
For detailed information and explanations on the build output, visit:
https://github.com/oracle/graal/blob/master/docs/reference-manual/native-image/BuildOutput.md
------------------------------------------------------------------------------------------------------------------------
enableInlineCachePhase = true
enableInvokeProfilingPhase = false
enablePGODirectInvokeInlining = true
combinedInlining = true
ProfileDataDumpFileName = /workspace/benchmarks/results/current/profiling-data/micronaut-shopcart-custom_open.json
useCompilerPGOData = false
profileCompiler = false
[Use -Djdk.graal.LogFile=<path> to redirect Graal log output to a file.]
Compiler PGO is disabled, compiler profiling is disabled
Loaded 11987 call sites profiles from file: /workspace/benchmarks/results/current/profiling-data/micronaut-shopcart-custom_open.json
Using top 4795 call sites for PGO based inlining
Out of which 1086 are indirect call sites and 3709 are direct call sites (22.64859228362878% indirect)
Representing 2190618995 and 6713189469 calls respectively (24.603168451535552% indirect)
Total calls represented: 8903808464

[1/8] Initializing...                                                                                    (2.7s @ 0.28GB)
 Java version: 24+36, vendor version: GraalVM CE 24-dev+36.1
 Graal compiler: optimization level: 0, target machine: native
 C compiler: gcc (linux, x86_64, 12.2.0)
 Garbage collector: Serial GC (max heap size: 80% of RAM)
 3 user-specific feature(s):
 - com.oracle.svm.thirdparty.gson.GsonFeature
 - io.micronaut.cache.caffeine.graal.CaffeineFeature
 - io.micronaut.core.io.service.ServiceLoaderFeature
------------------------------------------------------------------------------------------------------------------------
 3 experimental option(s) unlocked:
 - '-H:+PlatformInterfaceCompatibilityMode' (origin(s): command line)
 - '-H:NumberOfThreads' (alternative API option(s): --parallelism=4; origin(s): command line)
 - '-H:ProfileDataDumpFileName' (origin(s): command line)
------------------------------------------------------------------------------------------------------------------------
Build resources:
 - 11.06GB of memory (18.3% of 60.42GB system memory, determined at start)
 - 4 thread(s) (25.0% of 16 available processor(s), set via '--parallelism=4')
Warning: The interface org.graalvm.nativeimage.hosted.Feature is not available in the current platform, but used by com.oracle.svm.core.feature.InternalFeature. GraalVM before version 21.2 ignored such interfaces, but this was an oversight. The interface is filtered because the compatibility option -H:+PlatformInterfaceCompatibilityMode is used. This option will be removed in a future GraalVM version.
[2/8] Performing analysis...  [******]                                                                  (23.4s @ 2.27GB)
   15,447 reachable types   (89.3% of   17,296 total)
   22,663 reachable fields  (53.9% of   42,081 total)
   76,321 reachable methods (62.5% of  122,044 total)
    5,355 types,   210 fields, and 1,651 methods registered for reflection
       63 types,    62 fields, and    57 methods registered for JNI access
        4 native libraries: dl, pthread, rt, z
[3/8] Building universe...                                                                               (2.6s @ 2.51GB)
[4/8] Parsing methods...      [*]                                                                        (1.5s @ 2.79GB)
[5/8] Inlining methods...     [**]                                                                      (26.1s @ 3.06GB)
[6/8] Compiling methods...    [****]                                                                    (13.8s @ 3.27GB)
[7/8] Laying out methods...   [**]                                                                       (3.9s @ 3.14GB)
[8/8] Creating image...       [**]                                                                       (2.5s @ 3.46GB)
  34.07MB (42.40%) for code area:    67,009 compilation units
  35.31MB (43.95%) for image heap:  360,475 objects and 419 resources
  10.96MB (13.64%) for other data
  80.34MB in total
------------------------------------------------------------------------------------------------------------------------
Top 10 origins of code area:                                Top 10 object types in image heap:
  15.82MB shopcart-0.3.10.jar                                 11.49MB byte[] for code metadata
  11.62MB java.base                                            4.79MB byte[] for java.lang.String
   2.54MB java.xml                                             4.58MB java.lang.Class
   2.19MB svm.jar (Native Image)                               3.13MB java.lang.String
 286.02kB java.rmi                                             1.30MB com.oracle.svm.core.hub.DynamicHubCompanion
 285.13kB jdk.proxy4                                         990.97kB byte[] for reflection metadata
 179.76kB java.naming                                        838.30kB byte[] for general heap data
 178.35kB jdk.zipfs                                          635.08kB java.lang.String[]
 108.73kB jdk.naming.dns                                     582.27kB java.lang.Object[]
 101.10kB java.logging                                       564.65kB c.o.svm.core.hub.DynamicHub$ReflectionMetadata
 340.72kB for 19 more packages                                 6.51MB for 3152 more object types
------------------------------------------------------------------------------------------------------------------------
Recommendations:
 HEAP: Set max heap for improved and more predictable memory usage.
Total skippable fingerprints recorded: 0
Total phases ran: 3727823, total phases skipped: 0
------------------------------------------------------------------------------------------------------------------------
                       4.5s (5.8% of total time) in 4174 GCs | Peak RSS: 4.46GB | CPU load: 4.93
------------------------------------------------------------------------------------------------------------------------
Build artifacts:
 /tmp/bundleRoot-7705622872927388303/output/default/micronaut-shopcart (executable)
========================================================================================================================
Finished generating 'micronaut-shopcart' in 1m 17s.

Native Image Bundles: Bundle build output written to /data/baristabench/benchmarks/micronaut-shopcart/target/shopcart-0.3.10.output

