Warning: The option '-H:+PlatformInterfaceCompatibilityMode' is experimental and must be enabled via '-H:+UnlockExperimentalVMOptions' in the future.
Warning: The option '-H:ProfileDataDumpFileName=/workspace/benchmarks/results/current/profiling-data/pmd-custom_open.json' is experimental and must be enabled via '-H:+UnlockExperimentalVMOptions' in the future.
Warning: The option '-H:NumberOfThreads=4' is experimental and must be enabled via '-H:+UnlockExperimentalVMOptions' in the future.
Warning: Please re-evaluate whether any experimental option is required, and either remove or unlock it. The build output lists all active experimental options, including where they come from and possible alternatives. If you think an experimental option should be considered as stable, please file an issue.
Warning: Option 'PlatformInterfaceCompatibilityMode' is deprecated and might be removed in a future release: This option was introduced to simplify migration to GraalVM 21.2 and will be removed in a future release. Please refer to the GraalVM release notes.
========================================================================================================================
GraalVM Native Image: Generating 'pmd' (executable)...
========================================================================================================================
For detailed information and explanations on the build output, visit:
https://github.com/oracle/graal/blob/master/docs/reference-manual/native-image/BuildOutput.md
------------------------------------------------------------------------------------------------------------------------
[Use -Djdk.graal.LogFile=<path> to redirect Graal log output to a file.]
Compiler PGO is disabled, compiler profiling is enabled
Loaded 16453 call sites profiles from file: /workspace/benchmarks/results/current/profiling-data/pmd-custom_open.json
Using top 6581 call sites for PGO based inlining
Out of which 1139 are indirect call sites and 5442 are direct call sites
Representing 491260902 and 1180888685 calls respectively

[1/8] Initializing...                                                                                    (2.4s @ 0.19GB)
 Java version: 24+36, vendor version: GraalVM CE 24-dev+36.1
 Graal compiler: optimization level: 3, target machine: x86-64-v3
 C compiler: gcc (linux, x86_64, 12.2.0)
 Garbage collector: Serial GC (max heap size: 80% of RAM)
 1 user-specific feature(s):
 - com.oracle.svm.thirdparty.gson.GsonFeature
------------------------------------------------------------------------------------------------------------------------
 3 experimental option(s) unlocked:
 - '-H:+PlatformInterfaceCompatibilityMode' (origin(s): command line)
 - '-H:NumberOfThreads' (alternative API option(s): --parallelism=4; origin(s): command line)
 - '-H:ProfileDataDumpFileName' (origin(s): command line)
------------------------------------------------------------------------------------------------------------------------
Build resources:
 - 19.10GB of memory (31.6% of 60.42GB system memory, determined at start)
 - 4 thread(s) (25.0% of 16 available processor(s), set via '--parallelism=4')
Warning: The interface org.graalvm.nativeimage.hosted.Feature is not available in the current platform, but used by com.oracle.svm.core.feature.InternalFeature. GraalVM before version 21.2 ignored such interfaces, but this was an oversight. The interface is filtered because the compatibility option -H:+PlatformInterfaceCompatibilityMode is used. This option will be removed in a future GraalVM version.
[2/8] Performing analysis...  [*****]                                                                    (8.8s @ 1.14GB)
   10,956 reachable types   (83.9% of   13,061 total)
   18,399 reachable fields  (49.9% of   36,859 total)
   52,906 reachable methods (50.6% of  104,589 total)
    5,121 types,   893 fields, and 1,862 methods registered for reflection
       58 types,    59 fields, and    52 methods registered for JNI access
        4 native libraries: dl, pthread, rt, z
[3/8] Building universe...                                                                               (1.9s @ 1.33GB)
[4/8] Parsing methods...      [*]                                                                        (1.0s @ 1.46GB)
[5/8] Inlining methods...     [**]                                                                      (16.7s @ 1.97GB)
[6/8] Compiling methods...    [****]                                                                    (16.7s @ 4.67GB)
[7/8] Laying out methods...   [**]                                                                       (3.0s @ 5.18GB)
[8/8] Creating image...       [*]                                                                        (2.0s @ 5.40GB)
  28.25MB (42.44%) for code area:    42,139 compilation units
  32.38MB (48.63%) for image heap:  312,815 objects and 681 resources
   5.95MB ( 8.94%) for other data
  66.58MB in total
------------------------------------------------------------------------------------------------------------------------
Top 10 origins of code area:                                Top 10 object types in image heap:
   6.29MB pmd-java-6.55.0.jar                                  9.45MB byte[] for code metadata
   5.73MB saxon-9.1.0.8.jar                                    4.16MB byte[] for java.lang.String
   5.45MB java.base                                            3.01MB java.lang.String
   2.41MB java.xml                                             2.81MB java.lang.Class
   2.03MB java.desktop                                         2.64MB byte[] for embedded resources
   1.95MB xercesImpl.jar                                       2.05MB byte[] for reflection metadata
   1.50MB svm.jar (Native Image)                             941.53kB com.oracle.svm.core.hub.DynamicHubCompanion
   1.34MB pmd-core-6.55.0.jar                                814.22kB byte[] for general heap data
 248.35kB asm-9.4.jar                                        654.29kB java.lang.String[]
 240.26kB dacapo-23.11-MR2-chopin.jar                        513.12kB int[][]
 808.46kB for 19 more packages                                 5.41MB for 1834 more object types
------------------------------------------------------------------------------------------------------------------------
Recommendations:
 AWT:  Use the tracing agent to collect metadata for AWT.
 HEAP: Set max heap for improved and more predictable memory usage.
 CPU:  Enable more CPU features with '-march=native' for improved performance.
Total skippable fingerprints recorded: 567138
Total phases ran: 2394097, total phases skipped: 0
------------------------------------------------------------------------------------------------------------------------
                        3.0s (5.7% of total time) in 855 GCs | Peak RSS: 6.67GB | CPU load: 5.28
------------------------------------------------------------------------------------------------------------------------
Build artifacts:
 /data/dacapobench/libawt.so (jdk_library)
 /data/dacapobench/libawt_headless.so (jdk_library)
 /data/dacapobench/libawt_xawt.so (jdk_library)
 /data/dacapobench/libfontmanager.so (jdk_library)
 /data/dacapobench/libjava.so (jdk_library_shim)
 /data/dacapobench/libjavajpeg.so (jdk_library)
 /data/dacapobench/libjvm.so (jdk_library_shim)
 /data/dacapobench/liblcms.so (jdk_library)
 /data/dacapobench/pmd (executable)
========================================================================================================================
Finished generating 'pmd' in 53.3s.
