Warning: The option '-H:+PlatformInterfaceCompatibilityMode' is experimental and must be enabled via '-H:+UnlockExperimentalVMOptions' in the future.
Warning: The option '-H:NumberOfThreads=4' is experimental and must be enabled via '-H:+UnlockExperimentalVMOptions' in the future.
Warning: Please re-evaluate whether any experimental option is required, and either remove or unlock it. The build output lists all active experimental options, including where they come from and possible alternatives. If you think an experimental option should be considered as stable, please file an issue.
Warning: Option 'PlatformInterfaceCompatibilityMode' is deprecated and might be removed in a future release: This option was introduced to simplify migration to GraalVM 21.2 and will be removed in a future release. Please refer to the GraalVM release notes.
========================================================================================================================
GraalVM Native Image: Generating 'pmd' (executable)...
========================================================================================================================
For detailed information and explanations on the build output, visit:
https://github.com/oracle/graal/blob/master/docs/reference-manual/native-image/BuildOutput.md
------------------------------------------------------------------------------------------------------------------------
enableInlineCachePhase = false
enableInvokeProfilingPhase = false
enablePGODirectInvokeInlining = false
combinedInlining = false
ProfileDataDumpFileName = null
useCompilerPGOData = false
profileCompiler = false
[Use -Djdk.graal.LogFile=<path> to redirect Graal log output to a file.]
Compiler PGO is disabled, compiler profiling is disabled
[1/8] Initializing...                                                                                    (1.7s @ 0.31GB)
 Java version: 24+36, vendor version: GraalVM CE 24-dev+36.1
 Graal compiler: optimization level: 0, target machine: x86-64-v3
 C compiler: gcc (linux, x86_64, 12.2.0)
 Garbage collector: Serial GC (max heap size: 80% of RAM)
 1 user-specific feature(s):
 - com.oracle.svm.thirdparty.gson.GsonFeature
------------------------------------------------------------------------------------------------------------------------
 2 experimental option(s) unlocked:
 - '-H:+PlatformInterfaceCompatibilityMode' (origin(s): command line)
 - '-H:NumberOfThreads' (alternative API option(s): --parallelism=4; origin(s): command line)
------------------------------------------------------------------------------------------------------------------------
Build resources:
 - 26.25GB of memory (43.4% of 60.42GB system memory, determined at start)
 - 4 thread(s) (25.0% of 16 available processor(s), set via '--parallelism=4')
Warning: The interface org.graalvm.nativeimage.hosted.Feature is not available in the current platform, but used by com.oracle.svm.core.feature.InternalFeature. GraalVM before version 21.2 ignored such interfaces, but this was an oversight. The interface is filtered because the compatibility option -H:+PlatformInterfaceCompatibilityMode is used. This option will be removed in a future GraalVM version.
[2/8] Performing analysis...  [******]                                                                   (8.2s @ 1.32GB)
   11,173 reachable types   (85.3% of   13,099 total)
   18,410 reachable fields  (49.9% of   36,890 total)
   52,978 reachable methods (50.3% of  105,280 total)
    5,124 types,   906 fields, and 1,867 methods registered for reflection
       58 types,    59 fields, and    52 methods registered for JNI access
        4 native libraries: dl, pthread, rt, z
[3/8] Building universe...                                                                               (1.8s @ 1.55GB)
[4/8] Parsing methods...      [*]                                                                        (1.1s @ 1.74GB)
[5/8] Inlining methods...     [**]                                                                       (0.6s @ 1.81GB)
[6/8] Compiling methods...    [***]                                                                      (9.3s @ 2.80GB)
[7/8] Laying out methods...   [**]                                                                       (2.1s @ 3.18GB)
[8/8] Creating image...       [*]                                                                        (1.9s @ 3.40GB)
  22.54MB (38.63%) for code area:    43,338 compilation units
  29.81MB (51.09%) for image heap:  315,111 objects and 681 resources
   6.00MB (10.28%) for other data
  58.35MB in total
------------------------------------------------------------------------------------------------------------------------
Top 10 origins of code area:                                Top 10 object types in image heap:
   6.48MB java.base                                            7.06MB byte[] for code metadata
   3.05MB saxon-9.1.0.8.jar                                    4.18MB byte[] for java.lang.String
   2.83MB java.xml                                             3.02MB java.lang.String
   2.38MB java.desktop                                         2.85MB java.lang.Class
   2.27MB xercesImpl.jar                                       2.64MB byte[] for embedded resources
   1.73MB svm.jar (Native Image)                               2.05MB byte[] for reflection metadata
   1.44MB pmd-java-6.55.0.jar                                960.18kB com.oracle.svm.core.hub.DynamicHubCompanion
 819.13kB pmd-core-6.55.0.jar                                814.23kB byte[] for general heap data
 271.84kB dacapo-23.11-MR2-chopin.jar                        656.61kB java.lang.String[]
 172.00kB jdk.zipfs                                          513.12kB int[][]
 858.74kB for 19 more packages                                 5.14MB for 1834 more object types
------------------------------------------------------------------------------------------------------------------------
Recommendations:
 AWT:  Use the tracing agent to collect metadata for AWT.
 HEAP: Set max heap for improved and more predictable memory usage.
 CPU:  Enable more CPU features with '-march=native' for improved performance.
Total skippable fingerprints recorded: 0
Total phases ran: 2413889, total phases skipped: 0
------------------------------------------------------------------------------------------------------------------------
                        2.1s (7.5% of total time) in 751 GCs | Peak RSS: 4.25GB | CPU load: 6.48
------------------------------------------------------------------------------------------------------------------------
Build artifacts:
 /data/dacapobench/libawt.so (jdk_library)
 /data/dacapobench/libawt_headless.so (jdk_library)
 /data/dacapobench/libawt_xawt.so (jdk_library)
 /data/dacapobench/libfontmanager.so (jdk_library)
 /data/dacapobench/libjava.so (jdk_library_shim)
 /data/dacapobench/libjavajpeg.so (jdk_library)
 /data/dacapobench/libjvm.so (jdk_library_shim)
 /data/dacapobench/liblcms.so (jdk_library)
 /data/dacapobench/pmd (executable)
========================================================================================================================
Finished generating 'pmd' in 27.5s.
