Warning: The option '-H:+PlatformInterfaceCompatibilityMode' is experimental and must be enabled via '-H:+UnlockExperimentalVMOptions' in the future.
Warning: The option '-H:ProfileDataDumpFileName=/workspace/benchmarks/results/current/profiling-data/pmd-custom_open.json' is experimental and must be enabled via '-H:+UnlockExperimentalVMOptions' in the future.
Warning: The option '-H:NumberOfThreads=4' is experimental and must be enabled via '-H:+UnlockExperimentalVMOptions' in the future.
Warning: Please re-evaluate whether any experimental option is required, and either remove or unlock it. The build output lists all active experimental options, including where they come from and possible alternatives. If you think an experimental option should be considered as stable, please file an issue.
Warning: Option 'PlatformInterfaceCompatibilityMode' is deprecated and might be removed in a future release: This option was introduced to simplify migration to GraalVM 21.2 and will be removed in a future release. Please refer to the GraalVM release notes.
========================================================================================================================
GraalVM Native Image: Generating 'pmd' (executable)...
========================================================================================================================
For detailed information and explanations on the build output, visit:
https://github.com/oracle/graal/blob/master/docs/reference-manual/native-image/BuildOutput.md
------------------------------------------------------------------------------------------------------------------------
enableInlineCachePhase = true
enableInvokeProfilingPhase = false
enablePGODirectInvokeInlining = true
combinedInlining = false
ProfileDataDumpFileName = /workspace/benchmarks/results/current/profiling-data/pmd-custom_open.json
useCompilerPGOData = false
profileCompiler = false
[Use -Djdk.graal.LogFile=<path> to redirect Graal log output to a file.]
Compiler PGO is disabled, compiler profiling is disabled
Loaded 10609 call sites profiles from file: /workspace/benchmarks/results/current/profiling-data/pmd-custom_open.json
Using top 4244 call sites for PGO based inlining
Out of which 1146 are indirect call sites and 3098 are direct call sites
Representing 433405368 and 479170834 calls respectively (47.49251263074248% indirect)

[1/8] Initializing...                                                                                    (2.7s @ 0.26GB)
 Java version: 24+36, vendor version: GraalVM CE 24-dev+36.1
 Graal compiler: optimization level: 3, target machine: x86-64-v3
 C compiler: gcc (linux, x86_64, 12.2.0)
 Garbage collector: Serial GC (max heap size: 80% of RAM)
 1 user-specific feature(s):
 - com.oracle.svm.thirdparty.gson.GsonFeature
------------------------------------------------------------------------------------------------------------------------
 3 experimental option(s) unlocked:
 - '-H:+PlatformInterfaceCompatibilityMode' (origin(s): command line)
 - '-H:NumberOfThreads' (alternative API option(s): --parallelism=4; origin(s): command line)
 - '-H:ProfileDataDumpFileName' (origin(s): command line)
------------------------------------------------------------------------------------------------------------------------
Build resources:
 - 15.62GB of memory (25.9% of 60.42GB system memory, determined at start)
 - 4 thread(s) (25.0% of 16 available processor(s), set via '--parallelism=4')
Warning: The interface org.graalvm.nativeimage.hosted.Feature is not available in the current platform, but used by com.oracle.svm.core.feature.InternalFeature. GraalVM before version 21.2 ignored such interfaces, but this was an oversight. The interface is filtered because the compatibility option -H:+PlatformInterfaceCompatibilityMode is used. This option will be removed in a future GraalVM version.
[2/8] Performing analysis...  [****]                                                                    (19.5s @ 1.83GB)
   10,956 reachable types   (83.9% of   13,060 total)
   18,399 reachable fields  (49.9% of   36,872 total)
   52,975 reachable methods (50.6% of  104,623 total)
    5,184 types,   893 fields, and 1,947 methods registered for reflection
       58 types,    59 fields, and    52 methods registered for JNI access
        4 native libraries: dl, pthread, rt, z
[3/8] Building universe...                                                                               (1.9s @ 2.01GB)
[4/8] Parsing methods...      [*]                                                                        (1.2s @ 1.02GB)
[5/8] Inlining methods...     [**]                                                                      (24.9s @ 1.52GB)
[6/8] Compiling methods...    [*****]                                                                   (21.4s @ 5.64GB)
[7/8] Laying out methods...   [**]                                                                       (3.2s @ 6.26GB)
[8/8] Creating image...       [*]                                                                        (2.0s @ 6.36GB)
  28.77MB (42.68%) for code area:    42,515 compilation units
  32.69MB (48.49%) for image heap:  313,364 objects and 681 resources
   5.96MB ( 8.83%) for other data
  67.42MB in total
------------------------------------------------------------------------------------------------------------------------
Top 10 origins of code area:                                Top 10 object types in image heap:
   7.67MB pmd-java-6.55.0.jar                                  9.74MB byte[] for code metadata
   5.55MB java.base                                            4.17MB byte[] for java.lang.String
   5.12MB saxon-9.1.0.8.jar                                    3.01MB java.lang.String
   2.41MB java.xml                                             2.81MB java.lang.Class
   2.03MB java.desktop                                         2.64MB byte[] for embedded resources
   1.95MB xercesImpl.jar                                       2.06MB byte[] for reflection metadata
   1.50MB svm.jar (Native Image)                             941.53kB com.oracle.svm.core.hub.DynamicHubCompanion
   1.07MB pmd-core-6.55.0.jar                                814.19kB byte[] for general heap data
 240.86kB dacapo-23.11-MR2-chopin.jar                        654.84kB java.lang.String[]
 168.94kB asm-9.4.jar                                        513.12kB int[][]
 806.88kB for 19 more packages                                 5.41MB for 1834 more object types
------------------------------------------------------------------------------------------------------------------------
Recommendations:
 AWT:  Use the tracing agent to collect metadata for AWT.
 HEAP: Set max heap for improved and more predictable memory usage.
 CPU:  Enable more CPU features with '-march=native' for improved performance.
Total skippable fingerprints recorded: 0
Total phases ran: 2414488, total phases skipped: 0
Percentage of ICs missed due to large code size: 0/457 (0.00%)
------------------------------------------------------------------------------------------------------------------------
                       4.3s (5.6% of total time) in 2933 GCs | Peak RSS: 7.91GB | CPU load: 4.75
------------------------------------------------------------------------------------------------------------------------
Build artifacts:
 /data/dacapobench/libawt.so (jdk_library)
 /data/dacapobench/libawt_headless.so (jdk_library)
 /data/dacapobench/libawt_xawt.so (jdk_library)
 /data/dacapobench/libfontmanager.so (jdk_library)
 /data/dacapobench/libjava.so (jdk_library_shim)
 /data/dacapobench/libjavajpeg.so (jdk_library)
 /data/dacapobench/libjvm.so (jdk_library_shim)
 /data/dacapobench/liblcms.so (jdk_library)
 /data/dacapobench/pmd (executable)
========================================================================================================================
Finished generating 'pmd' in 1m 17s.
