Warning: The option '-H:+PlatformInterfaceCompatibilityMode' is experimental and must be enabled via '-H:+UnlockExperimentalVMOptions' in the future.
Warning: The option '-H:NumberOfThreads=4' is experimental and must be enabled via '-H:+UnlockExperimentalVMOptions' in the future.
Warning: Please re-evaluate whether any experimental option is required, and either remove or unlock it. The build output lists all active experimental options, including where they come from and possible alternatives. If you think an experimental option should be considered as stable, please file an issue.
Warning: Option 'PlatformInterfaceCompatibilityMode' is deprecated and might be removed in a future release: This option was introduced to simplify migration to GraalVM 21.2 and will be removed in a future release. Please refer to the GraalVM release notes.
========================================================================================================================
GraalVM Native Image: Generating 'pmd' (executable)...
========================================================================================================================
For detailed information and explanations on the build output, visit:
https://github.com/oracle/graal/blob/master/docs/reference-manual/native-image/BuildOutput.md
------------------------------------------------------------------------------------------------------------------------
enableInlineCachePhase = false
enableInvokeProfilingPhase = false
enablePGODirectInvokeInlining = false
combinedInlining = false
ProfileDataDumpFileName = null
useCompilerPGOData = false
profileCompiler = false
[Use -Djdk.graal.LogFile=<path> to redirect Graal log output to a file.]
Compiler PGO is disabled, compiler profiling is disabled
[1/8] Initializing...                                                                                    (1.8s @ 0.30GB)
 Java version: 24+36, vendor version: GraalVM CE 24-dev+36.1
 Graal compiler: optimization level: s, target machine: x86-64-v3
 C compiler: gcc (linux, x86_64, 12.2.0)
 Garbage collector: Serial GC (max heap size: 80% of RAM)
 1 user-specific feature(s):
 - com.oracle.svm.thirdparty.gson.GsonFeature
------------------------------------------------------------------------------------------------------------------------
 2 experimental option(s) unlocked:
 - '-H:+PlatformInterfaceCompatibilityMode' (origin(s): command line)
 - '-H:NumberOfThreads' (alternative API option(s): --parallelism=4; origin(s): command line)
------------------------------------------------------------------------------------------------------------------------
Build resources:
 - 26.15GB of memory (43.3% of 60.42GB system memory, determined at start)
 - 4 thread(s) (25.0% of 16 available processor(s), set via '--parallelism=4')
Warning: The interface org.graalvm.nativeimage.hosted.Feature is not available in the current platform, but used by com.oracle.svm.core.feature.InternalFeature. GraalVM before version 21.2 ignored such interfaces, but this was an oversight. The interface is filtered because the compatibility option -H:+PlatformInterfaceCompatibilityMode is used. This option will be removed in a future GraalVM version.
[2/8] Performing analysis...  [*****]                                                                    (7.6s @ 1.14GB)
   10,956 reachable types   (83.9% of   13,060 total)
   18,399 reachable fields  (49.9% of   36,861 total)
   52,908 reachable methods (50.6% of  104,483 total)
    5,119 types,   893 fields, and 1,861 methods registered for reflection
       58 types,    59 fields, and    52 methods registered for JNI access
        4 native libraries: dl, pthread, rt, z
[3/8] Building universe...                                                                               (1.7s @ 1.34GB)
[4/8] Parsing methods...      [*]                                                                        (0.9s @ 1.45GB)
[5/8] Inlining methods...     [***]                                                                      (1.3s @ 1.01GB)
[6/8] Compiling methods...    [***]                                                                      (7.7s @ 1.24GB)
[7/8] Laying out methods...   [*]                                                                        (1.7s @ 1.56GB)
[8/8] Creating image...       [*]                                                                        (1.8s @ 1.77GB)
  16.01MB (32.36%) for code area:    32,809 compilation units
  28.19MB (56.97%) for image heap:  312,660 objects and 681 resources
   5.28MB (10.67%) for other data
  49.47MB in total
------------------------------------------------------------------------------------------------------------------------
Top 10 origins of code area:                                Top 10 object types in image heap:
   4.73MB java.base                                            5.38MB byte[] for code metadata
   2.18MB saxon-9.1.0.8.jar                                    4.16MB byte[] for java.lang.String
   1.93MB java.xml                                             3.00MB java.lang.String
   1.80MB java.desktop                                         2.81MB java.lang.Class
   1.56MB xercesImpl.jar                                       2.64MB byte[] for embedded resources
   1.13MB svm.jar (Native Image)                               2.05MB byte[] for reflection metadata
   1.01MB pmd-java-6.55.0.jar                                941.53kB com.oracle.svm.core.hub.DynamicHubCompanion
 570.02kB pmd-core-6.55.0.jar                                814.33kB byte[] for general heap data
 184.07kB dacapo-23.11-MR2-chopin.jar                        653.86kB java.lang.String[]
 129.53kB jdk.zipfs                                          513.12kB int[][]
 600.77kB for 19 more packages                                 5.29MB for 1791 more object types
------------------------------------------------------------------------------------------------------------------------
Recommendations:
 AWT:  Use the tracing agent to collect metadata for AWT.
 HEAP: Set max heap for improved and more predictable memory usage.
 CPU:  Enable more CPU features with '-march=native' for improved performance.
Total skippable fingerprints recorded: 0
Total phases ran: 1695811, total phases skipped: 0
------------------------------------------------------------------------------------------------------------------------
                        1.8s (7.2% of total time) in 786 GCs | Peak RSS: 2.56GB | CPU load: 6.57
------------------------------------------------------------------------------------------------------------------------
Build artifacts:
 /data/dacapobench/libawt.so (jdk_library)
 /data/dacapobench/libawt_headless.so (jdk_library)
 /data/dacapobench/libawt_xawt.so (jdk_library)
 /data/dacapobench/libfontmanager.so (jdk_library)
 /data/dacapobench/libjava.so (jdk_library_shim)
 /data/dacapobench/libjavajpeg.so (jdk_library)
 /data/dacapobench/libjvm.so (jdk_library_shim)
 /data/dacapobench/liblcms.so (jdk_library)
 /data/dacapobench/pmd (executable)
========================================================================================================================
Finished generating 'pmd' in 25.3s.
