Warning: The option '-H:ProfileDataDumpFileName=/workspace/benchmarks/results/current/profiling-data/sunflow-custom_open.json' is experimental and must be enabled via '-H:+UnlockExperimentalVMOptions' in the future.
Warning: The option '-H:+PlatformInterfaceCompatibilityMode' is experimental and must be enabled via '-H:+UnlockExperimentalVMOptions' in the future.
Warning: The option '-H:NumberOfThreads=4' is experimental and must be enabled via '-H:+UnlockExperimentalVMOptions' in the future.
Warning: Please re-evaluate whether any experimental option is required, and either remove or unlock it. The build output lists all active experimental options, including where they come from and possible alternatives. If you think an experimental option should be considered as stable, please file an issue.
Warning: Option 'PlatformInterfaceCompatibilityMode' is deprecated and might be removed in a future release: This option was introduced to simplify migration to GraalVM 21.2 and will be removed in a future release. Please refer to the GraalVM release notes.
========================================================================================================================
GraalVM Native Image: Generating 'sunflow' (executable)...
========================================================================================================================
For detailed information and explanations on the build output, visit:
https://github.com/oracle/graal/blob/master/docs/reference-manual/native-image/BuildOutput.md
------------------------------------------------------------------------------------------------------------------------
enableInlineCachePhase = true
enableInvokeProfilingPhase = false
enablePGODirectInvokeInlining = false
combinedInlining = false
ProfileDataDumpFileName = /workspace/benchmarks/results/current/profiling-data/sunflow-custom_open.json
useCompilerPGOData = false
profileCompiler = false
[Use -Djdk.graal.LogFile=<path> to redirect Graal log output to a file.]
Compiler PGO is disabled, compiler profiling is disabled
Loaded 4086 call sites profiles from file: /workspace/benchmarks/results/current/profiling-data/sunflow-custom_open.json
Using top 1634 call sites for PGO based inlining
Out of which 120 are indirect call sites and 1514 are direct call sites
Representing 2340820835 and 7153123519 calls respectively

[1/8] Initializing...                                                                                    (2.5s @ 0.17GB)
 Java version: 24+36, vendor version: GraalVM CE 24-dev+36.1
 Graal compiler: optimization level: 3, target machine: x86-64-v3
 C compiler: gcc (linux, x86_64, 12.2.0)
 Garbage collector: Serial GC (max heap size: 80% of RAM)
 1 user-specific feature(s):
 - com.oracle.svm.thirdparty.gson.GsonFeature
------------------------------------------------------------------------------------------------------------------------
 3 experimental option(s) unlocked:
 - '-H:+PlatformInterfaceCompatibilityMode' (origin(s): command line)
 - '-H:NumberOfThreads' (alternative API option(s): --parallelism=4; origin(s): command line)
 - '-H:ProfileDataDumpFileName' (origin(s): command line)
------------------------------------------------------------------------------------------------------------------------
Build resources:
 - 16.23GB of memory (26.9% of 60.42GB system memory, determined at start)
 - 4 thread(s) (25.0% of 16 available processor(s), set via '--parallelism=4')
Warning: The interface org.graalvm.nativeimage.hosted.Feature is not available in the current platform, but used by com.oracle.svm.core.feature.InternalFeature. GraalVM before version 21.2 ignored such interfaces, but this was an oversight. The interface is filtered because the compatibility option -H:+PlatformInterfaceCompatibilityMode is used. This option will be removed in a future GraalVM version.
[2/8] Performing analysis...  [****]                                                                    (13.1s @ 1.92GB)
    8,502 reachable types   (80.5% of   10,555 total)
   15,901 reachable fields  (54.8% of   29,031 total)
   46,519 reachable methods (56.6% of   82,190 total)
    2,731 types,    29 fields, and   527 methods registered for reflection
       73 types,    91 fields, and    60 methods registered for JNI access
        4 native libraries: dl, pthread, rt, z
[3/8] Building universe...                                                                               (1.6s @ 2.07GB)
[4/8] Parsing methods...      [*]                                                                        (1.0s @ 2.18GB)
[5/8] Inlining methods...     [***]                                                                      (3.7s @ 0.85GB)
[6/8] Compiling methods...    [***]                                                                     (10.3s @ 1.32GB)
[7/8] Laying out methods...   [*]                                                                        (1.8s @ 1.59GB)
[8/8] Creating image...       [*]                                                                        (1.8s @ 1.77GB)
  22.12MB (46.06%) for code area:    29,206 compilation units
  21.69MB (45.17%) for image heap:  259,692 objects and 159 resources
   4.21MB ( 8.77%) for other data
  48.01MB in total
------------------------------------------------------------------------------------------------------------------------
Top 10 origins of code area:                                Top 10 object types in image heap:
   8.43MB java.desktop                                         5.36MB byte[] for code metadata
   7.21MB java.base                                            3.27MB byte[] for java.lang.String
   3.38MB java.xml                                             2.46MB java.lang.String
   1.43MB svm.jar (Native Image)                               2.07MB java.lang.Class
 478.77kB sunflow-0.07.2.jar                                 940.59kB byte[] for embedded resources
 312.85kB dacapo-23.11-MR2-chopin.jar                        815.80kB byte[] for general heap data
 192.29kB jdk.zipfs                                          730.64kB com.oracle.svm.core.hub.DynamicHubCompanion
 105.07kB java.logging                                       513.38kB byte[] for reflection metadata
  82.75kB java.prefs                                         513.21kB int[][]
  74.35kB org.graalvm.nativeimage.base                       497.95kB java.lang.String[]
 247.01kB for 10 more packages                                 4.61MB for 1708 more object types
------------------------------------------------------------------------------------------------------------------------
Recommendations:
 HEAP: Set max heap for improved and more predictable memory usage.
 CPU:  Enable more CPU features with '-march=native' for improved performance.
Total skippable fingerprints recorded: 0
Total phases ran: 1748266, total phases skipped: 0
Percentage of ICs missed due to large code size: 20/92 (21.74%)
------------------------------------------------------------------------------------------------------------------------
                       2.7s (7.3% of total time) in 1008 GCs | Peak RSS: 3.09GB | CPU load: 5.89
------------------------------------------------------------------------------------------------------------------------
Build artifacts:
 /data/dacapobench/libawt.so (jdk_library)
 /data/dacapobench/libawt_headless.so (jdk_library)
 /data/dacapobench/libawt_xawt.so (jdk_library)
 /data/dacapobench/libfontmanager.so (jdk_library)
 /data/dacapobench/libjava.so (jdk_library_shim)
 /data/dacapobench/libjavajpeg.so (jdk_library)
 /data/dacapobench/libjvm.so (jdk_library_shim)
 /data/dacapobench/liblcms.so (jdk_library)
 /data/dacapobench/sunflow (executable)
========================================================================================================================
Finished generating 'sunflow' in 36.5s.
