Warning: The option '-H:+PlatformInterfaceCompatibilityMode' is experimental and must be enabled via '-H:+UnlockExperimentalVMOptions' in the future.
Warning: The option '-H:NumberOfThreads=4' is experimental and must be enabled via '-H:+UnlockExperimentalVMOptions' in the future.
Warning: Please re-evaluate whether any experimental option is required, and either remove or unlock it. The build output lists all active experimental options, including where they come from and possible alternatives. If you think an experimental option should be considered as stable, please file an issue.
Warning: Option 'PlatformInterfaceCompatibilityMode' is deprecated and might be removed in a future release: This option was introduced to simplify migration to GraalVM 21.2 and will be removed in a future release. Please refer to the GraalVM release notes.
========================================================================================================================
GraalVM Native Image: Generating 'sunflow' (executable)...
========================================================================================================================
For detailed information and explanations on the build output, visit:
https://github.com/oracle/graal/blob/master/docs/reference-manual/native-image/BuildOutput.md
------------------------------------------------------------------------------------------------------------------------
enableInlineCachePhase = false
enableInvokeProfilingPhase = false
enablePGODirectInvokeInlining = false
combinedInlining = false
ProfileDataDumpFileName = null
useCompilerPGOData = false
profileCompiler = false
[Use -Djdk.graal.LogFile=<path> to redirect Graal log output to a file.]
Compiler PGO is disabled, compiler profiling is disabled
[1/8] Initializing...                                                                                    (1.6s @ 0.23GB)
 Java version: 24+36, vendor version: GraalVM CE 24-dev+36.1
 Graal compiler: optimization level: 0, target machine: x86-64-v3
 C compiler: gcc (linux, x86_64, 12.2.0)
 Garbage collector: Serial GC (max heap size: 80% of RAM)
 1 user-specific feature(s):
 - com.oracle.svm.thirdparty.gson.GsonFeature
------------------------------------------------------------------------------------------------------------------------
 2 experimental option(s) unlocked:
 - '-H:+PlatformInterfaceCompatibilityMode' (origin(s): command line)
 - '-H:NumberOfThreads' (alternative API option(s): --parallelism=4; origin(s): command line)
------------------------------------------------------------------------------------------------------------------------
Build resources:
 - 18.73GB of memory (31.0% of 60.42GB system memory, determined at start)
 - 4 thread(s) (25.0% of 16 available processor(s), set via '--parallelism=4')
Warning: The interface org.graalvm.nativeimage.hosted.Feature is not available in the current platform, but used by com.oracle.svm.core.feature.InternalFeature. GraalVM before version 21.2 ignored such interfaces, but this was an oversight. The interface is filtered because the compatibility option -H:+PlatformInterfaceCompatibilityMode is used. This option will be removed in a future GraalVM version.
[2/8] Performing analysis...  [*****]                                                                    (7.5s @ 1.93GB)
    8,809 reachable types   (83.1% of   10,596 total)
   15,947 reachable fields  (54.8% of   29,110 total)
   46,715 reachable methods (56.4% of   82,765 total)
    2,744 types,    44 fields, and   536 methods registered for reflection
       73 types,    91 fields, and    60 methods registered for JNI access
        4 native libraries: dl, pthread, rt, z
[3/8] Building universe...                                                                               (1.6s @ 2.21GB)
[4/8] Parsing methods...      [*]                                                                        (1.1s @ 2.36GB)
[5/8] Inlining methods...     [**]                                                                       (0.6s @ 2.34GB)
[6/8] Compiling methods...    [***]                                                                      (9.6s @ 2.04GB)
[7/8] Laying out methods...   [*]                                                                        (1.9s @ 2.41GB)
[8/8] Creating image...       [*]                                                                        (1.6s @ 2.67GB)
  21.08MB (42.58%) for code area:    39,554 compilation units
  23.44MB (47.34%) for image heap:  262,911 objects and 159 resources
   4.99MB (10.08%) for other data
  49.50MB in total
------------------------------------------------------------------------------------------------------------------------
Top 10 origins of code area:                                Top 10 object types in image heap:
   7.96MB java.desktop                                         6.66MB byte[] for code metadata
   6.66MB java.base                                            3.30MB byte[] for java.lang.String
   3.26MB java.xml                                             2.48MB java.lang.String
   1.55MB svm.jar (Native Image)                               2.13MB java.lang.Class
 530.71kB sunflow-0.07.2.jar                                 940.59kB byte[] for embedded resources
 262.57kB dacapo-23.11-MR2-chopin.jar                        823.68kB byte[] for general heap data
 165.58kB jdk.zipfs                                          757.02kB com.oracle.svm.core.hub.DynamicHubCompanion
 100.80kB java.logging                                       520.80kB byte[] for reflection metadata
  69.70kB jdk.charsets                                       513.21kB int[][]
  67.15kB java.prefs                                         502.01kB java.lang.String[]
 223.25kB for 10 more packages                                 4.91MB for 1766 more object types
------------------------------------------------------------------------------------------------------------------------
Recommendations:
 HEAP: Set max heap for improved and more predictable memory usage.
 CPU:  Enable more CPU features with '-march=native' for improved performance.
Total skippable fingerprints recorded: 0
Total phases ran: 2226265, total phases skipped: 0
------------------------------------------------------------------------------------------------------------------------
                        1.8s (6.9% of total time) in 582 GCs | Peak RSS: 3.47GB | CPU load: 6.49
------------------------------------------------------------------------------------------------------------------------
Build artifacts:
 /data/dacapobench/libawt.so (jdk_library)
 /data/dacapobench/libawt_headless.so (jdk_library)
 /data/dacapobench/libawt_xawt.so (jdk_library)
 /data/dacapobench/libfontmanager.so (jdk_library)
 /data/dacapobench/libjava.so (jdk_library_shim)
 /data/dacapobench/libjavajpeg.so (jdk_library)
 /data/dacapobench/libjvm.so (jdk_library_shim)
 /data/dacapobench/liblcms.so (jdk_library)
 /data/dacapobench/sunflow (executable)
========================================================================================================================
Finished generating 'sunflow' in 26.1s.
