Warning: The option '-H:+PlatformInterfaceCompatibilityMode' is experimental and must be enabled via '-H:+UnlockExperimentalVMOptions' in the future.
Warning: The option '-H:NumberOfThreads=4' is experimental and must be enabled via '-H:+UnlockExperimentalVMOptions' in the future.
Warning: Please re-evaluate whether any experimental option is required, and either remove or unlock it. The build output lists all active experimental options, including where they come from and possible alternatives. If you think an experimental option should be considered as stable, please file an issue.
Warning: Option 'PlatformInterfaceCompatibilityMode' is deprecated and might be removed in a future release: This option was introduced to simplify migration to GraalVM 21.2 and will be removed in a future release. Please refer to the GraalVM release notes.
========================================================================================================================
GraalVM Native Image: Generating 'sunflow' (executable)...
========================================================================================================================
For detailed information and explanations on the build output, visit:
https://github.com/oracle/graal/blob/master/docs/reference-manual/native-image/BuildOutput.md
------------------------------------------------------------------------------------------------------------------------
enableInlineCachePhase = false
enableInvokeProfilingPhase = false
enablePGODirectInvokeInlining = false
combinedInlining = false
ProfileDataDumpFileName = null
useCompilerPGOData = false
profileCompiler = true
[Use -Djdk.graal.LogFile=<path> to redirect Graal log output to a file.]
Compiler PGO is disabled, compiler profiling is enabled
[1/8] Initializing...                                                                                    (1.7s @ 0.23GB)
 Java version: 24+36, vendor version: GraalVM CE 24-dev+36.1
 Graal compiler: optimization level: 3, target machine: x86-64-v3
 C compiler: gcc (linux, x86_64, 12.2.0)
 Garbage collector: Serial GC (max heap size: 80% of RAM)
 1 user-specific feature(s):
 - com.oracle.svm.thirdparty.gson.GsonFeature
------------------------------------------------------------------------------------------------------------------------
 2 experimental option(s) unlocked:
 - '-H:+PlatformInterfaceCompatibilityMode' (origin(s): command line)
 - '-H:NumberOfThreads' (alternative API option(s): --parallelism=4; origin(s): command line)
------------------------------------------------------------------------------------------------------------------------
Build resources:
 - 15.02GB of memory (24.9% of 60.42GB system memory, determined at start)
 - 4 thread(s) (25.0% of 16 available processor(s), set via '--parallelism=4')
Warning: The interface org.graalvm.nativeimage.hosted.Feature is not available in the current platform, but used by com.oracle.svm.core.feature.InternalFeature. GraalVM before version 21.2 ignored such interfaces, but this was an oversight. The interface is filtered because the compatibility option -H:+PlatformInterfaceCompatibilityMode is used. This option will be removed in a future GraalVM version.
[2/8] Performing analysis...  [****]                                                                     (7.3s @ 1.83GB)
    8,501 reachable types   (80.6% of   10,550 total)
   15,901 reachable fields  (54.8% of   29,031 total)
   46,519 reachable methods (56.6% of   82,151 total)
    2,730 types,    29 fields, and   527 methods registered for reflection
       73 types,    91 fields, and    60 methods registered for JNI access
        4 native libraries: dl, pthread, rt, z
[3/8] Building universe...                                                                               (1.5s @ 1.84GB)
[4/8] Parsing methods...      [*]                                                                        (0.9s @ 2.05GB)
[5/8] Inlining methods...     [***]                                                                      (1.0s @ 2.12GB)
[6/8] Compiling methods...    [***]                                                                      (9.1s @ 1.31GB)
[7/8] Laying out methods...   [*]                                                                        (1.5s @ 1.61GB)
[8/8] Creating image...       [*]                                                                        (1.6s @ 1.78GB)
  22.21MB (46.09%) for code area:    29,201 compilation units
  21.75MB (45.12%) for image heap:  259,520 objects and 159 resources
   4.24MB ( 8.79%) for other data
  48.20MB in total
------------------------------------------------------------------------------------------------------------------------
Top 10 origins of code area:                                Top 10 object types in image heap:
   8.44MB java.desktop                                         5.36MB byte[] for code metadata
   7.25MB java.base                                            3.27MB byte[] for java.lang.String
   3.39MB java.xml                                             2.46MB java.lang.String
   1.44MB svm.jar (Native Image)                               2.07MB java.lang.Class
 475.24kB sunflow-0.07.2.jar                                 940.59kB byte[] for embedded resources
 313.22kB dacapo-23.11-MR2-chopin.jar                        815.80kB byte[] for general heap data
 192.68kB jdk.zipfs                                          730.55kB com.oracle.svm.core.hub.DynamicHubCompanion
 105.44kB java.logging                                       513.35kB byte[] for reflection metadata
  82.75kB java.prefs                                         513.21kB int[][]
  74.35kB org.graalvm.nativeimage.base                       497.94kB java.lang.String[]
 293.17kB for 10 more packages                                 4.68MB for 1708 more object types
------------------------------------------------------------------------------------------------------------------------
Recommendations:
 HEAP: Set max heap for improved and more predictable memory usage.
 CPU:  Enable more CPU features with '-march=native' for improved performance.
Total skippable fingerprints recorded: 389668
Total phases ran: 1747022, total phases skipped: 0
------------------------------------------------------------------------------------------------------------------------
                        1.6s (6.4% of total time) in 478 GCs | Peak RSS: 2.94GB | CPU load: 6.75
------------------------------------------------------------------------------------------------------------------------
Build artifacts:
 /data/dacapobench/libawt.so (jdk_library)
 /data/dacapobench/libawt_headless.so (jdk_library)
 /data/dacapobench/libawt_xawt.so (jdk_library)
 /data/dacapobench/libfontmanager.so (jdk_library)
 /data/dacapobench/libjava.so (jdk_library_shim)
 /data/dacapobench/libjavajpeg.so (jdk_library)
 /data/dacapobench/libjvm.so (jdk_library_shim)
 /data/dacapobench/liblcms.so (jdk_library)
 /data/dacapobench/sunflow (executable)
========================================================================================================================
Finished generating 'sunflow' in 25.2s.
