Warning: The option '-H:ProfileDataDumpFileName=/workspace/benchmarks/results/current/profiling-data/sunflow-custom_open.json' is experimental and must be enabled via '-H:+UnlockExperimentalVMOptions' in the future.
Warning: The option '-H:+PlatformInterfaceCompatibilityMode' is experimental and must be enabled via '-H:+UnlockExperimentalVMOptions' in the future.
Warning: The option '-H:NumberOfThreads=4' is experimental and must be enabled via '-H:+UnlockExperimentalVMOptions' in the future.
Warning: Please re-evaluate whether any experimental option is required, and either remove or unlock it. The build output lists all active experimental options, including where they come from and possible alternatives. If you think an experimental option should be considered as stable, please file an issue.
Warning: Option 'PlatformInterfaceCompatibilityMode' is deprecated and might be removed in a future release: This option was introduced to simplify migration to GraalVM 21.2 and will be removed in a future release. Please refer to the GraalVM release notes.
========================================================================================================================
GraalVM Native Image: Generating 'sunflow' (executable)...
========================================================================================================================
For detailed information and explanations on the build output, visit:
https://github.com/oracle/graal/blob/master/docs/reference-manual/native-image/BuildOutput.md
------------------------------------------------------------------------------------------------------------------------
enableInlineCachePhase = true
enableInvokeProfilingPhase = false
enablePGODirectInvokeInlining = false
combinedInlining = false
ProfileDataDumpFileName = /workspace/benchmarks/results/current/profiling-data/sunflow-custom_open.json
useCompilerPGOData = false
profileCompiler = false
[Use -Djdk.graal.LogFile=<path> to redirect Graal log output to a file.]
Compiler PGO is disabled, compiler profiling is disabled
Loaded 4032 call sites profiles from file: /workspace/benchmarks/results/current/profiling-data/sunflow-custom_open.json
Using top 1613 call sites for PGO based inlining
Out of which 120 are indirect call sites and 1493 are direct call sites (7.439553626782393% indirect)
Representing 2340820859 and 7149038832 calls respectively (24.666548665835276% indirect)
Total calls represented: 9489859691

[1/8] Initializing...                                                                                    (1.8s @ 0.18GB)
 Java version: 24+36, vendor version: GraalVM CE 24-dev+36.1
 Graal compiler: optimization level: 0, target machine: x86-64-v3
 C compiler: gcc (linux, x86_64, 12.2.0)
 Garbage collector: Serial GC (max heap size: 80% of RAM)
 1 user-specific feature(s):
 - com.oracle.svm.thirdparty.gson.GsonFeature
------------------------------------------------------------------------------------------------------------------------
 3 experimental option(s) unlocked:
 - '-H:+PlatformInterfaceCompatibilityMode' (origin(s): command line)
 - '-H:NumberOfThreads' (alternative API option(s): --parallelism=4; origin(s): command line)
 - '-H:ProfileDataDumpFileName' (origin(s): command line)
------------------------------------------------------------------------------------------------------------------------
Build resources:
 - 10.58GB of memory (17.5% of 60.42GB system memory, determined at start)
 - 4 thread(s) (25.0% of 16 available processor(s), set via '--parallelism=4')
Warning: The interface org.graalvm.nativeimage.hosted.Feature is not available in the current platform, but used by com.oracle.svm.core.feature.InternalFeature. GraalVM before version 21.2 ignored such interfaces, but this was an oversight. The interface is filtered because the compatibility option -H:+PlatformInterfaceCompatibilityMode is used. This option will be removed in a future GraalVM version.
[2/8] Performing analysis...  [*****]                                                                   (11.7s @ 2.20GB)
    8,811 reachable types   (83.2% of   10,596 total)
   15,947 reachable fields  (54.8% of   29,110 total)
   46,764 reachable methods (56.4% of   82,906 total)
    2,787 types,    44 fields, and   581 methods registered for reflection
       73 types,    91 fields, and    60 methods registered for JNI access
        4 native libraries: dl, pthread, rt, z
[3/8] Building universe...                                                                               (1.6s @ 2.35GB)
[4/8] Parsing methods...      [*]                                                                        (1.2s @ 2.60GB)
[5/8] Inlining methods...     [**]                                                                       (2.4s @ 0.97GB)
[6/8] Compiling methods...    [***]                                                                      (9.1s @ 2.13GB)
[7/8] Laying out methods...   [*]                                                                        (1.8s @ 2.45GB)
[8/8] Creating image...       [*]                                                                        (1.6s @ 2.65GB)
  21.17MB (42.65%) for code area:    39,600 compilation units
  23.50MB (47.35%) for image heap:  263,271 objects and 159 resources
   4.96MB (10.00%) for other data
  49.63MB in total
------------------------------------------------------------------------------------------------------------------------
Top 10 origins of code area:                                Top 10 object types in image heap:
   7.96MB java.desktop                                         6.68MB byte[] for code metadata
   6.68MB java.base                                            3.30MB byte[] for java.lang.String
   3.26MB java.xml                                             2.48MB java.lang.String
   1.56MB svm.jar (Native Image)                               2.13MB java.lang.Class
 584.98kB sunflow-0.07.2.jar                                 940.59kB byte[] for embedded resources
 262.60kB dacapo-23.11-MR2-chopin.jar                        823.68kB byte[] for general heap data
 165.58kB jdk.zipfs                                          757.20kB com.oracle.svm.core.hub.DynamicHubCompanion
 100.82kB java.logging                                       526.03kB byte[] for reflection metadata
  69.70kB jdk.charsets                                       513.21kB int[][]
  67.15kB java.prefs                                         502.42kB java.lang.String[]
 223.70kB for 10 more packages                                 4.94MB for 1766 more object types
------------------------------------------------------------------------------------------------------------------------
Recommendations:
 HEAP: Set max heap for improved and more predictable memory usage.
 CPU:  Enable more CPU features with '-march=native' for improved performance.
Total skippable fingerprints recorded: 0
Total phases ran: 2228729, total phases skipped: 0
------------------------------------------------------------------------------------------------------------------------
                       2.4s (7.4% of total time) in 1443 GCs | Peak RSS: 3.56GB | CPU load: 6.15
------------------------------------------------------------------------------------------------------------------------
Build artifacts:
 /data/dacapobench/libawt.so (jdk_library)
 /data/dacapobench/libawt_headless.so (jdk_library)
 /data/dacapobench/libawt_xawt.so (jdk_library)
 /data/dacapobench/libfontmanager.so (jdk_library)
 /data/dacapobench/libjava.so (jdk_library_shim)
 /data/dacapobench/libjavajpeg.so (jdk_library)
 /data/dacapobench/libjvm.so (jdk_library_shim)
 /data/dacapobench/liblcms.so (jdk_library)
 /data/dacapobench/sunflow (executable)
========================================================================================================================
Finished generating 'sunflow' in 31.9s.
