Warning: The option '-H:+PlatformInterfaceCompatibilityMode' is experimental and must be enabled via '-H:+UnlockExperimentalVMOptions' in the future.
Warning: The option '-H:NumberOfThreads=4' is experimental and must be enabled via '-H:+UnlockExperimentalVMOptions' in the future.
Warning: Please re-evaluate whether any experimental option is required, and either remove or unlock it. The build output lists all active experimental options, including where they come from and possible alternatives. If you think an experimental option should be considered as stable, please file an issue.
Warning: Option 'PlatformInterfaceCompatibilityMode' is deprecated and might be removed in a future release: This option was introduced to simplify migration to GraalVM 21.2 and will be removed in a future release. Please refer to the GraalVM release notes.
========================================================================================================================
GraalVM Native Image: Generating 'sunflow' (executable)...
========================================================================================================================
For detailed information and explanations on the build output, visit:
https://github.com/oracle/graal/blob/master/docs/reference-manual/native-image/BuildOutput.md
------------------------------------------------------------------------------------------------------------------------
enableInlineCachePhase = false
enableInvokeProfilingPhase = false
enablePGODirectInvokeInlining = false
combinedInlining = false
ProfileDataDumpFileName = null
useCompilerPGOData = false
profileCompiler = false
[Use -Djdk.graal.LogFile=<path> to redirect Graal log output to a file.]
Compiler PGO is disabled, compiler profiling is disabled
[1/8] Initializing...                                                                                    (2.0s @ 0.22GB)
 Java version: 24+36, vendor version: GraalVM CE 24-dev+36.1
 Graal compiler: optimization level: 2, target machine: x86-64-v3
 C compiler: gcc (linux, x86_64, 12.2.0)
 Garbage collector: Serial GC (max heap size: 80% of RAM)
 1 user-specific feature(s):
 - com.oracle.svm.thirdparty.gson.GsonFeature
------------------------------------------------------------------------------------------------------------------------
 2 experimental option(s) unlocked:
 - '-H:+PlatformInterfaceCompatibilityMode' (origin(s): command line)
 - '-H:NumberOfThreads' (alternative API option(s): --parallelism=4; origin(s): command line)
------------------------------------------------------------------------------------------------------------------------
Build resources:
 - 26.49GB of memory (43.8% of 60.42GB system memory, determined at start)
 - 4 thread(s) (25.0% of 16 available processor(s), set via '--parallelism=4')
Warning: The interface org.graalvm.nativeimage.hosted.Feature is not available in the current platform, but used by com.oracle.svm.core.feature.InternalFeature. GraalVM before version 21.2 ignored such interfaces, but this was an oversight. The interface is filtered because the compatibility option -H:+PlatformInterfaceCompatibilityMode is used. This option will be removed in a future GraalVM version.
[2/8] Performing analysis...  [*****]                                                                    (9.0s @ 1.79GB)
    8,501 reachable types   (80.5% of   10,555 total)
   15,901 reachable fields  (54.8% of   29,032 total)
   46,519 reachable methods (56.6% of   82,261 total)
    2,730 types,    29 fields, and   527 methods registered for reflection
       73 types,    91 fields, and    60 methods registered for JNI access
        4 native libraries: dl, pthread, rt, z
[3/8] Building universe...                                                                               (1.7s @ 1.91GB)
[4/8] Parsing methods...      [*]                                                                        (1.0s @ 2.11GB)
[5/8] Inlining methods...     [***]                                                                      (1.2s @ 2.11GB)
[6/8] Compiling methods...    [***]                                                                     (10.7s @ 1.36GB)
[7/8] Laying out methods...   [**]                                                                       (2.1s @ 1.65GB)
[8/8] Creating image...       [*]                                                                        (1.8s @ 1.84GB)
  23.13MB (45.96%) for code area:    29,201 compilation units
  22.94MB (45.58%) for image heap:  259,536 objects and 159 resources
   4.26MB ( 8.46%) for other data
  50.33MB in total
------------------------------------------------------------------------------------------------------------------------
Top 10 origins of code area:                                Top 10 object types in image heap:
   8.79MB java.desktop                                         6.10MB byte[] for code metadata
   7.55MB java.base                                            3.27MB byte[] for java.lang.String
   3.56MB java.xml                                             2.46MB java.lang.String
   1.48MB svm.jar (Native Image)                               2.07MB java.lang.Class
 505.84kB sunflow-0.07.2.jar                                 940.59kB byte[] for embedded resources
 322.32kB dacapo-23.11-MR2-chopin.jar                        815.80kB byte[] for general heap data
 198.86kB jdk.zipfs                                          730.55kB com.oracle.svm.core.hub.DynamicHubCompanion
 108.66kB java.logging                                       623.74kB heap alignment
  84.69kB java.prefs                                         513.31kB byte[] for reflection metadata
  76.03kB org.graalvm.nativeimage.base                       513.21kB int[][]
 298.58kB for 10 more packages                                 5.00MB for 1708 more object types
------------------------------------------------------------------------------------------------------------------------
Recommendations:
 HEAP: Set max heap for improved and more predictable memory usage.
 CPU:  Enable more CPU features with '-march=native' for improved performance.
Total skippable fingerprints recorded: 0
Total phases ran: 1718946, total phases skipped: 0
------------------------------------------------------------------------------------------------------------------------
                        2.1s (6.9% of total time) in 522 GCs | Peak RSS: 2.94GB | CPU load: 6.18
------------------------------------------------------------------------------------------------------------------------
Build artifacts:
 /data/dacapobench/libawt.so (jdk_library)
 /data/dacapobench/libawt_headless.so (jdk_library)
 /data/dacapobench/libawt_xawt.so (jdk_library)
 /data/dacapobench/libfontmanager.so (jdk_library)
 /data/dacapobench/libjava.so (jdk_library_shim)
 /data/dacapobench/libjavajpeg.so (jdk_library)
 /data/dacapobench/libjvm.so (jdk_library_shim)
 /data/dacapobench/liblcms.so (jdk_library)
 /data/dacapobench/sunflow (executable)
========================================================================================================================
Finished generating 'sunflow' in 30.2s.
