Warning: The option '-H:ProfileDataDumpFileName=/workspace/benchmarks/results/current/profiling-data/sunflow-custom_open.json' is experimental and must be enabled via '-H:+UnlockExperimentalVMOptions' in the future.
Warning: The option '-H:+PlatformInterfaceCompatibilityMode' is experimental and must be enabled via '-H:+UnlockExperimentalVMOptions' in the future.
Warning: The option '-H:NumberOfThreads=4' is experimental and must be enabled via '-H:+UnlockExperimentalVMOptions' in the future.
Warning: Please re-evaluate whether any experimental option is required, and either remove or unlock it. The build output lists all active experimental options, including where they come from and possible alternatives. If you think an experimental option should be considered as stable, please file an issue.
Warning: Option 'PlatformInterfaceCompatibilityMode' is deprecated and might be removed in a future release: This option was introduced to simplify migration to GraalVM 21.2 and will be removed in a future release. Please refer to the GraalVM release notes.
========================================================================================================================
GraalVM Native Image: Generating 'sunflow' (executable)...
========================================================================================================================
For detailed information and explanations on the build output, visit:
https://github.com/oracle/graal/blob/master/docs/reference-manual/native-image/BuildOutput.md
------------------------------------------------------------------------------------------------------------------------
[Use -Djdk.graal.LogFile=<path> to redirect Graal log output to a file.]
Compiler PGO is disabled, compiler profiling is disabled
Loaded 4086 call sites profiles from file: /workspace/benchmarks/results/current/profiling-data/sunflow-custom_open.json
Using top 1634 call sites for PGO based inlining
Out of which 120 are indirect call sites and 1514 are direct call sites
Representing 2340820835 and 7153123519 calls respectively

[1/8] Initializing...                                                                                    (2.1s @ 0.18GB)
 Java version: 24+36, vendor version: GraalVM CE 24-dev+36.1
 Graal compiler: optimization level: 3, target machine: x86-64-v3
 C compiler: gcc (linux, x86_64, 12.2.0)
 Garbage collector: Serial GC (max heap size: 80% of RAM)
 1 user-specific feature(s):
 - com.oracle.svm.thirdparty.gson.GsonFeature
------------------------------------------------------------------------------------------------------------------------
 3 experimental option(s) unlocked:
 - '-H:+PlatformInterfaceCompatibilityMode' (origin(s): command line)
 - '-H:NumberOfThreads' (alternative API option(s): --parallelism=4; origin(s): command line)
 - '-H:ProfileDataDumpFileName' (origin(s): command line)
------------------------------------------------------------------------------------------------------------------------
Build resources:
 - 19.49GB of memory (32.3% of 60.42GB system memory, determined at start)
 - 4 thread(s) (25.0% of 16 available processor(s), set via '--parallelism=4')
Warning: The interface org.graalvm.nativeimage.hosted.Feature is not available in the current platform, but used by com.oracle.svm.core.feature.InternalFeature. GraalVM before version 21.2 ignored such interfaces, but this was an oversight. The interface is filtered because the compatibility option -H:+PlatformInterfaceCompatibilityMode is used. This option will be removed in a future GraalVM version.
[2/8] Performing analysis...  [*****]                                                                   (13.0s @ 2.09GB)
    8,502 reachable types   (80.6% of   10,551 total)
   15,901 reachable fields  (54.8% of   29,031 total)
   46,521 reachable methods (56.6% of   82,132 total)
    2,732 types,    29 fields, and   528 methods registered for reflection
       73 types,    91 fields, and    60 methods registered for JNI access
        4 native libraries: dl, pthread, rt, z
[3/8] Building universe...                                                                               (1.8s @ 2.19GB)
[4/8] Parsing methods...      [*]                                                                        (1.0s @ 2.19GB)
[5/8] Inlining methods...     [***]                                                                      (3.0s @ 2.34GB)
[6/8] Compiling methods...    [***]                                                                     (10.3s @ 1.39GB)
[7/8] Laying out methods...   [*]                                                                        (1.7s @ 1.71GB)
[8/8] Creating image...       [*]                                                                        (1.6s @ 1.90GB)
  24.33MB (48.00%) for code area:    29,074 compilation units
  22.13MB (43.64%) for image heap:  259,615 objects and 159 resources
   4.24MB ( 8.36%) for other data
  50.69MB in total
------------------------------------------------------------------------------------------------------------------------
Top 10 origins of code area:                                Top 10 object types in image heap:
   8.64MB java.desktop                                         5.78MB byte[] for code metadata
   8.05MB java.base                                            3.27MB byte[] for java.lang.String
   3.67MB java.xml                                             2.46MB java.lang.String
   1.61MB svm.jar (Native Image)                               2.07MB java.lang.Class
 866.31kB sunflow-0.07.2.jar                                 940.59kB byte[] for embedded resources
 610.67kB dacapo-23.11-MR2-chopin.jar                        816.36kB byte[] for general heap data
 193.39kB jdk.zipfs                                          730.64kB com.oracle.svm.core.hub.DynamicHubCompanion
 105.32kB java.logging                                       513.51kB byte[] for reflection metadata
  82.95kB java.prefs                                         513.21kB int[][]
  76.33kB org.graalvm.nativeimage.base                       497.74kB java.lang.String[]
 274.84kB for 10 more packages                                 4.63MB for 1708 more object types
------------------------------------------------------------------------------------------------------------------------
Recommendations:
 HEAP: Set max heap for improved and more predictable memory usage.
 CPU:  Enable more CPU features with '-march=native' for improved performance.
Total skippable fingerprints recorded: 0
Total phases ran: 1748816, total phases skipped: 0
------------------------------------------------------------------------------------------------------------------------
                       2.5s (6.9% of total time) in 1398 GCs | Peak RSS: 3.10GB | CPU load: 5.83
------------------------------------------------------------------------------------------------------------------------
Build artifacts:
 /data/dacapobench/libawt.so (jdk_library)
 /data/dacapobench/libawt_headless.so (jdk_library)
 /data/dacapobench/libawt_xawt.so (jdk_library)
 /data/dacapobench/libfontmanager.so (jdk_library)
 /data/dacapobench/libjava.so (jdk_library_shim)
 /data/dacapobench/libjavajpeg.so (jdk_library)
 /data/dacapobench/libjvm.so (jdk_library_shim)
 /data/dacapobench/liblcms.so (jdk_library)
 /data/dacapobench/sunflow (executable)
========================================================================================================================
Finished generating 'sunflow' in 35.1s.
