Warning: The option '-H:ProfileDataDumpFileName=/workspace/benchmarks/results/current/profiling-data/xalan-custom_open.json' is experimental and must be enabled via '-H:+UnlockExperimentalVMOptions' in the future.
Warning: The option '-H:+PlatformInterfaceCompatibilityMode' is experimental and must be enabled via '-H:+UnlockExperimentalVMOptions' in the future.
Warning: The option '-H:NumberOfThreads=4' is experimental and must be enabled via '-H:+UnlockExperimentalVMOptions' in the future.
Warning: Please re-evaluate whether any experimental option is required, and either remove or unlock it. The build output lists all active experimental options, including where they come from and possible alternatives. If you think an experimental option should be considered as stable, please file an issue.
Warning: Option 'PlatformInterfaceCompatibilityMode' is deprecated and might be removed in a future release: This option was introduced to simplify migration to GraalVM 21.2 and will be removed in a future release. Please refer to the GraalVM release notes.
========================================================================================================================
GraalVM Native Image: Generating 'xalan' (executable)...
========================================================================================================================
For detailed information and explanations on the build output, visit:
https://github.com/oracle/graal/blob/master/docs/reference-manual/native-image/BuildOutput.md
------------------------------------------------------------------------------------------------------------------------
enableInlineCachePhase = true
enableInvokeProfilingPhase = false
enablePGODirectInvokeInlining = true
combinedInlining = false
ProfileDataDumpFileName = /workspace/benchmarks/results/current/profiling-data/xalan-custom_open.json
useCompilerPGOData = false
profileCompiler = false
[Use -Djdk.graal.LogFile=<path> to redirect Graal log output to a file.]
Compiler PGO is disabled, compiler profiling is disabled
Loaded 3032 call sites profiles from file: /workspace/benchmarks/results/current/profiling-data/xalan-custom_open.json
Using top 1213 call sites for PGO based inlining
Out of which 280 are indirect call sites and 933 are direct call sites
Representing 177331913 and 1025969213 calls respectively (14.737118512427951% indirect)

[1/8] Initializing...                                                                                    (2.1s @ 0.19GB)
 Java version: 24+36, vendor version: GraalVM CE 24-dev+36.1
 Graal compiler: optimization level: 3, target machine: x86-64-v3
 C compiler: gcc (linux, x86_64, 12.2.0)
 Garbage collector: Serial GC (max heap size: 80% of RAM)
 1 user-specific feature(s):
 - com.oracle.svm.thirdparty.gson.GsonFeature
------------------------------------------------------------------------------------------------------------------------
 3 experimental option(s) unlocked:
 - '-H:+PlatformInterfaceCompatibilityMode' (origin(s): command line)
 - '-H:NumberOfThreads' (alternative API option(s): --parallelism=4; origin(s): command line)
 - '-H:ProfileDataDumpFileName' (origin(s): command line)
------------------------------------------------------------------------------------------------------------------------
Build resources:
 - 15.45GB of memory (25.6% of 60.42GB system memory, determined at start)
 - 4 thread(s) (25.0% of 16 available processor(s), set via '--parallelism=4')
Warning: The interface org.graalvm.nativeimage.hosted.Feature is not available in the current platform, but used by com.oracle.svm.core.feature.InternalFeature. GraalVM before version 21.2 ignored such interfaces, but this was an oversight. The interface is filtered because the compatibility option -H:+PlatformInterfaceCompatibilityMode is used. This option will be removed in a future GraalVM version.
[2/8] Performing analysis...  [****]                                                                     (9.0s @ 1.04GB)
    7,408 reachable types   (81.6% of    9,075 total)
   12,632 reachable fields  (51.3% of   24,611 total)
   38,097 reachable methods (54.4% of   70,082 total)
    2,614 types,   120 fields, and   605 methods registered for reflection
       58 types,    59 fields, and    52 methods registered for JNI access
        4 native libraries: dl, pthread, rt, z
[3/8] Building universe...                                                                               (1.2s @ 1.17GB)
[4/8] Parsing methods...      [*]                                                                        (0.8s @ 1.22GB)
[5/8] Inlining methods...     [**]                                                                       (2.4s @ 1.29GB)
[6/8] Compiling methods...    [***]                                                                      (7.0s @ 0.78GB)
[7/8] Laying out methods...   [*]                                                                        (1.5s @ 1.07GB)
[8/8] Creating image...       [*]                                                                        (1.5s @ 1.22GB)
  14.92MB (38.84%) for code area:    32,403 compilation units
  19.13MB (49.79%) for image heap:  214,111 objects and 169 resources
   4.37MB (11.37%) for other data
  38.41MB in total
------------------------------------------------------------------------------------------------------------------------
Top 10 origins of code area:                                Top 10 object types in image heap:
   5.21MB java.base                                            4.80MB byte[] for code metadata
   3.71MB java.xml                                             2.67MB byte[] for java.lang.String
   1.93MB xercesImpl.jar                                       1.91MB java.lang.String
   1.62MB xalan.jar                                            1.87MB java.lang.Class
   1.25MB svm.jar (Native Image)                             865.82kB byte[] for general heap data
 296.69kB serializer.jar                                     636.63kB com.oracle.svm.core.hub.DynamicHubCompanion
 236.14kB dacapo-23.11-MR2-chopin.jar                        558.37kB int[]
 144.04kB jdk.zipfs                                          553.72kB byte[] for reflection metadata
  82.51kB java.logging                                       514.44kB int[][]
  69.35kB jdk.charsets                                       410.72kB java.util.HashMap$Node
 179.85kB for 11 more packages                                 4.41MB for 1718 more object types
------------------------------------------------------------------------------------------------------------------------
Recommendations:
 HEAP: Set max heap for improved and more predictable memory usage.
 CPU:  Enable more CPU features with '-march=native' for improved performance.
Total skippable fingerprints recorded: 0
Total phases ran: 1832947, total phases skipped: 0
Percentage of ICs missed due to large code size: 0/184 (0.00%)
------------------------------------------------------------------------------------------------------------------------
                       1.7s (6.4% of total time) in 1127 GCs | Peak RSS: 2.07GB | CPU load: 6.51
------------------------------------------------------------------------------------------------------------------------
Build artifacts:
 /data/dacapobench/xalan (executable)
========================================================================================================================
Finished generating 'xalan' in 26.1s.
