Warning: The option '-H:ProfileDataDumpFileName=/workspace/benchmarks/results/current/profiling-data/xalan-custom_open.json' is experimental and must be enabled via '-H:+UnlockExperimentalVMOptions' in the future.
Warning: The option '-H:+PlatformInterfaceCompatibilityMode' is experimental and must be enabled via '-H:+UnlockExperimentalVMOptions' in the future.
Warning: The option '-H:NumberOfThreads=4' is experimental and must be enabled via '-H:+UnlockExperimentalVMOptions' in the future.
Warning: Please re-evaluate whether any experimental option is required, and either remove or unlock it. The build output lists all active experimental options, including where they come from and possible alternatives. If you think an experimental option should be considered as stable, please file an issue.
Warning: Option 'PlatformInterfaceCompatibilityMode' is deprecated and might be removed in a future release: This option was introduced to simplify migration to GraalVM 21.2 and will be removed in a future release. Please refer to the GraalVM release notes.
========================================================================================================================
GraalVM Native Image: Generating 'xalan' (executable)...
========================================================================================================================
For detailed information and explanations on the build output, visit:
https://github.com/oracle/graal/blob/master/docs/reference-manual/native-image/BuildOutput.md
------------------------------------------------------------------------------------------------------------------------
enableInlineCachePhase = true
enableInvokeProfilingPhase = false
enablePGODirectInvokeInlining = true
combinedInlining = true
ProfileDataDumpFileName = /workspace/benchmarks/results/current/profiling-data/xalan-custom_open.json
useCompilerPGOData = false
profileCompiler = false
[Use -Djdk.graal.LogFile=<path> to redirect Graal log output to a file.]
Compiler PGO is disabled, compiler profiling is disabled
Loaded 5448 call sites profiles from file: /workspace/benchmarks/results/current/profiling-data/xalan-custom_open.json
Using top 2179 call sites for PGO based inlining
Out of which 287 are indirect call sites and 1892 are direct call sites (13.171179440110143% indirect)
Representing 189538494 and 1715978610 calls respectively (9.94682722092218% indirect)
Total calls represented: 1905517104

[1/8] Initializing...                                                                                    (2.4s @ 0.15GB)
 Java version: 24+36, vendor version: GraalVM CE 24-dev+36.1
 Graal compiler: optimization level: 0, target machine: x86-64-v3
 C compiler: gcc (linux, x86_64, 12.2.0)
 Garbage collector: Serial GC (max heap size: 80% of RAM)
 1 user-specific feature(s):
 - com.oracle.svm.thirdparty.gson.GsonFeature
------------------------------------------------------------------------------------------------------------------------
 3 experimental option(s) unlocked:
 - '-H:+PlatformInterfaceCompatibilityMode' (origin(s): command line)
 - '-H:NumberOfThreads' (alternative API option(s): --parallelism=4; origin(s): command line)
 - '-H:ProfileDataDumpFileName' (origin(s): command line)
------------------------------------------------------------------------------------------------------------------------
Build resources:
 - 11.41GB of memory (18.9% of 60.42GB system memory, determined at start)
 - 4 thread(s) (25.0% of 16 available processor(s), set via '--parallelism=4')
Warning: The interface org.graalvm.nativeimage.hosted.Feature is not available in the current platform, but used by com.oracle.svm.core.feature.InternalFeature. GraalVM before version 21.2 ignored such interfaces, but this was an oversight. The interface is filtered because the compatibility option -H:+PlatformInterfaceCompatibilityMode is used. This option will be removed in a future GraalVM version.
[2/8] Performing analysis...  [*****]                                                                   (11.1s @ 1.30GB)
    7,561 reachable types   (82.7% of    9,147 total)
   12,678 reachable fields  (51.2% of   24,741 total)
   38,312 reachable methods (54.0% of   70,909 total)
    2,629 types,   134 fields, and   616 methods registered for reflection
       58 types,    59 fields, and    52 methods registered for JNI access
        4 native libraries: dl, pthread, rt, z
[3/8] Building universe...                                                                               (1.4s @ 1.46GB)
[4/8] Parsing methods...      [*]                                                                        (0.9s @ 1.60GB)
[5/8] Inlining methods...     [**]                                                                       (4.2s @ 1.70GB)
[6/8] Compiling methods...    [***]                                                                      (8.1s @ 1.66GB)
[7/8] Laying out methods...   [*]                                                                        (1.7s @ 1.90GB)
[8/8] Creating image...       [*]                                                                        (1.4s @ 2.08GB)
  18.10MB (42.43%) for code area:    32,437 compilation units
  20.19MB (47.32%) for image heap:  217,087 objects and 169 resources
   4.37MB (10.25%) for other data
  42.67MB in total
------------------------------------------------------------------------------------------------------------------------
Top 10 origins of code area:                                Top 10 object types in image heap:
   6.30MB java.base                                            5.74MB byte[] for code metadata
   4.38MB java.xml                                             2.70MB byte[] for java.lang.String
   2.25MB xercesImpl.jar                                       1.93MB java.lang.String
   2.08MB xalan.jar                                            1.90MB java.lang.Class
   1.51MB svm.jar (Native Image)                             866.12kB byte[] for general heap data
 591.82kB serializer.jar                                     649.77kB com.oracle.svm.core.hub.DynamicHubCompanion
 272.71kB dacapo-23.11-MR2-chopin.jar                        560.70kB byte[] for reflection metadata
 172.03kB jdk.zipfs                                          558.37kB int[]
  97.91kB java.logging                                       514.44kB int[][]
  69.52kB jdk.charsets                                       419.36kB java.lang.Object[]
 200.70kB for 11 more packages                                 4.43MB for 1736 more object types
------------------------------------------------------------------------------------------------------------------------
Recommendations:
 HEAP: Set max heap for improved and more predictable memory usage.
 CPU:  Enable more CPU features with '-march=native' for improved performance.
Total skippable fingerprints recorded: 0
Total phases ran: 1813204, total phases skipped: 0
------------------------------------------------------------------------------------------------------------------------
                       2.2s (6.7% of total time) in 1680 GCs | Peak RSS: 2.94GB | CPU load: 6.04
------------------------------------------------------------------------------------------------------------------------
Build artifacts:
 /data/dacapobench/xalan (executable)
========================================================================================================================
Finished generating 'xalan' in 31.9s.
