Warning: The option '-H:ProfileDataDumpFileName=/workspace/benchmarks/results/current/profiling-data/xalan-custom_open.json' is experimental and must be enabled via '-H:+UnlockExperimentalVMOptions' in the future.
Warning: The option '-H:+PlatformInterfaceCompatibilityMode' is experimental and must be enabled via '-H:+UnlockExperimentalVMOptions' in the future.
Warning: The option '-H:NumberOfThreads=4' is experimental and must be enabled via '-H:+UnlockExperimentalVMOptions' in the future.
Warning: Please re-evaluate whether any experimental option is required, and either remove or unlock it. The build output lists all active experimental options, including where they come from and possible alternatives. If you think an experimental option should be considered as stable, please file an issue.
Warning: Option 'PlatformInterfaceCompatibilityMode' is deprecated and might be removed in a future release: This option was introduced to simplify migration to GraalVM 21.2 and will be removed in a future release. Please refer to the GraalVM release notes.
========================================================================================================================
GraalVM Native Image: Generating 'xalan' (executable)...
========================================================================================================================
For detailed information and explanations on the build output, visit:
https://github.com/oracle/graal/blob/master/docs/reference-manual/native-image/BuildOutput.md
------------------------------------------------------------------------------------------------------------------------
enableInlineCachePhase = true
enableInvokeProfilingPhase = false
enablePGODirectInvokeInlining = true
combinedInlining = false
ProfileDataDumpFileName = /workspace/benchmarks/results/current/profiling-data/xalan-custom_open.json
useCompilerPGOData = false
profileCompiler = false
[Use -Djdk.graal.LogFile=<path> to redirect Graal log output to a file.]
Compiler PGO is disabled, compiler profiling is disabled
Loaded 5558 call sites profiles from file: /workspace/benchmarks/results/current/profiling-data/xalan-custom_open.json
Using top 2223 call sites for PGO based inlining
Out of which 287 are indirect call sites and 1936 are direct call sites
Representing 189055838 and 1721394935 calls respectively

[1/8] Initializing...                                                                                    (2.8s @ 0.23GB)
 Java version: 24+36, vendor version: GraalVM CE 24-dev+36.1
 Graal compiler: optimization level: 3, target machine: x86-64-v3
 C compiler: gcc (linux, x86_64, 12.2.0)
 Garbage collector: Serial GC (max heap size: 80% of RAM)
 1 user-specific feature(s):
 - com.oracle.svm.thirdparty.gson.GsonFeature
------------------------------------------------------------------------------------------------------------------------
 3 experimental option(s) unlocked:
 - '-H:+PlatformInterfaceCompatibilityMode' (origin(s): command line)
 - '-H:NumberOfThreads' (alternative API option(s): --parallelism=4; origin(s): command line)
 - '-H:ProfileDataDumpFileName' (origin(s): command line)
------------------------------------------------------------------------------------------------------------------------
Build resources:
 - 14.83GB of memory (24.6% of 60.42GB system memory, determined at start)
 - 4 thread(s) (25.0% of 16 available processor(s), set via '--parallelism=4')
Warning: The interface org.graalvm.nativeimage.hosted.Feature is not available in the current platform, but used by com.oracle.svm.core.feature.InternalFeature. GraalVM before version 21.2 ignored such interfaces, but this was an oversight. The interface is filtered because the compatibility option -H:+PlatformInterfaceCompatibilityMode is used. This option will be removed in a future GraalVM version.
[2/8] Performing analysis...  [****]                                                                    (12.3s @ 1.05GB)
    7,409 reachable types   (81.6% of    9,076 total)
   12,636 reachable fields  (51.3% of   24,614 total)
   38,066 reachable methods (54.3% of   70,125 total)
    2,585 types,   120 fields, and   560 methods registered for reflection
       58 types,    59 fields, and    52 methods registered for JNI access
        4 native libraries: dl, pthread, rt, z
[3/8] Building universe...                                                                               (1.5s @ 1.16GB)
[4/8] Parsing methods...      [*]                                                                        (0.8s @ 1.24GB)
[5/8] Inlining methods...     [**]                                                                       (4.7s @ 1.28GB)
[6/8] Compiling methods...    [***]                                                                      (8.1s @ 0.80GB)
[7/8] Laying out methods...   [*]                                                                        (1.6s @ 1.07GB)
[8/8] Creating image...       [*]                                                                        (1.5s @ 1.24GB)
  15.21MB (39.23%) for code area:    32,195 compilation units
  19.19MB (49.49%) for image heap:  213,825 objects and 169 resources
   4.37MB (11.28%) for other data
  38.77MB in total
------------------------------------------------------------------------------------------------------------------------
Top 10 origins of code area:                                Top 10 object types in image heap:
   5.20MB java.base                                            4.85MB byte[] for code metadata
   3.71MB java.xml                                             2.67MB byte[] for java.lang.String
   1.93MB xercesImpl.jar                                       1.91MB java.lang.String
   1.75MB xalan.jar                                            1.87MB java.lang.Class
   1.23MB svm.jar (Native Image)                             866.06kB byte[] for general heap data
 493.05kB serializer.jar                                     636.71kB com.oracle.svm.core.hub.DynamicHubCompanion
 236.94kB dacapo-23.11-MR2-chopin.jar                        558.37kB int[]
 144.04kB jdk.zipfs                                          547.53kB byte[] for reflection metadata
  82.53kB java.logging                                       514.44kB int[][]
  69.15kB jdk.charsets                                       438.18kB heap alignment
 180.87kB for 11 more packages                                 4.40MB for 1717 more object types
------------------------------------------------------------------------------------------------------------------------
Recommendations:
 HEAP: Set max heap for improved and more predictable memory usage.
 CPU:  Enable more CPU features with '-march=native' for improved performance.
Total skippable fingerprints recorded: 0
Total phases ran: 1829641, total phases skipped: 0
Percentage of ICs missed due to large code size: 28/272 (10.29%)
------------------------------------------------------------------------------------------------------------------------
                       2.3s (6.7% of total time) in 1226 GCs | Peak RSS: 2.09GB | CPU load: 5.71
------------------------------------------------------------------------------------------------------------------------
Build artifacts:
 /data/dacapobench/xalan (executable)
========================================================================================================================
Finished generating 'xalan' in 34.0s.
