Warning: The option '-H:+PlatformInterfaceCompatibilityMode' is experimental and must be enabled via '-H:+UnlockExperimentalVMOptions' in the future.
Warning: The option '-H:NumberOfThreads=4' is experimental and must be enabled via '-H:+UnlockExperimentalVMOptions' in the future.
Warning: Please re-evaluate whether any experimental option is required, and either remove or unlock it. The build output lists all active experimental options, including where they come from and possible alternatives. If you think an experimental option should be considered as stable, please file an issue.
Warning: Option 'PlatformInterfaceCompatibilityMode' is deprecated and might be removed in a future release: This option was introduced to simplify migration to GraalVM 21.2 and will be removed in a future release. Please refer to the GraalVM release notes.
========================================================================================================================
GraalVM Native Image: Generating 'xalan' (executable)...
========================================================================================================================
For detailed information and explanations on the build output, visit:
https://github.com/oracle/graal/blob/master/docs/reference-manual/native-image/BuildOutput.md
------------------------------------------------------------------------------------------------------------------------
enableInlineCachePhase = false
enableInvokeProfilingPhase = false
enablePGODirectInvokeInlining = false
combinedInlining = false
ProfileDataDumpFileName = null
useCompilerPGOData = false
profileCompiler = false
[Use -Djdk.graal.LogFile=<path> to redirect Graal log output to a file.]
Compiler PGO is disabled, compiler profiling is disabled
[1/8] Initializing...                                                                                    (2.1s @ 0.26GB)
 Java version: 24+36, vendor version: GraalVM CE 24-dev+36.1
 Graal compiler: optimization level: 2, target machine: x86-64-v3
 C compiler: gcc (linux, x86_64, 12.2.0)
 Garbage collector: Serial GC (max heap size: 80% of RAM)
 1 user-specific feature(s):
 - com.oracle.svm.thirdparty.gson.GsonFeature
------------------------------------------------------------------------------------------------------------------------
 2 experimental option(s) unlocked:
 - '-H:+PlatformInterfaceCompatibilityMode' (origin(s): command line)
 - '-H:NumberOfThreads' (alternative API option(s): --parallelism=4; origin(s): command line)
------------------------------------------------------------------------------------------------------------------------
Build resources:
 - 18.80GB of memory (31.1% of 60.42GB system memory, determined at start)
 - 4 thread(s) (25.0% of 16 available processor(s), set via '--parallelism=4')
Warning: The interface org.graalvm.nativeimage.hosted.Feature is not available in the current platform, but used by com.oracle.svm.core.feature.InternalFeature. GraalVM before version 21.2 ignored such interfaces, but this was an oversight. The interface is filtered because the compatibility option -H:+PlatformInterfaceCompatibilityMode is used. This option will be removed in a future GraalVM version.
[2/8] Performing analysis...  [*****]                                                                    (7.3s @ 0.86GB)
    7,407 reachable types   (81.6% of    9,076 total)
   12,632 reachable fields  (51.3% of   24,611 total)
   38,052 reachable methods (54.3% of   70,090 total)
    2,584 types,   120 fields, and   560 methods registered for reflection
       58 types,    59 fields, and    52 methods registered for JNI access
        4 native libraries: dl, pthread, rt, z
[3/8] Building universe...                                                                               (1.4s @ 0.94GB)
[4/8] Parsing methods...      [*]                                                                        (0.8s @ 1.04GB)
[5/8] Inlining methods...     [***]                                                                      (0.9s @ 1.15GB)
[6/8] Compiling methods...    [***]                                                                      (8.6s @ 0.78GB)
[7/8] Laying out methods...   [*]                                                                        (1.7s @ 1.04GB)
[8/8] Creating image...       [*]                                                                        (1.5s @ 1.17GB)
  18.19MB (44.51%) for code area:    23,916 compilation units
  18.88MB (46.18%) for image heap:  213,692 objects and 169 resources
   3.81MB ( 9.31%) for other data
  40.87MB in total
------------------------------------------------------------------------------------------------------------------------
Top 10 origins of code area:                                Top 10 object types in image heap:
   7.09MB java.base                                            4.86MB byte[] for code metadata
   4.87MB java.xml                                             2.67MB byte[] for java.lang.String
   2.49MB xercesImpl.jar                                       1.91MB java.lang.String
   1.39MB svm.jar (Native Image)                               1.87MB java.lang.Class
   1.03MB xalan.jar                                          865.94kB byte[] for general heap data
 333.74kB dacapo-23.11-MR2-chopin.jar                        636.54kB com.oracle.svm.core.hub.DynamicHubCompanion
 217.91kB serializer.jar                                     558.31kB int[]
 206.48kB jdk.zipfs                                          547.68kB byte[] for reflection metadata
 104.78kB java.logging                                       514.44kB int[][]
  75.25kB org.graalvm.nativeimage.base                       411.05kB java.util.HashMap$Node
 252.93kB for 11 more packages                                 4.11MB for 1673 more object types
------------------------------------------------------------------------------------------------------------------------
Recommendations:
 HEAP: Set max heap for improved and more predictable memory usage.
 CPU:  Enable more CPU features with '-march=native' for improved performance.
Total skippable fingerprints recorded: 0
Total phases ran: 1382304, total phases skipped: 0
------------------------------------------------------------------------------------------------------------------------
                        1.8s (7.1% of total time) in 640 GCs | Peak RSS: 1.90GB | CPU load: 6.45
------------------------------------------------------------------------------------------------------------------------
Build artifacts:
 /data/dacapobench/xalan (executable)
========================================================================================================================
Finished generating 'xalan' in 25.0s.
