Warning: The option '-H:ProfileDataDumpFileName=/workspace/benchmarks/results/current/profiling-data/xalan-custom_open.json' is experimental and must be enabled via '-H:+UnlockExperimentalVMOptions' in the future.
Warning: The option '-H:+PlatformInterfaceCompatibilityMode' is experimental and must be enabled via '-H:+UnlockExperimentalVMOptions' in the future.
Warning: The option '-H:NumberOfThreads=4' is experimental and must be enabled via '-H:+UnlockExperimentalVMOptions' in the future.
Warning: Please re-evaluate whether any experimental option is required, and either remove or unlock it. The build output lists all active experimental options, including where they come from and possible alternatives. If you think an experimental option should be considered as stable, please file an issue.
Warning: Option 'PlatformInterfaceCompatibilityMode' is deprecated and might be removed in a future release: This option was introduced to simplify migration to GraalVM 21.2 and will be removed in a future release. Please refer to the GraalVM release notes.
========================================================================================================================
GraalVM Native Image: Generating 'xalan' (executable)...
========================================================================================================================
For detailed information and explanations on the build output, visit:
https://github.com/oracle/graal/blob/master/docs/reference-manual/native-image/BuildOutput.md
------------------------------------------------------------------------------------------------------------------------
enableInlineCachePhase = true
enableInvokeProfilingPhase = false
enablePGODirectInvokeInlining = true
combinedInlining = true
ProfileDataDumpFileName = /workspace/benchmarks/results/current/profiling-data/xalan-custom_open.json
useCompilerPGOData = false
profileCompiler = false
[Use -Djdk.graal.LogFile=<path> to redirect Graal log output to a file.]
Compiler PGO is disabled, compiler profiling is disabled
Loaded 5558 call sites profiles from file: /workspace/benchmarks/results/current/profiling-data/xalan-custom_open.json
Using top 2223 call sites for PGO based inlining
Out of which 287 are indirect call sites and 1936 are direct call sites
Representing 189055838 and 1721394935 calls respectively

[1/8] Initializing...                                                                                    (2.4s @ 0.21GB)
 Java version: 24+36, vendor version: GraalVM CE 24-dev+36.1
 Graal compiler: optimization level: 3, target machine: x86-64-v3
 C compiler: gcc (linux, x86_64, 12.2.0)
 Garbage collector: Serial GC (max heap size: 80% of RAM)
 1 user-specific feature(s):
 - com.oracle.svm.thirdparty.gson.GsonFeature
------------------------------------------------------------------------------------------------------------------------
 3 experimental option(s) unlocked:
 - '-H:+PlatformInterfaceCompatibilityMode' (origin(s): command line)
 - '-H:NumberOfThreads' (alternative API option(s): --parallelism=4; origin(s): command line)
 - '-H:ProfileDataDumpFileName' (origin(s): command line)
------------------------------------------------------------------------------------------------------------------------
Build resources:
 - 14.82GB of memory (24.5% of 60.42GB system memory, determined at start)
 - 4 thread(s) (25.0% of 16 available processor(s), set via '--parallelism=4')
Warning: The interface org.graalvm.nativeimage.hosted.Feature is not available in the current platform, but used by com.oracle.svm.core.feature.InternalFeature. GraalVM before version 21.2 ignored such interfaces, but this was an oversight. The interface is filtered because the compatibility option -H:+PlatformInterfaceCompatibilityMode is used. This option will be removed in a future GraalVM version.
[2/8] Performing analysis...  [****]                                                                    (12.4s @ 1.04GB)
    7,409 reachable types   (81.6% of    9,078 total)
   12,636 reachable fields  (51.3% of   24,614 total)
   38,066 reachable methods (54.3% of   70,073 total)
    2,585 types,   120 fields, and   560 methods registered for reflection
       58 types,    59 fields, and    52 methods registered for JNI access
        4 native libraries: dl, pthread, rt, z
[3/8] Building universe...                                                                               (1.4s @ 1.16GB)
[4/8] Parsing methods...      [*]                                                                        (0.8s @ 1.22GB)
[5/8] Inlining methods...     [***]                                                                      (7.2s @ 1.35GB)
[6/8] Compiling methods...    [***]                                                                      (9.8s @ 1.01GB)
[7/8] Laying out methods...   [*]                                                                        (1.7s @ 1.32GB)
[8/8] Creating image...       [*]                                                                        (1.5s @ 1.46GB)
  20.63MB (46.77%) for code area:    23,781 compilation units
  19.69MB (44.63%) for image heap:  213,439 objects and 169 resources
   3.79MB ( 8.60%) for other data
  44.11MB in total
------------------------------------------------------------------------------------------------------------------------
Top 10 origins of code area:                                Top 10 object types in image heap:
   6.69MB java.base                                            5.21MB byte[] for code metadata
   4.72MB java.xml                                             2.67MB byte[] for java.lang.String
   3.56MB xercesImpl.jar                                       1.90MB java.lang.String
   2.36MB xalan.jar                                            1.87MB java.lang.Class
   1.37MB svm.jar (Native Image)                             868.52kB byte[] for general heap data
 785.68kB serializer.jar                                     636.71kB com.oracle.svm.core.hub.DynamicHubCompanion
 443.32kB dacapo-23.11-MR2-chopin.jar                        601.43kB heap alignment
 164.13kB jdk.zipfs                                          558.31kB int[]
  91.59kB java.logging                                       547.88kB byte[] for reflection metadata
  69.35kB jdk.charsets                                       514.44kB int[][]
 248.32kB for 11 more packages                                 4.40MB for 1671 more object types
------------------------------------------------------------------------------------------------------------------------
Recommendations:
 HEAP: Set max heap for improved and more predictable memory usage.
 CPU:  Enable more CPU features with '-march=native' for improved performance.
Total skippable fingerprints recorded: 0
Total phases ran: 1411489, total phases skipped: 0
Percentage of ICs missed due to large code size: 28/272 (10.29%)
------------------------------------------------------------------------------------------------------------------------
                       2.4s (6.3% of total time) in 1367 GCs | Peak RSS: 2.27GB | CPU load: 5.61
------------------------------------------------------------------------------------------------------------------------
Build artifacts:
 /data/dacapobench/xalan (executable)
========================================================================================================================
Finished generating 'xalan' in 38.1s.
