Warning: The option '-H:ProfileDataDumpFileName=/workspace/benchmarks/results/current/profiling-data/xalan-custom_open.json' is experimental and must be enabled via '-H:+UnlockExperimentalVMOptions' in the future.
Warning: The option '-H:+PlatformInterfaceCompatibilityMode' is experimental and must be enabled via '-H:+UnlockExperimentalVMOptions' in the future.
Warning: The option '-H:NumberOfThreads=4' is experimental and must be enabled via '-H:+UnlockExperimentalVMOptions' in the future.
Warning: Please re-evaluate whether any experimental option is required, and either remove or unlock it. The build output lists all active experimental options, including where they come from and possible alternatives. If you think an experimental option should be considered as stable, please file an issue.
Warning: Option 'PlatformInterfaceCompatibilityMode' is deprecated and might be removed in a future release: This option was introduced to simplify migration to GraalVM 21.2 and will be removed in a future release. Please refer to the GraalVM release notes.
========================================================================================================================
GraalVM Native Image: Generating 'xalan' (executable)...
========================================================================================================================
For detailed information and explanations on the build output, visit:
https://github.com/oracle/graal/blob/master/docs/reference-manual/native-image/BuildOutput.md
------------------------------------------------------------------------------------------------------------------------
enableInlineCachePhase = true
enableInvokeProfilingPhase = false
enablePGODirectInvokeInlining = false
combinedInlining = false
ProfileDataDumpFileName = /workspace/benchmarks/results/current/profiling-data/xalan-custom_open.json
useCompilerPGOData = false
profileCompiler = false
[Use -Djdk.graal.LogFile=<path> to redirect Graal log output to a file.]
Compiler PGO is disabled, compiler profiling is disabled
Loaded 5558 call sites profiles from file: /workspace/benchmarks/results/current/profiling-data/xalan-custom_open.json
Using top 2223 call sites for PGO based inlining
Out of which 287 are indirect call sites and 1936 are direct call sites
Representing 189055838 and 1721394935 calls respectively

[1/8] Initializing...                                                                                    (2.5s @ 0.22GB)
 Java version: 24+36, vendor version: GraalVM CE 24-dev+36.1
 Graal compiler: optimization level: 3, target machine: x86-64-v3
 C compiler: gcc (linux, x86_64, 12.2.0)
 Garbage collector: Serial GC (max heap size: 80% of RAM)
 1 user-specific feature(s):
 - com.oracle.svm.thirdparty.gson.GsonFeature
------------------------------------------------------------------------------------------------------------------------
 3 experimental option(s) unlocked:
 - '-H:+PlatformInterfaceCompatibilityMode' (origin(s): command line)
 - '-H:NumberOfThreads' (alternative API option(s): --parallelism=4; origin(s): command line)
 - '-H:ProfileDataDumpFileName' (origin(s): command line)
------------------------------------------------------------------------------------------------------------------------
Build resources:
 - 14.93GB of memory (24.7% of 60.42GB system memory, determined at start)
 - 4 thread(s) (25.0% of 16 available processor(s), set via '--parallelism=4')
Warning: The interface org.graalvm.nativeimage.hosted.Feature is not available in the current platform, but used by com.oracle.svm.core.feature.InternalFeature. GraalVM before version 21.2 ignored such interfaces, but this was an oversight. The interface is filtered because the compatibility option -H:+PlatformInterfaceCompatibilityMode is used. This option will be removed in a future GraalVM version.
[2/8] Performing analysis...  [****]                                                                    (12.5s @ 1.04GB)
    7,409 reachable types   (81.6% of    9,077 total)
   12,636 reachable fields  (51.3% of   24,614 total)
   38,066 reachable methods (54.4% of   70,017 total)
    2,585 types,   120 fields, and   560 methods registered for reflection
       58 types,    59 fields, and    52 methods registered for JNI access
        4 native libraries: dl, pthread, rt, z
[3/8] Building universe...                                                                               (1.4s @ 1.17GB)
[4/8] Parsing methods...      [*]                                                                        (0.9s @ 1.25GB)
[5/8] Inlining methods...     [***]                                                                      (3.8s @ 1.33GB)
[6/8] Compiling methods...    [***]                                                                      (8.6s @ 0.78GB)
[7/8] Laying out methods...   [**]                                                                       (2.1s @ 1.08GB)
[8/8] Creating image...       [*]                                                                        (1.9s @ 1.18GB)
  15.91MB (41.66%) for code area:    23,936 compilation units
  18.50MB (48.45%) for image heap:  213,703 objects and 169 resources
   3.78MB ( 9.90%) for other data
  38.19MB in total
------------------------------------------------------------------------------------------------------------------------
Top 10 origins of code area:                                Top 10 object types in image heap:
   5.99MB java.base                                            4.15MB byte[] for code metadata
   4.26MB java.xml                                             2.67MB byte[] for java.lang.String
   2.21MB xercesImpl.jar                                       1.91MB java.lang.String
   1.26MB svm.jar (Native Image)                               1.87MB java.lang.Class
1004.18kB xalan.jar                                          865.94kB byte[] for general heap data
 312.08kB dacapo-23.11-MR2-chopin.jar                        636.71kB com.oracle.svm.core.hub.DynamicHubCompanion
 207.62kB serializer.jar                                     558.31kB int[]
 162.34kB jdk.zipfs                                          547.88kB byte[] for reflection metadata
  88.82kB java.logging                                       514.44kB int[][]
  69.38kB jdk.charsets                                       454.07kB heap alignment
 227.34kB for 11 more packages                                 4.40MB for 1671 more object types
------------------------------------------------------------------------------------------------------------------------
Recommendations:
 HEAP: Set max heap for improved and more predictable memory usage.
 CPU:  Enable more CPU features with '-march=native' for improved performance.
Total skippable fingerprints recorded: 0
Total phases ran: 1407170, total phases skipped: 0
Percentage of ICs missed due to large code size: 28/272 (10.29%)
------------------------------------------------------------------------------------------------------------------------
                       2.4s (7.0% of total time) in 1107 GCs | Peak RSS: 2.27GB | CPU load: 5.65
------------------------------------------------------------------------------------------------------------------------
Build artifacts:
 /data/dacapobench/xalan (executable)
========================================================================================================================
Finished generating 'xalan' in 34.4s.
