Warning: The option '-H:ProfileDataDumpFileName=/workspace/benchmarks/results/current/profiling-data/xalan-custom_open.json' is experimental and must be enabled via '-H:+UnlockExperimentalVMOptions' in the future.
Warning: The option '-H:+PlatformInterfaceCompatibilityMode' is experimental and must be enabled via '-H:+UnlockExperimentalVMOptions' in the future.
Warning: The option '-H:NumberOfThreads=4' is experimental and must be enabled via '-H:+UnlockExperimentalVMOptions' in the future.
Warning: Please re-evaluate whether any experimental option is required, and either remove or unlock it. The build output lists all active experimental options, including where they come from and possible alternatives. If you think an experimental option should be considered as stable, please file an issue.
Warning: Option 'PlatformInterfaceCompatibilityMode' is deprecated and might be removed in a future release: This option was introduced to simplify migration to GraalVM 21.2 and will be removed in a future release. Please refer to the GraalVM release notes.
========================================================================================================================
GraalVM Native Image: Generating 'xalan' (executable)...
========================================================================================================================
For detailed information and explanations on the build output, visit:
https://github.com/oracle/graal/blob/master/docs/reference-manual/native-image/BuildOutput.md
------------------------------------------------------------------------------------------------------------------------
enableInlineCachePhase = false
enableInvokeProfilingPhase = false
enablePGODirectInvokeInlining = true
combinedInlining = false
ProfileDataDumpFileName = /workspace/benchmarks/results/current/profiling-data/xalan-custom_open.json
useCompilerPGOData = false
profileCompiler = false
[Use -Djdk.graal.LogFile=<path> to redirect Graal log output to a file.]
Compiler PGO is disabled, compiler profiling is disabled
Loaded 5448 call sites profiles from file: /workspace/benchmarks/results/current/profiling-data/xalan-custom_open.json
Using top 2179 call sites for PGO based inlining
Out of which 287 are indirect call sites and 1892 are direct call sites (13.171179440110143% indirect)
Representing 189538494 and 1715978610 calls respectively (9.94682722092218% indirect)
Total calls represented: 1905517104

[1/8] Initializing...                                                                                    (1.7s @ 0.28GB)
 Java version: 24+36, vendor version: GraalVM CE 24-dev+36.1
 Graal compiler: optimization level: 3, target machine: x86-64-v3
 C compiler: gcc (linux, x86_64, 12.2.0)
 Garbage collector: Serial GC (max heap size: 80% of RAM)
 1 user-specific feature(s):
 - com.oracle.svm.thirdparty.gson.GsonFeature
------------------------------------------------------------------------------------------------------------------------
 3 experimental option(s) unlocked:
 - '-H:+PlatformInterfaceCompatibilityMode' (origin(s): command line)
 - '-H:NumberOfThreads' (alternative API option(s): --parallelism=4; origin(s): command line)
 - '-H:ProfileDataDumpFileName' (origin(s): command line)
------------------------------------------------------------------------------------------------------------------------
Build resources:
 - 26.00GB of memory (43.0% of 60.42GB system memory, determined at start)
 - 4 thread(s) (25.0% of 16 available processor(s), set via '--parallelism=4')
Warning: The interface org.graalvm.nativeimage.hosted.Feature is not available in the current platform, but used by com.oracle.svm.core.feature.InternalFeature. GraalVM before version 21.2 ignored such interfaces, but this was an oversight. The interface is filtered because the compatibility option -H:+PlatformInterfaceCompatibilityMode is used. This option will be removed in a future GraalVM version.
[2/8] Performing analysis...  [*****]                                                                    (5.7s @ 0.83GB)
    7,408 reachable types   (81.6% of    9,076 total)
   12,632 reachable fields  (51.3% of   24,611 total)
   38,057 reachable methods (54.3% of   70,140 total)
    2,586 types,   120 fields, and   561 methods registered for reflection
       58 types,    59 fields, and    52 methods registered for JNI access
        4 native libraries: dl, pthread, rt, z
[3/8] Building universe...                                                                               (1.2s @ 0.95GB)
[4/8] Parsing methods...      [*]                                                                        (0.7s @ 1.03GB)
[5/8] Inlining methods...     [**]                                                                       (1.9s @ 1.07GB)
[6/8] Compiling methods...    [***]                                                                      (6.4s @ 0.80GB)
[7/8] Laying out methods...   [*]                                                                        (1.4s @ 1.10GB)
[8/8] Creating image...       [*]                                                                        (1.3s @ 1.24GB)
  14.78MB (38.68%) for code area:    32,187 compilation units
  19.06MB (49.89%) for image heap:  213,832 objects and 169 resources
   4.37MB (11.44%) for other data
  38.21MB in total
------------------------------------------------------------------------------------------------------------------------
Top 10 origins of code area:                                Top 10 object types in image heap:
   5.16MB java.base                                            4.71MB byte[] for code metadata
   3.71MB java.xml                                             2.67MB byte[] for java.lang.String
   1.93MB xercesImpl.jar                                       1.91MB java.lang.String
   1.56MB xalan.jar                                            1.87MB java.lang.Class
   1.24MB svm.jar (Native Image)                             866.06kB byte[] for general heap data
 281.44kB serializer.jar                                     636.63kB com.oracle.svm.core.hub.DynamicHubCompanion
 236.63kB dacapo-23.11-MR2-chopin.jar                        558.37kB int[]
 144.04kB jdk.zipfs                                          547.55kB byte[] for reflection metadata
  82.51kB java.logging                                       514.44kB int[][]
  69.15kB jdk.charsets                                       458.02kB heap alignment
 170.29kB for 11 more packages                                 4.40MB for 1717 more object types
------------------------------------------------------------------------------------------------------------------------
Recommendations:
 HEAP: Set max heap for improved and more predictable memory usage.
 CPU:  Enable more CPU features with '-march=native' for improved performance.
Total skippable fingerprints recorded: 0
Total phases ran: 1818738, total phases skipped: 0
------------------------------------------------------------------------------------------------------------------------
                        1.2s (5.6% of total time) in 678 GCs | Peak RSS: 1.98GB | CPU load: 7.03
------------------------------------------------------------------------------------------------------------------------
Build artifacts:
 /data/dacapobench/xalan (executable)
========================================================================================================================
Finished generating 'xalan' in 20.9s.
